Archive member included to satisfy reference by file (symbol)

/opt/st/stm32cubeide_1.4.0/plugins/com.st.stm32cube.ide.mcu.externaltools.gnu-tools-for-stm32.7-2018-q2-update.linux64_1.4.0.202007081208/tools/bin/../lib/gcc/arm-none-eabi/7.3.1/../../../../arm-none-eabi/lib/thumb/v7e-m/fpv4-sp/hard/libc_nano.a(lib_a-errno.o)
                              Core/Src/syscalls.o (__errno)
/opt/st/stm32cubeide_1.4.0/plugins/com.st.stm32cube.ide.mcu.externaltools.gnu-tools-for-stm32.7-2018-q2-update.linux64_1.4.0.202007081208/tools/bin/../lib/gcc/arm-none-eabi/7.3.1/../../../../arm-none-eabi/lib/thumb/v7e-m/fpv4-sp/hard/libc_nano.a(lib_a-exit.o)
                              /opt/st/stm32cubeide_1.4.0/plugins/com.st.stm32cube.ide.mcu.externaltools.gnu-tools-for-stm32.7-2018-q2-update.linux64_1.4.0.202007081208/tools/bin/../lib/gcc/arm-none-eabi/7.3.1/../../../../arm-none-eabi/lib/thumb/v7e-m/fpv4-sp/hard/crt0.o (exit)
/opt/st/stm32cubeide_1.4.0/plugins/com.st.stm32cube.ide.mcu.externaltools.gnu-tools-for-stm32.7-2018-q2-update.linux64_1.4.0.202007081208/tools/bin/../lib/gcc/arm-none-eabi/7.3.1/../../../../arm-none-eabi/lib/thumb/v7e-m/fpv4-sp/hard/libc_nano.a(lib_a-impure.o)
                              /opt/st/stm32cubeide_1.4.0/plugins/com.st.stm32cube.ide.mcu.externaltools.gnu-tools-for-stm32.7-2018-q2-update.linux64_1.4.0.202007081208/tools/bin/../lib/gcc/arm-none-eabi/7.3.1/../../../../arm-none-eabi/lib/thumb/v7e-m/fpv4-sp/hard/libc_nano.a(lib_a-exit.o) (_global_impure_ptr)
/opt/st/stm32cubeide_1.4.0/plugins/com.st.stm32cube.ide.mcu.externaltools.gnu-tools-for-stm32.7-2018-q2-update.linux64_1.4.0.202007081208/tools/bin/../lib/gcc/arm-none-eabi/7.3.1/../../../../arm-none-eabi/lib/thumb/v7e-m/fpv4-sp/hard/libc_nano.a(lib_a-init.o)
                              /opt/st/stm32cubeide_1.4.0/plugins/com.st.stm32cube.ide.mcu.externaltools.gnu-tools-for-stm32.7-2018-q2-update.linux64_1.4.0.202007081208/tools/bin/../lib/gcc/arm-none-eabi/7.3.1/../../../../arm-none-eabi/lib/thumb/v7e-m/fpv4-sp/hard/crt0.o (__libc_init_array)
/opt/st/stm32cubeide_1.4.0/plugins/com.st.stm32cube.ide.mcu.externaltools.gnu-tools-for-stm32.7-2018-q2-update.linux64_1.4.0.202007081208/tools/bin/../lib/gcc/arm-none-eabi/7.3.1/../../../../arm-none-eabi/lib/thumb/v7e-m/fpv4-sp/hard/libc_nano.a(lib_a-memset.o)
                              /opt/st/stm32cubeide_1.4.0/plugins/com.st.stm32cube.ide.mcu.externaltools.gnu-tools-for-stm32.7-2018-q2-update.linux64_1.4.0.202007081208/tools/bin/../lib/gcc/arm-none-eabi/7.3.1/../../../../arm-none-eabi/lib/thumb/v7e-m/fpv4-sp/hard/crt0.o (memset)
/opt/st/stm32cubeide_1.4.0/plugins/com.st.stm32cube.ide.mcu.externaltools.gnu-tools-for-stm32.7-2018-q2-update.linux64_1.4.0.202007081208/tools/bin/../lib/gcc/arm-none-eabi/7.3.1/thumb/v7e-m/fpv4-sp/hard/libgcc.a(_aeabi_uldivmod.o)
                              Drivers/STM32F7xx_HAL_Driver/Src/stm32f7xx_hal_rcc.o (__aeabi_uldivmod)
/opt/st/stm32cubeide_1.4.0/plugins/com.st.stm32cube.ide.mcu.externaltools.gnu-tools-for-stm32.7-2018-q2-update.linux64_1.4.0.202007081208/tools/bin/../lib/gcc/arm-none-eabi/7.3.1/thumb/v7e-m/fpv4-sp/hard/libgcc.a(_udivmoddi4.o)
                              /opt/st/stm32cubeide_1.4.0/plugins/com.st.stm32cube.ide.mcu.externaltools.gnu-tools-for-stm32.7-2018-q2-update.linux64_1.4.0.202007081208/tools/bin/../lib/gcc/arm-none-eabi/7.3.1/thumb/v7e-m/fpv4-sp/hard/libgcc.a(_aeabi_uldivmod.o) (__udivmoddi4)
/opt/st/stm32cubeide_1.4.0/plugins/com.st.stm32cube.ide.mcu.externaltools.gnu-tools-for-stm32.7-2018-q2-update.linux64_1.4.0.202007081208/tools/bin/../lib/gcc/arm-none-eabi/7.3.1/thumb/v7e-m/fpv4-sp/hard/libgcc.a(_dvmd_tls.o)
                              /opt/st/stm32cubeide_1.4.0/plugins/com.st.stm32cube.ide.mcu.externaltools.gnu-tools-for-stm32.7-2018-q2-update.linux64_1.4.0.202007081208/tools/bin/../lib/gcc/arm-none-eabi/7.3.1/thumb/v7e-m/fpv4-sp/hard/libgcc.a(_aeabi_uldivmod.o) (__aeabi_ldiv0)

Allocating common symbols
Common symbol       size              file

sdramHandle         0x34              GUI files/stm32746g_discovery_sdram.o
hcrc                0x24              Core/Src/main.o
hLtdcHandler        0xa8              GUI files/stm32746g_discovery_lcd.o
uwTick              0x4               Drivers/STM32F7xx_HAL_Driver/Src/stm32f7xx_hal.o
pFlash              0x1c              Drivers/STM32F7xx_HAL_Driver/Src/stm32f7xx_hal_flash.o
hdma2d              0x40              Core/Src/main.o

Discarded input sections

 .text          0x0000000000000000        0x0 /opt/st/stm32cubeide_1.4.0/plugins/com.st.stm32cube.ide.mcu.externaltools.gnu-tools-for-stm32.7-2018-q2-update.linux64_1.4.0.202007081208/tools/bin/../lib/gcc/arm-none-eabi/7.3.1/thumb/v7e-m/fpv4-sp/hard/crti.o
 .data          0x0000000000000000        0x0 /opt/st/stm32cubeide_1.4.0/plugins/com.st.stm32cube.ide.mcu.externaltools.gnu-tools-for-stm32.7-2018-q2-update.linux64_1.4.0.202007081208/tools/bin/../lib/gcc/arm-none-eabi/7.3.1/thumb/v7e-m/fpv4-sp/hard/crti.o
[...]
Memory Configuration

Name             Origin             Length             Attributes
RAM              0x0000000020000000 0x0000000000050000 xrw
FLASH            0x0000000008000000 0x0000000000040000 xr
FLASH1           0x0000000008040000 0x00000000000c0000 xr
*default*        0x0000000000000000 0xffffffffffffffff

Linker script and memory map

LOAD /opt/st/stm32cubeide_1.4.0/plugins/com.st.stm32cube.ide.mcu.externaltools.gnu-tools-for-stm32.7-2018-q2-update.linux64_1.4.0.202007081208/tools/bin/../lib/gcc/arm-none-eabi/7.3.1/thumb/v7e-m/fpv4-sp/hard/crti.o
LOAD /opt/st/stm32cubeide_1.4.0/plugins/com.st.stm32cube.ide.mcu.externaltools.gnu-tools-for-stm32.7-2018-q2-update.linux64_1.4.0.202007081208/tools/bin/../lib/gcc/arm-none-eabi/7.3.1/thumb/v7e-m/fpv4-sp/hard/crtbegin.o
LOAD /opt/st/stm32cubeide_1.4.0/plugins/com.st.stm32cube.ide.mcu.externaltools.gnu-tools-for-stm32.7-2018-q2-update.linux64_1.4.0.202007081208/tools/bin/../lib/gcc/arm-none-eabi/7.3.1/../../../../arm-none-eabi/lib/thumb/v7e-m/fpv4-sp/hard/crt0.o
LOAD Core/Src/main.o
LOAD Core/Src/stm32f7xx_hal_ltdc.o
LOAD Core/Src/stm32f7xx_hal_ltdc_ex.o
LOAD Core/Src/stm32f7xx_hal_msp.o
LOAD Core/Src/stm32f7xx_hal_sdram.o
LOAD Core/Src/stm32f7xx_hal_uart.o
LOAD Core/Src/stm32f7xx_it.o
LOAD Core/Src/stm32f7xx_ll_fmc.o
LOAD Core/Src/syscalls.o
LOAD Core/Src/sysmem.o
LOAD Core/Src/system_stm32f7xx.o
LOAD Core/Startup/startup_stm32f746nghx.o
LOAD Drivers/STM32F7xx_HAL_Driver/Src/stm32f7xx_hal.o
LOAD Drivers/STM32F7xx_HAL_Driver/Src/stm32f7xx_hal_cortex.o
LOAD Drivers/STM32F7xx_HAL_Driver/Src/stm32f7xx_hal_crc.o
LOAD Drivers/STM32F7xx_HAL_Driver/Src/stm32f7xx_hal_crc_ex.o
LOAD Drivers/STM32F7xx_HAL_Driver/Src/stm32f7xx_hal_dma.o
LOAD Drivers/STM32F7xx_HAL_Driver/Src/stm32f7xx_hal_dma2d.o
LOAD Drivers/STM32F7xx_HAL_Driver/Src/stm32f7xx_hal_dma_ex.o
LOAD Drivers/STM32F7xx_HAL_Driver/Src/stm32f7xx_hal_exti.o
LOAD Drivers/STM32F7xx_HAL_Driver/Src/stm32f7xx_hal_flash.o
LOAD Drivers/STM32F7xx_HAL_Driver/Src/stm32f7xx_hal_flash_ex.o
LOAD Drivers/STM32F7xx_HAL_Driver/Src/stm32f7xx_hal_gpio.o
LOAD Drivers/STM32F7xx_HAL_Driver/Src/stm32f7xx_hal_i2c.o
LOAD Drivers/STM32F7xx_HAL_Driver/Src/stm32f7xx_hal_i2c_ex.o
LOAD Drivers/STM32F7xx_HAL_Driver/Src/stm32f7xx_hal_pwr.o
LOAD Drivers/STM32F7xx_HAL_Driver/Src/stm32f7xx_hal_pwr_ex.o
LOAD Drivers/STM32F7xx_HAL_Driver/Src/stm32f7xx_hal_rcc.o
LOAD Drivers/STM32F7xx_HAL_Driver/Src/stm32f7xx_hal_rcc_ex.o
LOAD Drivers/STM32F7xx_HAL_Driver/Src/stm32f7xx_hal_tim.o
LOAD Drivers/STM32F7xx_HAL_Driver/Src/stm32f7xx_hal_tim_ex.o
LOAD GUI files/font12.o
LOAD GUI files/font16.o
LOAD GUI files/font20.o
LOAD GUI files/font24.o
LOAD GUI files/font8.o
LOAD GUI files/ft5336.o
LOAD GUI files/stm32746g_discovery.o
LOAD GUI files/stm32746g_discovery_lcd.o
LOAD GUI files/stm32746g_discovery_sdram.o
LOAD GUI files/stm32746g_discovery_ts.o
START GROUP
LOAD /opt/st/stm32cubeide_1.4.0/plugins/com.st.stm32cube.ide.mcu.externaltools.gnu-tools-for-stm32.7-2018-q2-update.linux64_1.4.0.202007081208/tools/bin/../lib/gcc/arm-none-eabi/7.3.1/../../../../arm-none-eabi/lib/thumb/v7e-m/fpv4-sp/hard/libc_nano.a
LOAD /opt/st/stm32cubeide_1.4.0/plugins/com.st.stm32cube.ide.mcu.externaltools.gnu-tools-for-stm32.7-2018-q2-update.linux64_1.4.0.202007081208/tools/bin/../lib/gcc/arm-none-eabi/7.3.1/../../../../arm-none-eabi/lib/thumb/v7e-m/fpv4-sp/hard/libm.a
END GROUP
START GROUP
LOAD /opt/st/stm32cubeide_1.4.0/plugins/com.st.stm32cube.ide.mcu.externaltools.gnu-tools-for-stm32.7-2018-q2-update.linux64_1.4.0.202007081208/tools/bin/../lib/gcc/arm-none-eabi/7.3.1/thumb/v7e-m/fpv4-sp/hard/libgcc.a
LOAD /opt/st/stm32cubeide_1.4.0/plugins/com.st.stm32cube.ide.mcu.externaltools.gnu-tools-for-stm32.7-2018-q2-update.linux64_1.4.0.202007081208/tools/bin/../lib/gcc/arm-none-eabi/7.3.1/../../../../arm-none-eabi/lib/thumb/v7e-m/fpv4-sp/hard/libc_nano.a
END GROUP
START GROUP
LOAD /opt/st/stm32cubeide_1.4.0/plugins/com.st.stm32cube.ide.mcu.externaltools.gnu-tools-for-stm32.7-2018-q2-update.linux64_1.4.0.202007081208/tools/bin/../lib/gcc/arm-none-eabi/7.3.1/thumb/v7e-m/fpv4-sp/hard/libgcc.a
LOAD /opt/st/stm32cubeide_1.4.0/plugins/com.st.stm32cube.ide.mcu.externaltools.gnu-tools-for-stm32.7-2018-q2-update.linux64_1.4.0.202007081208/tools/bin/../lib/gcc/arm-none-eabi/7.3.1/../../../../arm-none-eabi/lib/thumb/v7e-m/fpv4-sp/hard/libc_nano.a
LOAD /opt/st/stm32cubeide_1.4.0/plugins/com.st.stm32cube.ide.mcu.externaltools.gnu-tools-for-stm32.7-2018-q2-update.linux64_1.4.0.202007081208/tools/bin/../lib/gcc/arm-none-eabi/7.3.1/../../../../arm-none-eabi/lib/thumb/v7e-m/fpv4-sp/hard/libnosys.a
END GROUP
START GROUP
LOAD /opt/st/stm32cubeide_1.4.0/plugins/com.st.stm32cube.ide.mcu.externaltools.gnu-tools-for-stm32.7-2018-q2-update.linux64_1.4.0.202007081208/tools/bin/../lib/gcc/arm-none-eabi/7.3.1/thumb/v7e-m/fpv4-sp/hard/libgcc.a
LOAD /opt/st/stm32cubeide_1.4.0/plugins/com.st.stm32cube.ide.mcu.externaltools.gnu-tools-for-stm32.7-2018-q2-update.linux64_1.4.0.202007081208/tools/bin/../lib/gcc/arm-none-eabi/7.3.1/../../../../arm-none-eabi/lib/thumb/v7e-m/fpv4-sp/hard/libc_nano.a
LOAD /opt/st/stm32cubeide_1.4.0/plugins/com.st.stm32cube.ide.mcu.externaltools.gnu-tools-for-stm32.7-2018-q2-update.linux64_1.4.0.202007081208/tools/bin/../lib/gcc/arm-none-eabi/7.3.1/../../../../arm-none-eabi/lib/thumb/v7e-m/fpv4-sp/hard/libnosys.a
END GROUP
LOAD /opt/st/stm32cubeide_1.4.0/plugins/com.st.stm32cube.ide.mcu.externaltools.gnu-tools-for-stm32.7-2018-q2-update.linux64_1.4.0.202007081208/tools/bin/../lib/gcc/arm-none-eabi/7.3.1/thumb/v7e-m/fpv4-sp/hard/crtend.o
LOAD /opt/st/stm32cubeide_1.4.0/plugins/com.st.stm32cube.ide.mcu.externaltools.gnu-tools-for-stm32.7-2018-q2-update.linux64_1.4.0.202007081208/tools/bin/../lib/gcc/arm-none-eabi/7.3.1/thumb/v7e-m/fpv4-sp/hard/crtn.o
                0x0000000020050000                _estack = (ORIGIN (RAM) + LENGTH (RAM))
                0x0000000000000200                _Min_Heap_Size = 0x200
                0x0000000000000400                _Min_Stack_Size = 0x400

.isr_vector     0x0000000008000000      0x1c8
                0x0000000008000000                . = ALIGN (0x4)
 *(.isr_vector)
 .isr_vector    0x0000000008000000      0x1c8 Core/Startup/startup_stm32f746nghx.o
                0x0000000008000000                g_pfnVectors
                0x00000000080001c8                . = ALIGN (0x4)

.text           0x00000000080001c8     0x5714
                0x00000000080001c8                . = ALIGN (0x4)
 *(.text)
 .text          0x00000000080001c8       0x40 /opt/st/stm32cubeide_1.4.0/plugins/com.st.stm32cube.ide.mcu.externaltools.gnu-tools-for-stm32.7-2018-q2-update.linux64_1.4.0.202007081208/tools/bin/../lib/gcc/arm-none-eabi/7.3.1/thumb/v7e-m/fpv4-sp/hard/crtbegin.o
 .text          0x0000000008000208       0x30 /opt/st/stm32cubeide_1.4.0/plugins/com.st.stm32cube.ide.mcu.externaltools.gnu-tools-for-stm32.7-2018-q2-update.linux64_1.4.0.202007081208/tools/bin/../lib/gcc/arm-none-eabi/7.3.1/thumb/v7e-m/fpv4-sp/hard/libgcc.a(_aeabi_uldivmod.o)
                0x0000000008000208                __aeabi_uldivmod
 .text          0x0000000008000238      0x2cc /opt/st/stm32cubeide_1.4.0/plugins/com.st.stm32cube.ide.mcu.externaltools.gnu-tools-for-stm32.7-2018-q2-update.linux64_1.4.0.202007081208/tools/bin/../lib/gcc/arm-none-eabi/7.3.1/thumb/v7e-m/fpv4-sp/hard/libgcc.a(_udivmoddi4.o)
                0x0000000008000238                __udivmoddi4
 .text          0x0000000008000504        0x4 /opt/st/stm32cubeide_1.4.0/plugins/com.st.stm32cube.ide.mcu.externaltools.gnu-tools-for-stm32.7-2018-q2-update.linux64_1.4.0.202007081208/tools/bin/../lib/gcc/arm-none-eabi/7.3.1/thumb/v7e-m/fpv4-sp/hard/libgcc.a(_dvmd_tls.o)
                0x0000000008000504                __aeabi_ldiv0
                0x0000000008000504                __aeabi_idiv0
 *(.text*)
 .text.__NVIC_SystemReset
                0x0000000008000508       0x28 Core/Src/main.o
 .text.SCB_EnableICache
                0x0000000008000530       0x40 Core/Src/main.o
 .text.SCB_EnableDCache
                0x0000000008000570       0x80 Core/Src/main.o
 .text.boot_to_app
                0x00000000080005f0       0x30 Core/Src/main.o
 .text.system_restart
                0x0000000008000620        0xa Core/Src/main.o
                0x0000000008000620                system_restart
 *fill*         0x000000000800062a        0x2 
 .text.main     0x000000000800062c       0xe8 Core/Src/main.o
                0x000000000800062c                main
 .text.SystemClock_Config
                0x0000000008000714       0xd8 Core/Src/main.o
                0x0000000008000714                SystemClock_Config
 .text.MX_CRC_Init
                0x00000000080007ec       0x44 Core/Src/main.o
 .text.MX_DMA2D_Init
                0x0000000008000830       0x64 Core/Src/main.o
 .text.MX_GPIO_Init
                0x0000000008000894       0x7c Core/Src/main.o
 .text.Error_Handler
                0x0000000008000910        0xe Core/Src/main.o
                0x0000000008000910                Error_Handler
 *fill*         0x000000000800091e        0x2 
 .text.HAL_LTDC_Init
                0x0000000008000920      0x1b8 Core/Src/stm32f7xx_hal_ltdc.o
                0x0000000008000920                HAL_LTDC_Init
 .text.HAL_LTDC_MspInit
                0x0000000008000ad8       0x14 Core/Src/stm32f7xx_hal_ltdc.o
                0x0000000008000ad8                HAL_LTDC_MspInit
 .text.HAL_LTDC_IRQHandler
                0x0000000008000aec      0x158 Core/Src/stm32f7xx_hal_ltdc.o
                0x0000000008000aec                HAL_LTDC_IRQHandler
 .text.HAL_LTDC_ErrorCallback
                0x0000000008000c44       0x14 Core/Src/stm32f7xx_hal_ltdc.o
                0x0000000008000c44                HAL_LTDC_ErrorCallback
 .text.HAL_LTDC_LineEventCallback
                0x0000000008000c58       0x14 Core/Src/stm32f7xx_hal_ltdc.o
                0x0000000008000c58                HAL_LTDC_LineEventCallback
 .text.HAL_LTDC_ReloadEventCallback
                0x0000000008000c6c       0x14 Core/Src/stm32f7xx_hal_ltdc.o
                0x0000000008000c6c                HAL_LTDC_ReloadEventCallback
 .text.HAL_LTDC_ConfigLayer
                0x0000000008000c80       0x7c Core/Src/stm32f7xx_hal_ltdc.o
                0x0000000008000c80                HAL_LTDC_ConfigLayer
 .text.HAL_LTDC_GetState
                0x0000000008000cfc       0x1c Core/Src/stm32f7xx_hal_ltdc.o
                0x0000000008000cfc                HAL_LTDC_GetState
 .text.LTDC_SetConfig
                0x0000000008000d18      0x340 Core/Src/stm32f7xx_hal_ltdc.o
 .text.HAL_MspInit
                0x0000000008001058       0x48 Core/Src/stm32f7xx_hal_msp.o
                0x0000000008001058                HAL_MspInit
 .text.HAL_CRC_MspInit
                0x00000000080010a0       0x40 Core/Src/stm32f7xx_hal_msp.o
                0x00000000080010a0                HAL_CRC_MspInit
 .text.HAL_DMA2D_MspInit
                0x00000000080010e0       0x40 Core/Src/stm32f7xx_hal_msp.o
                0x00000000080010e0                HAL_DMA2D_MspInit
 .text.HAL_SDRAM_Init
                0x0000000008001120       0x68 Core/Src/stm32f7xx_hal_sdram.o
                0x0000000008001120                HAL_SDRAM_Init
 .text.HAL_SDRAM_MspInit
                0x0000000008001188       0x14 Core/Src/stm32f7xx_hal_sdram.o
                0x0000000008001188                HAL_SDRAM_MspInit
 .text.HAL_SDRAM_SendCommand
                0x000000000800119c       0x56 Core/Src/stm32f7xx_hal_sdram.o
                0x000000000800119c                HAL_SDRAM_SendCommand
 .text.HAL_SDRAM_ProgramRefreshRate
                0x00000000080011f2       0x40 Core/Src/stm32f7xx_hal_sdram.o
                0x00000000080011f2                HAL_SDRAM_ProgramRefreshRate
 *fill*         0x0000000008001232        0x2 
 .text.LTDC_IRQHandler
                0x0000000008001234       0x14 Core/Src/stm32f7xx_it.o
                0x0000000008001234                LTDC_IRQHandler
 .text.NMI_Handler
                0x0000000008001248        0xe Core/Src/stm32f7xx_it.o
                0x0000000008001248                NMI_Handler
 .text.HardFault_Handler
                0x0000000008001256        0x6 Core/Src/stm32f7xx_it.o
                0x0000000008001256                HardFault_Handler
 .text.MemManage_Handler
                0x000000000800125c        0x6 Core/Src/stm32f7xx_it.o
                0x000000000800125c                MemManage_Handler
 .text.BusFault_Handler
                0x0000000008001262        0x6 Core/Src/stm32f7xx_it.o
                0x0000000008001262                BusFault_Handler
 .text.UsageFault_Handler
                0x0000000008001268        0x6 Core/Src/stm32f7xx_it.o
                0x0000000008001268                UsageFault_Handler
 .text.SVC_Handler
                0x000000000800126e        0xe Core/Src/stm32f7xx_it.o
                0x000000000800126e                SVC_Handler
 .text.DebugMon_Handler
                0x000000000800127c        0xe Core/Src/stm32f7xx_it.o
                0x000000000800127c                DebugMon_Handler
 .text.PendSV_Handler
                0x000000000800128a        0xe Core/Src/stm32f7xx_it.o
                0x000000000800128a                PendSV_Handler
 .text.SysTick_Handler
                0x0000000008001298        0xc Core/Src/stm32f7xx_it.o
                0x0000000008001298                SysTick_Handler
 .text.FMC_SDRAM_Init
                0x00000000080012a4       0xe4 Core/Src/stm32f7xx_ll_fmc.o
                0x00000000080012a4                FMC_SDRAM_Init
 .text.FMC_SDRAM_Timing_Init
                0x0000000008001388      0x100 Core/Src/stm32f7xx_ll_fmc.o
                0x0000000008001388                FMC_SDRAM_Timing_Init
 .text.FMC_SDRAM_SendCommand
                0x0000000008001488       0x42 Core/Src/stm32f7xx_ll_fmc.o
                0x0000000008001488                FMC_SDRAM_SendCommand
 .text.FMC_SDRAM_ProgramRefreshRate
                0x00000000080014ca       0x26 Core/Src/stm32f7xx_ll_fmc.o
                0x00000000080014ca                FMC_SDRAM_ProgramRefreshRate
 .text.SystemInit
                0x00000000080014f0       0x2c Core/Src/system_stm32f7xx.o
                0x00000000080014f0                SystemInit
 .text.Reset_Handler
                0x000000000800151c       0x50 Core/Startup/startup_stm32f746nghx.o
                0x000000000800151c                Reset_Handler
 .text.Default_Handler
                0x000000000800156c        0x2 Core/Startup/startup_stm32f746nghx.o
                0x000000000800156c                RTC_Alarm_IRQHandler
                0x000000000800156c                EXTI2_IRQHandler
                0x000000000800156c                TIM8_CC_IRQHandler
                0x000000000800156c                UART8_IRQHandler
                0x000000000800156c                SPI4_IRQHandler
                0x000000000800156c                TIM1_CC_IRQHandler
                0x000000000800156c                DMA2_Stream5_IRQHandler
                0x000000000800156c                DMA1_Stream5_IRQHandler
                0x000000000800156c                PVD_IRQHandler
                0x000000000800156c                TAMP_STAMP_IRQHandler
                0x000000000800156c                CAN2_RX1_IRQHandler
                0x000000000800156c                EXTI3_IRQHandler
                0x000000000800156c                TIM8_TRG_COM_TIM14_IRQHandler
                0x000000000800156c                TIM1_UP_TIM10_IRQHandler
                0x000000000800156c                TIM8_UP_TIM13_IRQHandler
                0x000000000800156c                I2C3_ER_IRQHandler
                0x000000000800156c                EXTI0_IRQHandler
                0x000000000800156c                I2C2_EV_IRQHandler
                0x000000000800156c                DMA1_Stream2_IRQHandler
                0x000000000800156c                CAN1_RX0_IRQHandler
                0x000000000800156c                FPU_IRQHandler
                0x000000000800156c                OTG_HS_WKUP_IRQHandler
                0x000000000800156c                LTDC_ER_IRQHandler
                0x000000000800156c                CAN2_SCE_IRQHandler
                0x000000000800156c                DMA2_Stream2_IRQHandler
                0x000000000800156c                SPI1_IRQHandler
                0x000000000800156c                TIM6_DAC_IRQHandler
                0x000000000800156c                TIM1_BRK_TIM9_IRQHandler
                0x000000000800156c                DCMI_IRQHandler
                0x000000000800156c                CAN2_RX0_IRQHandler
                0x000000000800156c                DMA2_Stream3_IRQHandler
                0x000000000800156c                SAI2_IRQHandler
                0x000000000800156c                USART6_IRQHandler
                0x000000000800156c                USART3_IRQHandler
                0x000000000800156c                CAN1_RX1_IRQHandler
                0x000000000800156c                UART5_IRQHandler
                0x000000000800156c                DMA2_Stream0_IRQHandler
                0x000000000800156c                TIM4_IRQHandler
                0x000000000800156c                QUADSPI_IRQHandler
                0x000000000800156c                I2C1_EV_IRQHandler
                0x000000000800156c                DMA1_Stream6_IRQHandler
                0x000000000800156c                DMA1_Stream1_IRQHandler
                0x000000000800156c                UART4_IRQHandler
                0x000000000800156c                TIM3_IRQHandler
                0x000000000800156c                RCC_IRQHandler
                0x000000000800156c                TIM8_BRK_TIM12_IRQHandler
                0x000000000800156c                Default_Handler
                0x000000000800156c                CEC_IRQHandler
                0x000000000800156c                EXTI15_10_IRQHandler
                0x000000000800156c                ADC_IRQHandler
                0x000000000800156c                DMA1_Stream7_IRQHandler
                0x000000000800156c                SPI5_IRQHandler
                0x000000000800156c                TIM7_IRQHandler
                0x000000000800156c                SDMMC1_IRQHandler
                0x000000000800156c                CAN2_TX_IRQHandler
                0x000000000800156c                TIM5_IRQHandler
                0x000000000800156c                DMA2_Stream7_IRQHandler
                0x000000000800156c                I2C3_EV_IRQHandler
                0x000000000800156c                EXTI9_5_IRQHandler
                0x000000000800156c                RTC_WKUP_IRQHandler
                0x000000000800156c                ETH_WKUP_IRQHandler
                0x000000000800156c                SPDIF_RX_IRQHandler
                0x000000000800156c                SPI2_IRQHandler
                0x000000000800156c                OTG_HS_EP1_IN_IRQHandler
                0x000000000800156c                DMA1_Stream0_IRQHandler
                0x000000000800156c                CAN1_TX_IRQHandler
                0x000000000800156c                EXTI4_IRQHandler
                0x000000000800156c                RNG_IRQHandler
                0x000000000800156c                ETH_IRQHandler
                0x000000000800156c                OTG_HS_EP1_OUT_IRQHandler
                0x000000000800156c                WWDG_IRQHandler
                0x000000000800156c                SPI6_IRQHandler
                0x000000000800156c                I2C4_EV_IRQHandler
                0x000000000800156c                TIM2_IRQHandler
                0x000000000800156c                OTG_FS_WKUP_IRQHandler
                0x000000000800156c                TIM1_TRG_COM_TIM11_IRQHandler
                0x000000000800156c                OTG_HS_IRQHandler
                0x000000000800156c                DMA2D_IRQHandler
                0x000000000800156c                EXTI1_IRQHandler
                0x000000000800156c                UART7_IRQHandler
                0x000000000800156c                USART2_IRQHandler
                0x000000000800156c                I2C2_ER_IRQHandler
                0x000000000800156c                DMA2_Stream1_IRQHandler
                0x000000000800156c                CAN1_SCE_IRQHandler
                0x000000000800156c                FLASH_IRQHandler
                0x000000000800156c                DMA2_Stream4_IRQHandler
                0x000000000800156c                USART1_IRQHandler
                0x000000000800156c                OTG_FS_IRQHandler
                0x000000000800156c                SPI3_IRQHandler
                0x000000000800156c                DMA1_Stream4_IRQHandler
                0x000000000800156c                I2C1_ER_IRQHandler
                0x000000000800156c                FMC_IRQHandler
                0x000000000800156c                LPTIM1_IRQHandler
                0x000000000800156c                I2C4_ER_IRQHandler
                0x000000000800156c                DMA2_Stream6_IRQHandler
                0x000000000800156c                SAI1_IRQHandler
                0x000000000800156c                DMA1_Stream3_IRQHandler
 .text.HAL_Init
                0x000000000800156e       0x1a Drivers/STM32F7xx_HAL_Driver/Src/stm32f7xx_hal.o
                0x000000000800156e                HAL_Init
 .text.HAL_InitTick
                0x0000000008001588       0x60 Drivers/STM32F7xx_HAL_Driver/Src/stm32f7xx_hal.o
                0x0000000008001588                HAL_InitTick
 .text.HAL_IncTick
                0x00000000080015e8       0x28 Drivers/STM32F7xx_HAL_Driver/Src/stm32f7xx_hal.o
                0x00000000080015e8                HAL_IncTick
 .text.HAL_GetTick
                0x0000000008001610       0x18 Drivers/STM32F7xx_HAL_Driver/Src/stm32f7xx_hal.o
                0x0000000008001610                HAL_GetTick
 .text.HAL_Delay
                0x0000000008001628       0x44 Drivers/STM32F7xx_HAL_Driver/Src/stm32f7xx_hal.o
                0x0000000008001628                HAL_Delay
 .text.__NVIC_SetPriorityGrouping
                0x000000000800166c       0x48 Drivers/STM32F7xx_HAL_Driver/Src/stm32f7xx_hal_cortex.o
 .text.__NVIC_GetPriorityGrouping
                0x00000000080016b4       0x1c Drivers/STM32F7xx_HAL_Driver/Src/stm32f7xx_hal_cortex.o
 .text.__NVIC_EnableIRQ
                0x00000000080016d0       0x3c Drivers/STM32F7xx_HAL_Driver/Src/stm32f7xx_hal_cortex.o
 .text.__NVIC_SetPriority
                0x000000000800170c       0x54 Drivers/STM32F7xx_HAL_Driver/Src/stm32f7xx_hal_cortex.o
 .text.NVIC_EncodePriority
                0x0000000008001760       0x66 Drivers/STM32F7xx_HAL_Driver/Src/stm32f7xx_hal_cortex.o
 *fill*         0x00000000080017c6        0x2 
 .text.SysTick_Config
                0x00000000080017c8       0x44 Drivers/STM32F7xx_HAL_Driver/Src/stm32f7xx_hal_cortex.o
 .text.HAL_NVIC_SetPriorityGrouping
                0x000000000800180c       0x16 Drivers/STM32F7xx_HAL_Driver/Src/stm32f7xx_hal_cortex.o
                0x000000000800180c                HAL_NVIC_SetPriorityGrouping
 .text.HAL_NVIC_SetPriority
                0x0000000008001822       0x38 Drivers/STM32F7xx_HAL_Driver/Src/stm32f7xx_hal_cortex.o
                0x0000000008001822                HAL_NVIC_SetPriority
 .text.HAL_NVIC_EnableIRQ
                0x000000000800185a       0x1c Drivers/STM32F7xx_HAL_Driver/Src/stm32f7xx_hal_cortex.o
                0x000000000800185a                HAL_NVIC_EnableIRQ
 .text.HAL_SYSTICK_Config
                0x0000000008001876       0x18 Drivers/STM32F7xx_HAL_Driver/Src/stm32f7xx_hal_cortex.o
                0x0000000008001876                HAL_SYSTICK_Config
 *fill*         0x000000000800188e        0x2 
 .text.HAL_CRC_Init
                0x0000000008001890       0xc8 Drivers/STM32F7xx_HAL_Driver/Src/stm32f7xx_hal_crc.o
                0x0000000008001890                HAL_CRC_Init
 .text.HAL_CRCEx_Polynomial_Set
                0x0000000008001958      0x10c Drivers/STM32F7xx_HAL_Driver/Src/stm32f7xx_hal_crc_ex.o
                0x0000000008001958                HAL_CRCEx_Polynomial_Set
 .text.HAL_DMA_Init
                0x0000000008001a64      0x15c Drivers/STM32F7xx_HAL_Driver/Src/stm32f7xx_hal_dma.o
                0x0000000008001a64                HAL_DMA_Init
 .text.HAL_DMA_DeInit
                0x0000000008001bc0       0xbc Drivers/STM32F7xx_HAL_Driver/Src/stm32f7xx_hal_dma.o
                0x0000000008001bc0                HAL_DMA_DeInit
 .text.DMA_CalcBaseAndBitshift
                0x0000000008001c7c       0x6c Drivers/STM32F7xx_HAL_Driver/Src/stm32f7xx_hal_dma.o
 .text.DMA_CheckFifoParam
                0x0000000008001ce8       0xf4 Drivers/STM32F7xx_HAL_Driver/Src/stm32f7xx_hal_dma.o
 .text.HAL_DMA2D_Init
                0x0000000008001ddc       0x94 Drivers/STM32F7xx_HAL_Driver/Src/stm32f7xx_hal_dma2d.o
                0x0000000008001ddc                HAL_DMA2D_Init
 .text.HAL_DMA2D_Start
                0x0000000008001e70       0x56 Drivers/STM32F7xx_HAL_Driver/Src/stm32f7xx_hal_dma2d.o
                0x0000000008001e70                HAL_DMA2D_Start
 .text.HAL_DMA2D_PollForTransfer
                0x0000000008001ec6      0x1d2 Drivers/STM32F7xx_HAL_Driver/Src/stm32f7xx_hal_dma2d.o
                0x0000000008001ec6                HAL_DMA2D_PollForTransfer
 .text.HAL_DMA2D_ConfigLayer
                0x0000000008002098      0x124 Drivers/STM32F7xx_HAL_Driver/Src/stm32f7xx_hal_dma2d.o
                0x0000000008002098                HAL_DMA2D_ConfigLayer
 .text.DMA2D_SetConfig
                0x00000000080021bc      0x138 Drivers/STM32F7xx_HAL_Driver/Src/stm32f7xx_hal_dma2d.o
 .text.HAL_GPIO_Init
                0x00000000080022f4      0x354 Drivers/STM32F7xx_HAL_Driver/Src/stm32f7xx_hal_gpio.o
                0x00000000080022f4                HAL_GPIO_Init
 .text.HAL_GPIO_WritePin
                0x0000000008002648       0x32 Drivers/STM32F7xx_HAL_Driver/Src/stm32f7xx_hal_gpio.o
                0x0000000008002648                HAL_GPIO_WritePin
 *fill*         0x000000000800267a        0x2 
 .text.HAL_I2C_Init
                0x000000000800267c      0x120 Drivers/STM32F7xx_HAL_Driver/Src/stm32f7xx_hal_i2c.o
                0x000000000800267c                HAL_I2C_Init
 .text.HAL_I2C_DeInit
                0x000000000800279c       0x5e Drivers/STM32F7xx_HAL_Driver/Src/stm32f7xx_hal_i2c.o
                0x000000000800279c                HAL_I2C_DeInit
 .text.HAL_I2C_MspInit
                0x00000000080027fa       0x14 Drivers/STM32F7xx_HAL_Driver/Src/stm32f7xx_hal_i2c.o
                0x00000000080027fa                HAL_I2C_MspInit
 .text.HAL_I2C_MspDeInit
                0x000000000800280e       0x14 Drivers/STM32F7xx_HAL_Driver/Src/stm32f7xx_hal_i2c.o
                0x000000000800280e                HAL_I2C_MspDeInit
 *fill*         0x0000000008002822        0x2 
 .text.HAL_I2C_Mem_Write
                0x0000000008002824      0x228 Drivers/STM32F7xx_HAL_Driver/Src/stm32f7xx_hal_i2c.o
                0x0000000008002824                HAL_I2C_Mem_Write
 .text.HAL_I2C_Mem_Read
                0x0000000008002a4c      0x234 Drivers/STM32F7xx_HAL_Driver/Src/stm32f7xx_hal_i2c.o
                0x0000000008002a4c                HAL_I2C_Mem_Read
 .text.HAL_I2C_GetState
                0x0000000008002c80       0x1c Drivers/STM32F7xx_HAL_Driver/Src/stm32f7xx_hal_i2c.o
                0x0000000008002c80                HAL_I2C_GetState
 .text.I2C_RequestMemoryWrite
                0x0000000008002c9c       0xa8 Drivers/STM32F7xx_HAL_Driver/Src/stm32f7xx_hal_i2c.o
 .text.I2C_RequestMemoryRead
                0x0000000008002d44       0xa8 Drivers/STM32F7xx_HAL_Driver/Src/stm32f7xx_hal_i2c.o
 .text.I2C_Flush_TXDR
                0x0000000008002dec       0x48 Drivers/STM32F7xx_HAL_Driver/Src/stm32f7xx_hal_i2c.o
 .text.I2C_WaitOnFlagUntilTimeout
                0x0000000008002e34       0x80 Drivers/STM32F7xx_HAL_Driver/Src/stm32f7xx_hal_i2c.o
 .text.I2C_WaitOnTXISFlagUntilTimeout
                0x0000000008002eb4       0x80 Drivers/STM32F7xx_HAL_Driver/Src/stm32f7xx_hal_i2c.o
 .text.I2C_WaitOnSTOPFlagUntilTimeout
                0x0000000008002f34       0x78 Drivers/STM32F7xx_HAL_Driver/Src/stm32f7xx_hal_i2c.o
 .text.I2C_IsAcknowledgeFailed
                0x0000000008002fac       0xcc Drivers/STM32F7xx_HAL_Driver/Src/stm32f7xx_hal_i2c.o
 .text.I2C_TransferConfig
                0x0000000008003078       0x5c Drivers/STM32F7xx_HAL_Driver/Src/stm32f7xx_hal_i2c.o
 .text.HAL_PWREx_EnableOverDrive
                0x00000000080030d4       0xa0 Drivers/STM32F7xx_HAL_Driver/Src/stm32f7xx_hal_pwr_ex.o
                0x00000000080030d4                HAL_PWREx_EnableOverDrive
 .text.HAL_RCC_OscConfig
                0x0000000008003174      0x548 Drivers/STM32F7xx_HAL_Driver/Src/stm32f7xx_hal_rcc.o
                0x0000000008003174                HAL_RCC_OscConfig
 .text.HAL_RCC_ClockConfig
                0x00000000080036bc      0x1d8 Drivers/STM32F7xx_HAL_Driver/Src/stm32f7xx_hal_rcc.o
                0x00000000080036bc                HAL_RCC_ClockConfig
 .text.HAL_RCC_GetSysClockFreq
                0x0000000008003894      0x164 Drivers/STM32F7xx_HAL_Driver/Src/stm32f7xx_hal_rcc.o
                0x0000000008003894                HAL_RCC_GetSysClockFreq
 .text.HAL_RCCEx_PeriphCLKConfig
                0x00000000080039f8      0x7dc Drivers/STM32F7xx_HAL_Driver/Src/stm32f7xx_hal_rcc_ex.o
                0x00000000080039f8                HAL_RCCEx_PeriphCLKConfig
 .text.ft5336_Init
                0x00000000080041d4       0x1c GUI files/ft5336.o
                0x00000000080041d4                ft5336_Init
 .text.ft5336_Reset
                0x00000000080041f0       0x16 GUI files/ft5336.o
                0x00000000080041f0                ft5336_Reset
 .text.ft5336_ReadID
                0x0000000008004206       0x5c GUI files/ft5336.o
                0x0000000008004206                ft5336_ReadID
 .text.ft5336_TS_Start
                0x0000000008004262       0x22 GUI files/ft5336.o
                0x0000000008004262                ft5336_TS_Start
 .text.ft5336_TS_DetectTouch
                0x0000000008004284       0x54 GUI files/ft5336.o
                0x0000000008004284                ft5336_TS_DetectTouch
 .text.ft5336_TS_GetXY
                0x00000000080042d8      0x1e0 GUI files/ft5336.o
                0x00000000080042d8                ft5336_TS_GetXY
 .text.ft5336_TS_EnableIT
                0x00000000080044b8       0x28 GUI files/ft5336.o
                0x00000000080044b8                ft5336_TS_EnableIT
 .text.ft5336_TS_DisableIT
                0x00000000080044e0       0x28 GUI files/ft5336.o
                0x00000000080044e0                ft5336_TS_DisableIT
 .text.ft5336_TS_ITStatus
                0x0000000008004508       0x18 GUI files/ft5336.o
                0x0000000008004508                ft5336_TS_ITStatus
 .text.ft5336_TS_ClearIT
                0x0000000008004520       0x16 GUI files/ft5336.o
                0x0000000008004520                ft5336_TS_ClearIT
 *fill*         0x0000000008004536        0x2 
 .text.ft5336_Get_I2C_InitializedStatus
                0x0000000008004538       0x18 GUI files/ft5336.o
 .text.ft5336_I2C_InitializeIfRequired
                0x0000000008004550       0x20 GUI files/ft5336.o
 .text.ft5336_TS_Configure
                0x0000000008004570       0x1c GUI files/ft5336.o
 .text.I2Cx_MspInit
                0x000000000800458c      0x160 GUI files/stm32746g_discovery.o
 .text.I2Cx_Init
                0x00000000080046ec       0x78 GUI files/stm32746g_discovery.o
 .text.I2Cx_ReadMultiple
                0x0000000008004764       0x5a GUI files/stm32746g_discovery.o
 .text.I2Cx_WriteMultiple
                0x00000000080047be       0x5a GUI files/stm32746g_discovery.o
 .text.I2Cx_Error
                0x0000000008004818       0x20 GUI files/stm32746g_discovery.o
 .text.TS_IO_Init
                0x0000000008004838       0x14 GUI files/stm32746g_discovery.o
                0x0000000008004838                TS_IO_Init
 .text.TS_IO_Write
                0x000000000800484c       0x34 GUI files/stm32746g_discovery.o
                0x000000000800484c                TS_IO_Write
 .text.TS_IO_Read
                0x0000000008004880       0x3c GUI files/stm32746g_discovery.o
                0x0000000008004880                TS_IO_Read
 .text.TS_IO_Delay
                0x00000000080048bc       0x16 GUI files/stm32746g_discovery.o
                0x00000000080048bc                TS_IO_Delay
 *fill*         0x00000000080048d2        0x2 
 .text.BSP_LCD_Init
                0x00000000080048d4       0xe0 GUI files/stm32746g_discovery_lcd.o
                0x00000000080048d4                BSP_LCD_Init
 .text.BSP_LCD_GetXSize
                0x00000000080049b4       0x28 GUI files/stm32746g_discovery_lcd.o
                0x00000000080049b4                BSP_LCD_GetXSize
 .text.BSP_LCD_GetYSize
                0x00000000080049dc       0x28 GUI files/stm32746g_discovery_lcd.o
                0x00000000080049dc                BSP_LCD_GetYSize
 .text.BSP_LCD_LayerDefaultInit
                0x0000000008004a04       0xc0 GUI files/stm32746g_discovery_lcd.o
                0x0000000008004a04                BSP_LCD_LayerDefaultInit
 .text.BSP_LCD_SelectLayer
                0x0000000008004ac4       0x20 GUI files/stm32746g_discovery_lcd.o
                0x0000000008004ac4                BSP_LCD_SelectLayer
 .text.BSP_LCD_SetTextColor
                0x0000000008004ae4       0x30 GUI files/stm32746g_discovery_lcd.o
                0x0000000008004ae4                BSP_LCD_SetTextColor
 .text.BSP_LCD_SetBackColor
                0x0000000008004b14       0x34 GUI files/stm32746g_discovery_lcd.o
                0x0000000008004b14                BSP_LCD_SetBackColor
 .text.BSP_LCD_SetFont
                0x0000000008004b48       0x34 GUI files/stm32746g_discovery_lcd.o
                0x0000000008004b48                BSP_LCD_SetFont
 .text.BSP_LCD_Clear
                0x0000000008004b7c       0x50 GUI files/stm32746g_discovery_lcd.o
                0x0000000008004b7c                BSP_LCD_Clear
 .text.BSP_LCD_DisplayChar
                0x0000000008004bcc       0x88 GUI files/stm32746g_discovery_lcd.o
                0x0000000008004bcc                BSP_LCD_DisplayChar
 .text.BSP_LCD_DisplayStringAt
                0x0000000008004c54      0x188 GUI files/stm32746g_discovery_lcd.o
                0x0000000008004c54                BSP_LCD_DisplayStringAt
 .text.BSP_LCD_DrawHLine
                0x0000000008004ddc       0xbc GUI files/stm32746g_discovery_lcd.o
                0x0000000008004ddc                BSP_LCD_DrawHLine
 .text.BSP_LCD_DrawVLine
                0x0000000008004e98       0xc4 GUI files/stm32746g_discovery_lcd.o
                0x0000000008004e98                BSP_LCD_DrawVLine
 .text.BSP_LCD_DrawRect
                0x0000000008004f5c       0x62 GUI files/stm32746g_discovery_lcd.o
                0x0000000008004f5c                BSP_LCD_DrawRect
 *fill*         0x0000000008004fbe        0x2 
 .text.BSP_LCD_DrawPixel
                0x0000000008004fc0       0x90 GUI files/stm32746g_discovery_lcd.o
                0x0000000008004fc0                BSP_LCD_DrawPixel
 .text.BSP_LCD_DisplayOn
                0x0000000008005050       0x3c GUI files/stm32746g_discovery_lcd.o
                0x0000000008005050                BSP_LCD_DisplayOn
 .text.BSP_LCD_MspInit
                0x000000000800508c      0x1b4 GUI files/stm32746g_discovery_lcd.o
                0x000000000800508c                BSP_LCD_MspInit
 .text.BSP_LCD_ClockConfig
                0x0000000008005240       0x38 GUI files/stm32746g_discovery_lcd.o
                0x0000000008005240                BSP_LCD_ClockConfig
 .text.DrawChar
                0x0000000008005278      0x170 GUI files/stm32746g_discovery_lcd.o
 .text.LL_FillBuffer
                0x00000000080053e8       0x98 GUI files/stm32746g_discovery_lcd.o
 .text.BSP_SDRAM_Init
                0x0000000008005480       0xbc GUI files/stm32746g_discovery_sdram.o
                0x0000000008005480                BSP_SDRAM_Init
 .text.BSP_SDRAM_Initialization_sequence
                0x000000000800553c       0xc0 GUI files/stm32746g_discovery_sdram.o
                0x000000000800553c                BSP_SDRAM_Initialization_sequence
 .text.BSP_SDRAM_MspInit
                0x00000000080055fc      0x1f0 GUI files/stm32746g_discovery_sdram.o
                0x00000000080055fc                BSP_SDRAM_MspInit
 .text.BSP_TS_Init
                0x00000000080057ec       0x80 GUI files/stm32746g_discovery_ts.o
                0x00000000080057ec                BSP_TS_Init
 .text.__libc_init_array
                0x000000000800586c       0x48 /opt/st/stm32cubeide_1.4.0/plugins/com.st.stm32cube.ide.mcu.externaltools.gnu-tools-for-stm32.7-2018-q2-update.linux64_1.4.0.202007081208/tools/bin/../lib/gcc/arm-none-eabi/7.3.1/../../../../arm-none-eabi/lib/thumb/v7e-m/fpv4-sp/hard/libc_nano.a(lib_a-init.o)
                0x000000000800586c                __libc_init_array
 .text.memset   0x00000000080058b4       0x10 /opt/st/stm32cubeide_1.4.0/plugins/com.st.stm32cube.ide.mcu.externaltools.gnu-tools-for-stm32.7-2018-q2-update.linux64_1.4.0.202007081208/tools/bin/../lib/gcc/arm-none-eabi/7.3.1/../../../../arm-none-eabi/lib/thumb/v7e-m/fpv4-sp/hard/libc_nano.a(lib_a-memset.o)
                0x00000000080058b4                memset
 *(.glue_7)
 .glue_7        0x00000000080058c4        0x0 linker stubs
 *(.glue_7t)
 .glue_7t       0x00000000080058c4        0x0 linker stubs
 *(.eh_frame)
 .eh_frame      0x00000000080058c4        0x0 /opt/st/stm32cubeide_1.4.0/plugins/com.st.stm32cube.ide.mcu.externaltools.gnu-tools-for-stm32.7-2018-q2-update.linux64_1.4.0.202007081208/tools/bin/../lib/gcc/arm-none-eabi/7.3.1/thumb/v7e-m/fpv4-sp/hard/crtbegin.o
 *(.init)
 .init          0x00000000080058c4        0x4 /opt/st/stm32cubeide_1.4.0/plugins/com.st.stm32cube.ide.mcu.externaltools.gnu-tools-for-stm32.7-2018-q2-update.linux64_1.4.0.202007081208/tools/bin/../lib/gcc/arm-none-eabi/7.3.1/thumb/v7e-m/fpv4-sp/hard/crti.o
                0x00000000080058c4                _init
 .init          0x00000000080058c8        0x8 /opt/st/stm32cubeide_1.4.0/plugins/com.st.stm32cube.ide.mcu.externaltools.gnu-tools-for-stm32.7-2018-q2-update.linux64_1.4.0.202007081208/tools/bin/../lib/gcc/arm-none-eabi/7.3.1/thumb/v7e-m/fpv4-sp/hard/crtn.o
 *(.fini)
 .fini          0x00000000080058d0        0x4 /opt/st/stm32cubeide_1.4.0/plugins/com.st.stm32cube.ide.mcu.externaltools.gnu-tools-for-stm32.7-2018-q2-update.linux64_1.4.0.202007081208/tools/bin/../lib/gcc/arm-none-eabi/7.3.1/thumb/v7e-m/fpv4-sp/hard/crti.o
                0x00000000080058d0                _fini
 .fini          0x00000000080058d4        0x8 /opt/st/stm32cubeide_1.4.0/plugins/com.st.stm32cube.ide.mcu.externaltools.gnu-tools-for-stm32.7-2018-q2-update.linux64_1.4.0.202007081208/tools/bin/../lib/gcc/arm-none-eabi/7.3.1/thumb/v7e-m/fpv4-sp/hard/crtn.o
                0x00000000080058dc                . = ALIGN (0x4)
                0x00000000080058dc                _etext = .

.vfp11_veneer   0x00000000080058dc        0x0
 .vfp11_veneer  0x00000000080058dc        0x0 linker stubs

.v4_bx          0x00000000080058dc        0x0
 .v4_bx         0x00000000080058dc        0x0 linker stubs

.iplt           0x00000000080058dc        0x0
 .iplt          0x00000000080058dc        0x0 /opt/st/stm32cubeide_1.4.0/plugins/com.st.stm32cube.ide.mcu.externaltools.gnu-tools-for-stm32.7-2018-q2-update.linux64_1.4.0.202007081208/tools/bin/../lib/gcc/arm-none-eabi/7.3.1/thumb/v7e-m/fpv4-sp/hard/crtbegin.o

.rodata         0x00000000080058dc     0x1ad8
                0x00000000080058dc                . = ALIGN (0x4)
 *(.rodata)
 .rodata        0x00000000080058dc        0x8 Core/Src/main.o
 *(.rodata*)
 .rodata.AHBPrescTable
                0x00000000080058e4       0x10 Core/Src/system_stm32f7xx.o
                0x00000000080058e4                AHBPrescTable
 .rodata.flagBitshiftOffset.8834
                0x00000000080058f4        0x8 Drivers/STM32F7xx_HAL_Driver/Src/stm32f7xx_hal_dma.o
 .rodata.Font24_Table
                0x00000000080058fc     0x1ab8 GUI files/font24.o
                0x00000000080058fc                Font24_Table
                0x00000000080073b4                . = ALIGN (0x4)

.ARM.extab      0x00000000080073b4        0x0
                0x00000000080073b4                . = ALIGN (0x4)
 *(.ARM.extab* .gnu.linkonce.armextab.*)
                0x00000000080073b4                . = ALIGN (0x4)

.ARM            0x00000000080073b4        0x8
                0x00000000080073b4                . = ALIGN (0x4)
                0x00000000080073b4                __exidx_start = .
 *(.ARM.exidx*)
 .ARM.exidx     0x00000000080073b4        0x8 /opt/st/stm32cubeide_1.4.0/plugins/com.st.stm32cube.ide.mcu.externaltools.gnu-tools-for-stm32.7-2018-q2-update.linux64_1.4.0.202007081208/tools/bin/../lib/gcc/arm-none-eabi/7.3.1/thumb/v7e-m/fpv4-sp/hard/libgcc.a(_udivmoddi4.o)
                0x00000000080073bc                __exidx_end = .
                0x00000000080073bc                . = ALIGN (0x4)

.rel.dyn        0x00000000080073bc        0x0
 .rel.iplt      0x00000000080073bc        0x0 /opt/st/stm32cubeide_1.4.0/plugins/com.st.stm32cube.ide.mcu.externaltools.gnu-tools-for-stm32.7-2018-q2-update.linux64_1.4.0.202007081208/tools/bin/../lib/gcc/arm-none-eabi/7.3.1/thumb/v7e-m/fpv4-sp/hard/crtbegin.o

.preinit_array  0x00000000080073bc        0x0
                0x00000000080073bc                . = ALIGN (0x4)
                0x00000000080073bc                PROVIDE (__preinit_array_start = .)
 *(.preinit_array*)
                0x00000000080073bc                PROVIDE (__preinit_array_end = .)
                0x00000000080073bc                . = ALIGN (0x4)

.init_array     0x00000000080073bc        0x4
                0x00000000080073bc                . = ALIGN (0x4)
                0x00000000080073bc                PROVIDE (__init_array_start = .)
 *(SORT_BY_NAME(.init_array.*))
 *(.init_array*)
 .init_array    0x00000000080073bc        0x4 /opt/st/stm32cubeide_1.4.0/plugins/com.st.stm32cube.ide.mcu.externaltools.gnu-tools-for-stm32.7-2018-q2-update.linux64_1.4.0.202007081208/tools/bin/../lib/gcc/arm-none-eabi/7.3.1/thumb/v7e-m/fpv4-sp/hard/crtbegin.o
                0x00000000080073c0                PROVIDE (__init_array_end = .)
                0x00000000080073c0                . = ALIGN (0x4)

.fini_array     0x00000000080073c0        0x4
                0x00000000080073c0                . = ALIGN (0x4)
                [!provide]                        PROVIDE (__fini_array_start = .)
 *(SORT_BY_NAME(.fini_array.*))
 *(.fini_array*)
 .fini_array    0x00000000080073c0        0x4 /opt/st/stm32cubeide_1.4.0/plugins/com.st.stm32cube.ide.mcu.externaltools.gnu-tools-for-stm32.7-2018-q2-update.linux64_1.4.0.202007081208/tools/bin/../lib/gcc/arm-none-eabi/7.3.1/thumb/v7e-m/fpv4-sp/hard/crtbegin.o
                [!provide]                        PROVIDE (__fini_array_end = .)
                0x00000000080073c4                . = ALIGN (0x4)
                0x00000000080073c4                _sidata = LOADADDR (.data)

.data           0x0000000020000000       0x40 load address 0x00000000080073c4
                0x0000000020000000                . = ALIGN (0x4)
                0x0000000020000000                _sdata = .
 *(.data)
 *(.data*)
 .data.SystemCoreClock
                0x0000000020000000        0x4 Core/Src/system_stm32f7xx.o
                0x0000000020000000                SystemCoreClock
 .data.uwTickPrio
                0x0000000020000004        0x4 Drivers/STM32F7xx_HAL_Driver/Src/stm32f7xx_hal.o
                0x0000000020000004                uwTickPrio
 .data.uwTickFreq
                0x0000000020000008        0x1 Drivers/STM32F7xx_HAL_Driver/Src/stm32f7xx_hal.o
                0x0000000020000008                uwTickFreq
 *fill*         0x0000000020000009        0x3 
 .data.Font24   0x000000002000000c        0x8 GUI files/font24.o
                0x000000002000000c                Font24
 .data.ft5336_ts_drv
                0x0000000020000014       0x28 GUI files/ft5336.o
                0x0000000020000014                ft5336_ts_drv
 .data.sdramstatus.8750
                0x000000002000003c        0x1 GUI files/stm32746g_discovery_sdram.o
                0x0000000020000040                . = ALIGN (0x4)
 *fill*         0x000000002000003d        0x3 
                0x0000000020000040                _edata = .

.igot.plt       0x0000000020000040        0x0 load address 0x0000000008007404
 .igot.plt      0x0000000020000040        0x0 /opt/st/stm32cubeide_1.4.0/plugins/com.st.stm32cube.ide.mcu.externaltools.gnu-tools-for-stm32.7-2018-q2-update.linux64_1.4.0.202007081208/tools/bin/../lib/gcc/arm-none-eabi/7.3.1/thumb/v7e-m/fpv4-sp/hard/crtbegin.o
                0x0000000020000040                . = ALIGN (0x4)

.bss            0x0000000020000040      0x32c load address 0x0000000008007404
                0x0000000020000040                _sbss = .
                0x0000000020000040                __bss_start__ = _sbss
 *(.bss)
 .bss           0x0000000020000040       0x1c /opt/st/stm32cubeide_1.4.0/plugins/com.st.stm32cube.ide.mcu.externaltools.gnu-tools-for-stm32.7-2018-q2-update.linux64_1.4.0.202007081208/tools/bin/../lib/gcc/arm-none-eabi/7.3.1/thumb/v7e-m/fpv4-sp/hard/crtbegin.o
 *(.bss*)
 .bss.ft5336_handle
                0x000000002000005c        0x3 GUI files/ft5336.o
 *fill*         0x000000002000005f        0x1 
 .bss.coord.5529
                0x0000000020000060        0x2 GUI files/ft5336.o
 *fill*         0x0000000020000062        0x2 
 .bss.hI2cAudioHandler
                0x0000000020000064       0x4c GUI files/stm32746g_discovery.o
 .bss.hDma2dHandler
                0x00000000200000b0       0x40 GUI files/stm32746g_discovery_lcd.o
 .bss.ActiveLayer
                0x00000000200000f0        0x4 GUI files/stm32746g_discovery_lcd.o
 .bss.DrawProp  0x00000000200000f4       0x18 GUI files/stm32746g_discovery_lcd.o
 .bss.periph_clk_init_struct.9317
                0x000000002000010c       0x84 GUI files/stm32746g_discovery_lcd.o
 .bss.Timing    0x0000000020000190       0x1c GUI files/stm32746g_discovery_sdram.o
 .bss.Command   0x00000000200001ac       0x10 GUI files/stm32746g_discovery_sdram.o
 .bss.dma_handle.8786
                0x00000000200001bc       0x60 GUI files/stm32746g_discovery_sdram.o
 .bss.tsDriver  0x000000002000021c        0x4 GUI files/stm32746g_discovery_ts.o
 .bss.tsXBoundary
                0x0000000020000220        0x2 GUI files/stm32746g_discovery_ts.o
 .bss.tsYBoundary
                0x0000000020000222        0x2 GUI files/stm32746g_discovery_ts.o
 .bss.tsOrientation
                0x0000000020000224        0x1 GUI files/stm32746g_discovery_ts.o
 .bss.I2cAddress
                0x0000000020000225        0x1 GUI files/stm32746g_discovery_ts.o
 *(COMMON)
 *fill*         0x0000000020000226        0x2 
 COMMON         0x0000000020000228       0x64 Core/Src/main.o
                0x0000000020000228                hcrc
                0x000000002000024c                hdma2d
 COMMON         0x000000002000028c        0x4 Drivers/STM32F7xx_HAL_Driver/Src/stm32f7xx_hal.o
                0x000000002000028c                uwTick
 COMMON         0x0000000020000290       0xa8 GUI files/stm32746g_discovery_lcd.o
                0x0000000020000290                hLtdcHandler
 COMMON         0x0000000020000338       0x34 GUI files/stm32746g_discovery_sdram.o
                0x0000000020000338                sdramHandle
                0x000000002000036c                . = ALIGN (0x4)
                0x000000002000036c                _ebss = .
                0x000000002000036c                __bss_end__ = _ebss

._user_heap_stack
                0x000000002000036c      0x604 load address 0x0000000008007404
                0x0000000020000370                . = ALIGN (0x8)
 *fill*         0x000000002000036c        0x4 
                [!provide]                        PROVIDE (end = .)
                0x0000000020000370                PROVIDE (_end = .)
                0x0000000020000570                . = (. + _Min_Heap_Size)
 *fill*         0x0000000020000370      0x200 
                0x0000000020000970                . = (. + _Min_Stack_Size)
 *fill*         0x0000000020000570      0x400 
                0x0000000020000970                . = ALIGN (0x8)

/DISCARD/
 libc.a(*)
 libm.a(*)
 libgcc.a(*)

.ARM.attributes
                0x0000000000000000       0x30
 *(.ARM.attributes)
 .ARM.attributes
                0x0000000000000000       0x22 /opt/st/stm32cubeide_1.4.0/plugins/com.st.stm32cube.ide.mcu.externaltools.gnu-tools-for-stm32.7-2018-q2-update.linux64_1.4.0.202007081208/tools/bin/../lib/gcc/arm-none-eabi/7.3.1/thumb/v7e-m/fpv4-sp/hard/crti.o
 .ARM.attributes
                0x0000000000000022       0x34 /opt/st/stm32cubeide_1.4.0/plugins/com.st.stm32cube.ide.mcu.externaltools.gnu-tools-for-stm32.7-2018-q2-update.linux64_1.4.0.202007081208/tools/bin/../lib/gcc/arm-none-eabi/7.3.1/thumb/v7e-m/fpv4-sp/hard/crtbegin.o
 .ARM.attributes
                0x0000000000000056       0x39 Core/Src/main.o
 .ARM.attributes
                0x000000000000008f       0x39 Core/Src/stm32f7xx_hal_ltdc.o
 .ARM.attributes
                0x00000000000000c8       0x39 Core/Src/stm32f7xx_hal_msp.o
 .ARM.attributes
                0x0000000000000101       0x39 Core/Src/stm32f7xx_hal_sdram.o
 .ARM.attributes
                0x000000000000013a       0x39 Core/Src/stm32f7xx_it.o
 .ARM.attributes
                0x0000000000000173       0x39 Core/Src/stm32f7xx_ll_fmc.o
 .ARM.attributes
                0x00000000000001ac       0x39 Core/Src/system_stm32f7xx.o
 .ARM.attributes
                0x00000000000001e5       0x21 Core/Startup/startup_stm32f746nghx.o
 .ARM.attributes
                0x0000000000000206       0x39 Drivers/STM32F7xx_HAL_Driver/Src/stm32f7xx_hal.o
 .ARM.attributes
                0x000000000000023f       0x39 Drivers/STM32F7xx_HAL_Driver/Src/stm32f7xx_hal_cortex.o
 .ARM.attributes
                0x0000000000000278       0x39 Drivers/STM32F7xx_HAL_Driver/Src/stm32f7xx_hal_crc.o
 .ARM.attributes
                0x00000000000002b1       0x39 Drivers/STM32F7xx_HAL_Driver/Src/stm32f7xx_hal_crc_ex.o
 .ARM.attributes
                0x00000000000002ea       0x39 Drivers/STM32F7xx_HAL_Driver/Src/stm32f7xx_hal_dma.o
 .ARM.attributes
                0x0000000000000323       0x39 Drivers/STM32F7xx_HAL_Driver/Src/stm32f7xx_hal_dma2d.o
 .ARM.attributes
                0x000000000000035c       0x39 Drivers/STM32F7xx_HAL_Driver/Src/stm32f7xx_hal_gpio.o
 .ARM.attributes
                0x0000000000000395       0x39 Drivers/STM32F7xx_HAL_Driver/Src/stm32f7xx_hal_i2c.o
 .ARM.attributes
                0x00000000000003ce       0x39 Drivers/STM32F7xx_HAL_Driver/Src/stm32f7xx_hal_pwr_ex.o
 .ARM.attributes
                0x0000000000000407       0x39 Drivers/STM32F7xx_HAL_Driver/Src/stm32f7xx_hal_rcc.o
 .ARM.attributes
                0x0000000000000440       0x39 Drivers/STM32F7xx_HAL_Driver/Src/stm32f7xx_hal_rcc_ex.o
 .ARM.attributes
                0x0000000000000479       0x39 GUI files/font24.o
 .ARM.attributes
                0x00000000000004b2       0x39 GUI files/ft5336.o
 .ARM.attributes
                0x00000000000004eb       0x39 GUI files/stm32746g_discovery.o
 .ARM.attributes
                0x0000000000000524       0x39 GUI files/stm32746g_discovery_lcd.o
 .ARM.attributes
                0x000000000000055d       0x39 GUI files/stm32746g_discovery_sdram.o
 .ARM.attributes
                0x0000000000000596       0x39 GUI files/stm32746g_discovery_ts.o
 .ARM.attributes
                0x00000000000005cf       0x34 /opt/st/stm32cubeide_1.4.0/plugins/com.st.stm32cube.ide.mcu.externaltools.gnu-tools-for-stm32.7-2018-q2-update.linux64_1.4.0.202007081208/tools/bin/../lib/gcc/arm-none-eabi/7.3.1/../../../../arm-none-eabi/lib/thumb/v7e-m/fpv4-sp/hard/libc_nano.a(lib_a-init.o)
 .ARM.attributes
                0x0000000000000603       0x34 /opt/st/stm32cubeide_1.4.0/plugins/com.st.stm32cube.ide.mcu.externaltools.gnu-tools-for-stm32.7-2018-q2-update.linux64_1.4.0.202007081208/tools/bin/../lib/gcc/arm-none-eabi/7.3.1/../../../../arm-none-eabi/lib/thumb/v7e-m/fpv4-sp/hard/libc_nano.a(lib_a-memset.o)
 .ARM.attributes
                0x0000000000000637       0x22 /opt/st/stm32cubeide_1.4.0/plugins/com.st.stm32cube.ide.mcu.externaltools.gnu-tools-for-stm32.7-2018-q2-update.linux64_1.4.0.202007081208/tools/bin/../lib/gcc/arm-none-eabi/7.3.1/thumb/v7e-m/fpv4-sp/hard/libgcc.a(_aeabi_uldivmod.o)
 .ARM.attributes
                0x0000000000000659       0x34 /opt/st/stm32cubeide_1.4.0/plugins/com.st.stm32cube.ide.mcu.externaltools.gnu-tools-for-stm32.7-2018-q2-update.linux64_1.4.0.202007081208/tools/bin/../lib/gcc/arm-none-eabi/7.3.1/thumb/v7e-m/fpv4-sp/hard/libgcc.a(_udivmoddi4.o)
 .ARM.attributes
                0x000000000000068d       0x22 /opt/st/stm32cubeide_1.4.0/plugins/com.st.stm32cube.ide.mcu.externaltools.gnu-tools-for-stm32.7-2018-q2-update.linux64_1.4.0.202007081208/tools/bin/../lib/gcc/arm-none-eabi/7.3.1/thumb/v7e-m/fpv4-sp/hard/libgcc.a(_dvmd_tls.o)
 .ARM.attributes
                0x00000000000006af       0x22 /opt/st/stm32cubeide_1.4.0/plugins/com.st.stm32cube.ide.mcu.externaltools.gnu-tools-for-stm32.7-2018-q2-update.linux64_1.4.0.202007081208/tools/bin/../lib/gcc/arm-none-eabi/7.3.1/thumb/v7e-m/fpv4-sp/hard/crtn.o
OUTPUT(Bootloader.elf elf32-littlearm)

.debug_info     0x0000000000000000    0x13047
 .debug_info    0x0000000000000000     0x133e Core/Src/main.o
 .debug_info    0x000000000000133e     0x10fe Core/Src/stm32f7xx_hal_ltdc.o
 .debug_info    0x000000000000243c      0xa86 Core/Src/stm32f7xx_hal_msp.o
 .debug_info    0x0000000000002ec2      0xc9b Core/Src/stm32f7xx_hal_sdram.o
 .debug_info    0x0000000000003b5d      0x776 Core/Src/stm32f7xx_it.o
 .debug_info    0x00000000000042d3      0xcd2 Core/Src/stm32f7xx_ll_fmc.o
 .debug_info    0x0000000000004fa5      0x73d Core/Src/system_stm32f7xx.o
 .debug_info    0x00000000000056e2       0x22 Core/Startup/startup_stm32f746nghx.o
 .debug_info    0x0000000000005704      0x9d3 Drivers/STM32F7xx_HAL_Driver/Src/stm32f7xx_hal.o
 .debug_info    0x00000000000060d7     0x104a Drivers/STM32F7xx_HAL_Driver/Src/stm32f7xx_hal_cortex.o
 .debug_info    0x0000000000007121      0x5dc Drivers/STM32F7xx_HAL_Driver/Src/stm32f7xx_hal_crc.o
 .debug_info    0x00000000000076fd      0x426 Drivers/STM32F7xx_HAL_Driver/Src/stm32f7xx_hal_crc_ex.o
 .debug_info    0x0000000000007b23      0x968 Drivers/STM32F7xx_HAL_Driver/Src/stm32f7xx_hal_dma.o
 .debug_info    0x000000000000848b      0xee9 Drivers/STM32F7xx_HAL_Driver/Src/stm32f7xx_hal_dma2d.o
 .debug_info    0x0000000000009374      0x7dc Drivers/STM32F7xx_HAL_Driver/Src/stm32f7xx_hal_gpio.o
 .debug_info    0x0000000000009b50     0x1fb9 Drivers/STM32F7xx_HAL_Driver/Src/stm32f7xx_hal_i2c.o
 .debug_info    0x000000000000bb09      0x96b Drivers/STM32F7xx_HAL_Driver/Src/stm32f7xx_hal_pwr_ex.o
 .debug_info    0x000000000000c474      0x935 Drivers/STM32F7xx_HAL_Driver/Src/stm32f7xx_hal_rcc.o
 .debug_info    0x000000000000cda9      0x7ad Drivers/STM32F7xx_HAL_Driver/Src/stm32f7xx_hal_rcc_ex.o
 .debug_info    0x000000000000d556      0x147 GUI files/font24.o
 .debug_info    0x000000000000d69d      0x58d GUI files/ft5336.o
 .debug_info    0x000000000000dc2a     0x19c7 GUI files/stm32746g_discovery.o
 .debug_info    0x000000000000f5f1     0x215b GUI files/stm32746g_discovery_lcd.o
 .debug_info    0x000000000001174c      0xf1e GUI files/stm32746g_discovery_sdram.o
 .debug_info    0x000000000001266a      0x9dd GUI files/stm32746g_discovery_ts.o

.debug_abbrev   0x0000000000000000     0x2e4e
 .debug_abbrev  0x0000000000000000      0x2e9 Core/Src/main.o
 .debug_abbrev  0x00000000000002e9      0x22e Core/Src/stm32f7xx_hal_ltdc.o
 .debug_abbrev  0x0000000000000517      0x19d Core/Src/stm32f7xx_hal_msp.o
 .debug_abbrev  0x00000000000006b4      0x1f7 Core/Src/stm32f7xx_hal_sdram.o
 .debug_abbrev  0x00000000000008ab      0x15c Core/Src/stm32f7xx_it.o
 .debug_abbrev  0x0000000000000a07      0x170 Core/Src/stm32f7xx_ll_fmc.o
 .debug_abbrev  0x0000000000000b77      0x147 Core/Src/system_stm32f7xx.o
 .debug_abbrev  0x0000000000000cbe       0x12 Core/Startup/startup_stm32f746nghx.o
 .debug_abbrev  0x0000000000000cd0      0x1c7 Drivers/STM32F7xx_HAL_Driver/Src/stm32f7xx_hal.o
 .debug_abbrev  0x0000000000000e97      0x2fa Drivers/STM32F7xx_HAL_Driver/Src/stm32f7xx_hal_cortex.o
 .debug_abbrev  0x0000000000001191      0x1d1 Drivers/STM32F7xx_HAL_Driver/Src/stm32f7xx_hal_crc.o
 .debug_abbrev  0x0000000000001362      0x165 Drivers/STM32F7xx_HAL_Driver/Src/stm32f7xx_hal_crc_ex.o
 .debug_abbrev  0x00000000000014c7      0x229 Drivers/STM32F7xx_HAL_Driver/Src/stm32f7xx_hal_dma.o
 .debug_abbrev  0x00000000000016f0      0x211 Drivers/STM32F7xx_HAL_Driver/Src/stm32f7xx_hal_dma2d.o
 .debug_abbrev  0x0000000000001901      0x1c9 Drivers/STM32F7xx_HAL_Driver/Src/stm32f7xx_hal_gpio.o
 .debug_abbrev  0x0000000000001aca      0x22a Drivers/STM32F7xx_HAL_Driver/Src/stm32f7xx_hal_i2c.o
 .debug_abbrev  0x0000000000001cf4      0x1b8 Drivers/STM32F7xx_HAL_Driver/Src/stm32f7xx_hal_pwr_ex.o
 .debug_abbrev  0x0000000000001eac      0x21a Drivers/STM32F7xx_HAL_Driver/Src/stm32f7xx_hal_rcc.o
 .debug_abbrev  0x00000000000020c6      0x1ad Drivers/STM32F7xx_HAL_Driver/Src/stm32f7xx_hal_rcc_ex.o
 .debug_abbrev  0x0000000000002273       0xa5 GUI files/font24.o
 .debug_abbrev  0x0000000000002318      0x1ea GUI files/ft5336.o
 .debug_abbrev  0x0000000000002502      0x287 GUI files/stm32746g_discovery.o
 .debug_abbrev  0x0000000000002789      0x282 GUI files/stm32746g_discovery_lcd.o
 .debug_abbrev  0x0000000000002a0b      0x218 GUI files/stm32746g_discovery_sdram.o
 .debug_abbrev  0x0000000000002c23      0x22b GUI files/stm32746g_discovery_ts.o

.debug_aranges  0x0000000000000000     0x1138
 .debug_aranges
                0x0000000000000000       0x70 Core/Src/main.o
 .debug_aranges
                0x0000000000000070      0x158 Core/Src/stm32f7xx_hal_ltdc.o
 .debug_aranges
                0x00000000000001c8       0x40 Core/Src/stm32f7xx_hal_msp.o
 .debug_aranges
                0x0000000000000208       0xd0 Core/Src/stm32f7xx_hal_sdram.o
 .debug_aranges
                0x00000000000002d8       0x68 Core/Src/stm32f7xx_it.o
 .debug_aranges
                0x0000000000000340       0xc8 Core/Src/stm32f7xx_ll_fmc.o
 .debug_aranges
                0x0000000000000408       0x28 Core/Src/system_stm32f7xx.o
 .debug_aranges
                0x0000000000000430       0x28 Core/Startup/startup_stm32f746nghx.o
 .debug_aranges
                0x0000000000000458      0x100 Drivers/STM32F7xx_HAL_Driver/Src/stm32f7xx_hal.o
 .debug_aranges
                0x0000000000000558      0x118 Drivers/STM32F7xx_HAL_Driver/Src/stm32f7xx_hal_cortex.o
 .debug_aranges
                0x0000000000000670       0x60 Drivers/STM32F7xx_HAL_Driver/Src/stm32f7xx_hal_crc.o
 .debug_aranges
                0x00000000000006d0       0x30 Drivers/STM32F7xx_HAL_Driver/Src/stm32f7xx_hal_crc_ex.o
 .debug_aranges
                0x0000000000000700       0x90 Drivers/STM32F7xx_HAL_Driver/Src/stm32f7xx_hal_dma.o
 .debug_aranges
                0x0000000000000790      0x108 Drivers/STM32F7xx_HAL_Driver/Src/stm32f7xx_hal_dma2d.o
 .debug_aranges
                0x0000000000000898       0x58 Drivers/STM32F7xx_HAL_Driver/Src/stm32f7xx_hal_gpio.o
 .debug_aranges
                0x00000000000008f0      0x288 Drivers/STM32F7xx_HAL_Driver/Src/stm32f7xx_hal_i2c.o
 .debug_aranges
                0x0000000000000b78       0x80 Drivers/STM32F7xx_HAL_Driver/Src/stm32f7xx_hal_pwr_ex.o
 .debug_aranges
                0x0000000000000bf8       0x88 Drivers/STM32F7xx_HAL_Driver/Src/stm32f7xx_hal_rcc.o
 .debug_aranges
                0x0000000000000c80       0x50 Drivers/STM32F7xx_HAL_Driver/Src/stm32f7xx_hal_rcc_ex.o
 .debug_aranges
                0x0000000000000cd0       0x18 GUI files/font24.o
 .debug_aranges
                0x0000000000000ce8       0x90 GUI files/ft5336.o
 .debug_aranges
                0x0000000000000d78      0x128 GUI files/stm32746g_discovery.o
 .debug_aranges
                0x0000000000000ea0      0x1d8 GUI files/stm32746g_discovery_lcd.o
 .debug_aranges
                0x0000000000001078       0x68 GUI files/stm32746g_discovery_sdram.o
 .debug_aranges
                0x00000000000010e0       0x58 GUI files/stm32746g_discovery_ts.o

.debug_ranges   0x0000000000000000      0xfa8
 .debug_ranges  0x0000000000000000       0x60 Core/Src/main.o
 .debug_ranges  0x0000000000000060      0x148 Core/Src/stm32f7xx_hal_ltdc.o
 .debug_ranges  0x00000000000001a8       0x30 Core/Src/stm32f7xx_hal_msp.o
 .debug_ranges  0x00000000000001d8       0xc0 Core/Src/stm32f7xx_hal_sdram.o
 .debug_ranges  0x0000000000000298       0x58 Core/Src/stm32f7xx_it.o
 .debug_ranges  0x00000000000002f0       0xb8 Core/Src/stm32f7xx_ll_fmc.o
 .debug_ranges  0x00000000000003a8       0x18 Core/Src/system_stm32f7xx.o
 .debug_ranges  0x00000000000003c0       0x20 Core/Startup/startup_stm32f746nghx.o
 .debug_ranges  0x00000000000003e0       0xf0 Drivers/STM32F7xx_HAL_Driver/Src/stm32f7xx_hal.o
 .debug_ranges  0x00000000000004d0      0x108 Drivers/STM32F7xx_HAL_Driver/Src/stm32f7xx_hal_cortex.o
 .debug_ranges  0x00000000000005d8       0x50 Drivers/STM32F7xx_HAL_Driver/Src/stm32f7xx_hal_crc.o
 .debug_ranges  0x0000000000000628       0x20 Drivers/STM32F7xx_HAL_Driver/Src/stm32f7xx_hal_crc_ex.o
 .debug_ranges  0x0000000000000648       0x80 Drivers/STM32F7xx_HAL_Driver/Src/stm32f7xx_hal_dma.o
 .debug_ranges  0x00000000000006c8       0xf8 Drivers/STM32F7xx_HAL_Driver/Src/stm32f7xx_hal_dma2d.o
 .debug_ranges  0x00000000000007c0       0x48 Drivers/STM32F7xx_HAL_Driver/Src/stm32f7xx_hal_gpio.o
 .debug_ranges  0x0000000000000808      0x278 Drivers/STM32F7xx_HAL_Driver/Src/stm32f7xx_hal_i2c.o
 .debug_ranges  0x0000000000000a80       0x70 Drivers/STM32F7xx_HAL_Driver/Src/stm32f7xx_hal_pwr_ex.o
 .debug_ranges  0x0000000000000af0       0x78 Drivers/STM32F7xx_HAL_Driver/Src/stm32f7xx_hal_rcc.o
 .debug_ranges  0x0000000000000b68       0x40 Drivers/STM32F7xx_HAL_Driver/Src/stm32f7xx_hal_rcc_ex.o
 .debug_ranges  0x0000000000000ba8       0x80 GUI files/ft5336.o
 .debug_ranges  0x0000000000000c28      0x118 GUI files/stm32746g_discovery.o
 .debug_ranges  0x0000000000000d40      0x1c8 GUI files/stm32746g_discovery_lcd.o
 .debug_ranges  0x0000000000000f08       0x58 GUI files/stm32746g_discovery_sdram.o
 .debug_ranges  0x0000000000000f60       0x48 GUI files/stm32746g_discovery_ts.o

.debug_macro    0x0000000000000000    0x2720b
 .debug_macro   0x0000000000000000      0x2a0 Core/Src/main.o
 .debug_macro   0x00000000000002a0      0xa5a Core/Src/main.o
 .debug_macro   0x0000000000000cfa      0x2a5 Core/Src/main.o
 .debug_macro   0x0000000000000f9f       0x2e Core/Src/main.o
 .debug_macro   0x0000000000000fcd       0x3b Core/Src/main.o
 .debug_macro   0x0000000000001008       0x22 Core/Src/main.o
 .debug_macro   0x000000000000102a       0x8e Core/Src/main.o
 .debug_macro   0x00000000000010b8       0x51 Core/Src/main.o
 .debug_macro   0x0000000000001109       0xef Core/Src/main.o
 .debug_macro   0x00000000000011f8       0x6a Core/Src/main.o
 .debug_macro   0x0000000000001262      0x1df Core/Src/main.o
 .debug_macro   0x0000000000001441       0x1c Core/Src/main.o
 .debug_macro   0x000000000000145d       0x22 Core/Src/main.o
 .debug_macro   0x000000000000147f       0xdf Core/Src/main.o
 .debug_macro   0x000000000000155e     0x12cd Core/Src/main.o
 .debug_macro   0x000000000000282b      0x11f Core/Src/main.o
 .debug_macro   0x000000000000294a       0x19 Core/Src/main.o
 .debug_macro   0x0000000000002963    0x190f0 Core/Src/main.o
 .debug_macro   0x000000000001ba53       0x43 Core/Src/main.o
 .debug_macro   0x000000000001ba96     0x36b4 Core/Src/main.o
 .debug_macro   0x000000000001f14a      0x174 Core/Src/main.o
 .debug_macro   0x000000000001f2be       0x61 Core/Src/main.o
 .debug_macro   0x000000000001f31f     0x18ad Core/Src/main.o
 .debug_macro   0x0000000000020bcc      0x6c4 Core/Src/main.o
 .debug_macro   0x0000000000021290      0x185 Core/Src/main.o
 .debug_macro   0x0000000000021415      0x117 Core/Src/main.o
 .debug_macro   0x000000000002152c      0x1fe Core/Src/main.o
 .debug_macro   0x000000000002172a       0x27 Core/Src/main.o
 .debug_macro   0x0000000000021751      0x24f Core/Src/main.o
 .debug_macro   0x00000000000219a0       0x41 Core/Src/main.o
 .debug_macro   0x00000000000219e1       0x58 Core/Src/main.o
 .debug_macro   0x0000000000021a39      0x236 Core/Src/main.o
 .debug_macro   0x0000000000021c6f       0xd5 Core/Src/main.o
 .debug_macro   0x0000000000021d44       0x4c Core/Src/main.o
 .debug_macro   0x0000000000021d90      0x20f Core/Src/main.o
 .debug_macro   0x0000000000021f9f      0x14f Core/Src/main.o
 .debug_macro   0x00000000000220ee      0x25b Core/Src/main.o
 .debug_macro   0x0000000000022349       0x12 Core/Src/main.o
 .debug_macro   0x000000000002235b      0x510 Core/Src/main.o
 .debug_macro   0x000000000002286b      0x22c Core/Src/main.o
 .debug_macro   0x0000000000022a97       0x5a Core/Src/main.o
 .debug_macro   0x0000000000022af1       0xa5 Core/Src/main.o
 .debug_macro   0x0000000000022b96      0x255 Core/Src/main.o
 .debug_macro   0x0000000000022deb      0x12f Core/Src/main.o
 .debug_macro   0x0000000000022f1a      0x108 Core/Src/main.o
 .debug_macro   0x0000000000023022       0x35 Core/Src/main.o
 .debug_macro   0x0000000000023057      0x4e8 Core/Src/main.o
 .debug_macro   0x000000000002353f       0x47 Core/Src/main.o
 .debug_macro   0x0000000000023586      0x14e Core/Src/main.o
 .debug_macro   0x00000000000236d4      0x268 Core/Src/main.o
 .debug_macro   0x000000000002393c       0x9a Core/Src/main.o
 .debug_macro   0x00000000000239d6       0x10 Core/Src/main.o
 .debug_macro   0x00000000000239e6      0x39e Core/Src/main.o
 .debug_macro   0x0000000000023d84       0x2e Core/Src/main.o
 .debug_macro   0x0000000000023db2       0x40 Core/Src/main.o
 .debug_macro   0x0000000000023df2       0x10 Core/Src/main.o
 .debug_macro   0x0000000000023e02      0x12b Core/Src/main.o
 .debug_macro   0x0000000000023f2d       0x10 Core/Src/main.o
 .debug_macro   0x0000000000023f3d      0x21b Core/Src/stm32f7xx_hal_ltdc.o
 .debug_macro   0x0000000000024158      0x29a Core/Src/stm32f7xx_hal_msp.o
 .debug_macro   0x00000000000243f2      0x21b Core/Src/stm32f7xx_hal_sdram.o
 .debug_macro   0x000000000002460d      0x2a4 Core/Src/stm32f7xx_it.o
 .debug_macro   0x00000000000248b1      0x21b Core/Src/stm32f7xx_ll_fmc.o
 .debug_macro   0x0000000000024acc      0x221 Core/Src/system_stm32f7xx.o
 .debug_macro   0x0000000000024ced      0x23f Drivers/STM32F7xx_HAL_Driver/Src/stm32f7xx_hal.o
 .debug_macro   0x0000000000024f2c      0x21b Drivers/STM32F7xx_HAL_Driver/Src/stm32f7xx_hal_cortex.o
 .debug_macro   0x0000000000025147      0x21b Drivers/STM32F7xx_HAL_Driver/Src/stm32f7xx_hal_crc.o
 .debug_macro   0x0000000000025362      0x21b Drivers/STM32F7xx_HAL_Driver/Src/stm32f7xx_hal_crc_ex.o
 .debug_macro   0x000000000002557d      0x221 Drivers/STM32F7xx_HAL_Driver/Src/stm32f7xx_hal_dma.o
 .debug_macro   0x000000000002579e      0x22a Drivers/STM32F7xx_HAL_Driver/Src/stm32f7xx_hal_dma2d.o
 .debug_macro   0x00000000000259c8      0x251 Drivers/STM32F7xx_HAL_Driver/Src/stm32f7xx_hal_gpio.o
 .debug_macro   0x0000000000025c19      0x2e0 Drivers/STM32F7xx_HAL_Driver/Src/stm32f7xx_hal_i2c.o
 .debug_macro   0x0000000000025ef9      0x233 Drivers/STM32F7xx_HAL_Driver/Src/stm32f7xx_hal_pwr_ex.o
 .debug_macro   0x000000000002612c      0x23f Drivers/STM32F7xx_HAL_Driver/Src/stm32f7xx_hal_rcc.o
 .debug_macro   0x000000000002636b      0x21b Drivers/STM32F7xx_HAL_Driver/Src/stm32f7xx_hal_rcc_ex.o
 .debug_macro   0x0000000000026586       0x73 GUI files/font24.o
 .debug_macro   0x00000000000265f9       0x7b GUI files/ft5336.o
 .debug_macro   0x0000000000026674      0x248 GUI files/stm32746g_discovery.o
 .debug_macro   0x00000000000268bc      0x262 GUI files/stm32746g_discovery.o
 .debug_macro   0x0000000000026b1e      0x26e GUI files/stm32746g_discovery_lcd.o
 .debug_macro   0x0000000000026d8c      0x22e GUI files/stm32746g_discovery_sdram.o
 .debug_macro   0x0000000000026fba      0x251 GUI files/stm32746g_discovery_ts.o

.debug_line     0x0000000000000000     0xf15f
 .debug_line    0x0000000000000000      0x988 Core/Src/main.o
 .debug_line    0x0000000000000988      0xfe8 Core/Src/stm32f7xx_hal_ltdc.o
 .debug_line    0x0000000000001970      0x821 Core/Src/stm32f7xx_hal_msp.o
 .debug_line    0x0000000000002191      0xa68 Core/Src/stm32f7xx_hal_sdram.o
 .debug_line    0x0000000000002bf9      0x88a Core/Src/stm32f7xx_it.o
 .debug_line    0x0000000000003483      0x9c0 Core/Src/stm32f7xx_ll_fmc.o
 .debug_line    0x0000000000003e43      0x741 Core/Src/system_stm32f7xx.o
 .debug_line    0x0000000000004584       0x85 Core/Startup/startup_stm32f746nghx.o
 .debug_line    0x0000000000004609      0x950 Drivers/STM32F7xx_HAL_Driver/Src/stm32f7xx_hal.o
 .debug_line    0x0000000000004f59      0xa51 Drivers/STM32F7xx_HAL_Driver/Src/stm32f7xx_hal_cortex.o
 .debug_line    0x00000000000059aa      0x87e Drivers/STM32F7xx_HAL_Driver/Src/stm32f7xx_hal_crc.o
 .debug_line    0x0000000000006228      0x78c Drivers/STM32F7xx_HAL_Driver/Src/stm32f7xx_hal_crc_ex.o
 .debug_line    0x00000000000069b4      0x9fc Drivers/STM32F7xx_HAL_Driver/Src/stm32f7xx_hal_dma.o
 .debug_line    0x00000000000073b0      0xc89 Drivers/STM32F7xx_HAL_Driver/Src/stm32f7xx_hal_dma2d.o
 .debug_line    0x0000000000008039      0x935 Drivers/STM32F7xx_HAL_Driver/Src/stm32f7xx_hal_gpio.o
 .debug_line    0x000000000000896e     0x1aac Drivers/STM32F7xx_HAL_Driver/Src/stm32f7xx_hal_i2c.o
 .debug_line    0x000000000000a41a      0x871 Drivers/STM32F7xx_HAL_Driver/Src/stm32f7xx_hal_pwr_ex.o
 .debug_line    0x000000000000ac8b      0x9c6 Drivers/STM32F7xx_HAL_Driver/Src/stm32f7xx_hal_rcc.o
 .debug_line    0x000000000000b651      0x938 Drivers/STM32F7xx_HAL_Driver/Src/stm32f7xx_hal_rcc_ex.o
 .debug_line    0x000000000000bf89      0x35c GUI files/font24.o
 .debug_line    0x000000000000c2e5      0x51a GUI files/ft5336.o
 .debug_line    0x000000000000c7ff      0xa38 GUI files/stm32746g_discovery.o
 .debug_line    0x000000000000d237      0xe2a GUI files/stm32746g_discovery_lcd.o
 .debug_line    0x000000000000e061      0x84f GUI files/stm32746g_discovery_sdram.o
 .debug_line    0x000000000000e8b0      0x8af GUI files/stm32746g_discovery_ts.o

.debug_str      0x0000000000000000    0xed7c8
 .debug_str     0x0000000000000000    0xe8262 Core/Src/main.o
                                      0xe89ff (size before relaxing)
 .debug_str     0x00000000000e8262      0x6c9 Core/Src/stm32f7xx_hal_ltdc.o
                                      0xe53a0 (size before relaxing)
 .debug_str     0x00000000000e892b       0x74 Core/Src/stm32f7xx_hal_msp.o
                                      0xe8546 (size before relaxing)
 .debug_str     0x00000000000e899f      0x676 Core/Src/stm32f7xx_hal_sdram.o
                                      0xe534e (size before relaxing)
 .debug_str     0x00000000000e9015       0xca Core/Src/stm32f7xx_it.o
                                      0xe83cf (size before relaxing)
 .debug_str     0x00000000000e90df      0x469 Core/Src/stm32f7xx_ll_fmc.o
                                      0xe529e (size before relaxing)
 .debug_str     0x00000000000e9548       0x70 Core/Src/system_stm32f7xx.o
                                      0xe4e58 (size before relaxing)
 .debug_str     0x00000000000e95b8       0x36 Core/Startup/startup_stm32f746nghx.o
                                         0x8d (size before relaxing)
 .debug_str     0x00000000000e95ee      0x89d Drivers/STM32F7xx_HAL_Driver/Src/stm32f7xx_hal.o
                                      0xe570a (size before relaxing)
 .debug_str     0x00000000000e9e8b      0x37c Drivers/STM32F7xx_HAL_Driver/Src/stm32f7xx_hal_cortex.o
                                      0xe57b1 (size before relaxing)
 .debug_str     0x00000000000ea207       0xc5 Drivers/STM32F7xx_HAL_Driver/Src/stm32f7xx_hal_crc.o
                                      0xe4e91 (size before relaxing)
 .debug_str     0x00000000000ea2cc       0x82 Drivers/STM32F7xx_HAL_Driver/Src/stm32f7xx_hal_crc_ex.o
                                      0xe4e64 (size before relaxing)
 .debug_str     0x00000000000ea34e      0x329 Drivers/STM32F7xx_HAL_Driver/Src/stm32f7xx_hal_dma.o
                                      0xe5192 (size before relaxing)
 .debug_str     0x00000000000ea677      0x35a Drivers/STM32F7xx_HAL_Driver/Src/stm32f7xx_hal_dma2d.o
                                      0xe5343 (size before relaxing)
 .debug_str     0x00000000000ea9d1      0x244 Drivers/STM32F7xx_HAL_Driver/Src/stm32f7xx_hal_gpio.o
                                      0xe502e (size before relaxing)
 .debug_str     0x00000000000eac15      0xf4e Drivers/STM32F7xx_HAL_Driver/Src/stm32f7xx_hal_i2c.o
                                      0xe5f46 (size before relaxing)
 .debug_str     0x00000000000ebb63      0x1d1 Drivers/STM32F7xx_HAL_Driver/Src/stm32f7xx_hal_pwr_ex.o
                                      0xe50d2 (size before relaxing)
 .debug_str     0x00000000000ebd34      0x26d Drivers/STM32F7xx_HAL_Driver/Src/stm32f7xx_hal_rcc.o
                                      0xe5173 (size before relaxing)
 .debug_str     0x00000000000ebfa1      0x392 Drivers/STM32F7xx_HAL_Driver/Src/stm32f7xx_hal_rcc_ex.o
                                      0xe50fd (size before relaxing)
 .debug_str     0x00000000000ec333       0x23 GUI files/font24.o
                                       0x3cc6 (size before relaxing)
 .debug_str     0x00000000000ec356      0x26c GUI files/ft5336.o
                                       0x531c (size before relaxing)
 .debug_str     0x00000000000ec5c2      0x75c GUI files/stm32746g_discovery.o
                                      0xe716c (size before relaxing)
 .debug_str     0x00000000000ecd1e      0x794 GUI files/stm32746g_discovery_lcd.o
                                      0xe7bc1 (size before relaxing)
 .debug_str     0x00000000000ed4b2      0x153 GUI files/stm32746g_discovery_sdram.o
                                      0xe5dad (size before relaxing)
 .debug_str     0x00000000000ed605      0x1c3 GUI files/stm32746g_discovery_ts.o
                                      0xe7bce (size before relaxing)

.comment        0x0000000000000000       0x7b
 .comment       0x0000000000000000       0x7b Core/Src/main.o
                                         0x7c (size before relaxing)
 .comment       0x000000000000007b       0x7c Core/Src/stm32f7xx_hal_ltdc.o
 .comment       0x000000000000007b       0x7c Core/Src/stm32f7xx_hal_msp.o
 .comment       0x000000000000007b       0x7c Core/Src/stm32f7xx_hal_sdram.o
 .comment       0x000000000000007b       0x7c Core/Src/stm32f7xx_it.o
 .comment       0x000000000000007b       0x7c Core/Src/stm32f7xx_ll_fmc.o
 .comment       0x000000000000007b       0x7c Core/Src/system_stm32f7xx.o
 .comment       0x000000000000007b       0x7c Drivers/STM32F7xx_HAL_Driver/Src/stm32f7xx_hal.o
 .comment       0x000000000000007b       0x7c Drivers/STM32F7xx_HAL_Driver/Src/stm32f7xx_hal_cortex.o
 .comment       0x000000000000007b       0x7c Drivers/STM32F7xx_HAL_Driver/Src/stm32f7xx_hal_crc.o
 .comment       0x000000000000007b       0x7c Drivers/STM32F7xx_HAL_Driver/Src/stm32f7xx_hal_crc_ex.o
 .comment       0x000000000000007b       0x7c Drivers/STM32F7xx_HAL_Driver/Src/stm32f7xx_hal_dma.o
 .comment       0x000000000000007b       0x7c Drivers/STM32F7xx_HAL_Driver/Src/stm32f7xx_hal_dma2d.o
 .comment       0x000000000000007b       0x7c Drivers/STM32F7xx_HAL_Driver/Src/stm32f7xx_hal_gpio.o
 .comment       0x000000000000007b       0x7c Drivers/STM32F7xx_HAL_Driver/Src/stm32f7xx_hal_i2c.o
 .comment       0x000000000000007b       0x7c Drivers/STM32F7xx_HAL_Driver/Src/stm32f7xx_hal_pwr_ex.o
 .comment       0x000000000000007b       0x7c Drivers/STM32F7xx_HAL_Driver/Src/stm32f7xx_hal_rcc.o
 .comment       0x000000000000007b       0x7c Drivers/STM32F7xx_HAL_Driver/Src/stm32f7xx_hal_rcc_ex.o
 .comment       0x000000000000007b       0x7c GUI files/font24.o
 .comment       0x000000000000007b       0x7c GUI files/ft5336.o
 .comment       0x000000000000007b       0x7c GUI files/stm32746g_discovery.o
 .comment       0x000000000000007b       0x7c GUI files/stm32746g_discovery_lcd.o
 .comment       0x000000000000007b       0x7c GUI files/stm32746g_discovery_sdram.o
 .comment       0x000000000000007b       0x7c GUI files/stm32746g_discovery_ts.o

.debug_frame    0x0000000000000000     0x462c
 .debug_frame   0x0000000000000000      0x170 Core/Src/main.o
 .debug_frame   0x0000000000000170      0x61c Core/Src/stm32f7xx_hal_ltdc.o
 .debug_frame   0x000000000000078c       0xd8 Core/Src/stm32f7xx_hal_msp.o
 .debug_frame   0x0000000000000864      0x37c Core/Src/stm32f7xx_hal_sdram.o
 .debug_frame   0x0000000000000be0      0x128 Core/Src/stm32f7xx_it.o
 .debug_frame   0x0000000000000d08      0x37c Core/Src/stm32f7xx_ll_fmc.o
 .debug_frame   0x0000000000001084       0x58 Core/Src/system_stm32f7xx.o
 .debug_frame   0x00000000000010dc      0x3b4 Drivers/STM32F7xx_HAL_Driver/Src/stm32f7xx_hal.o
 .debug_frame   0x0000000000001490      0x498 Drivers/STM32F7xx_HAL_Driver/Src/stm32f7xx_hal_cortex.o
 .debug_frame   0x0000000000001928      0x168 Drivers/STM32F7xx_HAL_Driver/Src/stm32f7xx_hal_crc.o
 .debug_frame   0x0000000000001a90       0x88 Drivers/STM32F7xx_HAL_Driver/Src/stm32f7xx_hal_crc_ex.o
 .debug_frame   0x0000000000001b18      0x250 Drivers/STM32F7xx_HAL_Driver/Src/stm32f7xx_hal_dma.o
 .debug_frame   0x0000000000001d68      0x490 Drivers/STM32F7xx_HAL_Driver/Src/stm32f7xx_hal_dma2d.o
 .debug_frame   0x00000000000021f8      0x14c Drivers/STM32F7xx_HAL_Driver/Src/stm32f7xx_hal_gpio.o
 .debug_frame   0x0000000000002344      0xbbc Drivers/STM32F7xx_HAL_Driver/Src/stm32f7xx_hal_i2c.o
 .debug_frame   0x0000000000002f00      0x1c8 Drivers/STM32F7xx_HAL_Driver/Src/stm32f7xx_hal_pwr_ex.o
 .debug_frame   0x00000000000030c8      0x1f4 Drivers/STM32F7xx_HAL_Driver/Src/stm32f7xx_hal_rcc.o
 .debug_frame   0x00000000000032bc      0x118 Drivers/STM32F7xx_HAL_Driver/Src/stm32f7xx_hal_rcc_ex.o
 .debug_frame   0x00000000000033d4      0x230 GUI files/ft5336.o
 .debug_frame   0x0000000000003604      0x4b0 GUI files/stm32746g_discovery.o
 .debug_frame   0x0000000000003ab4      0x840 GUI files/stm32746g_discovery_lcd.o
 .debug_frame   0x00000000000042f4      0x168 GUI files/stm32746g_discovery_sdram.o
 .debug_frame   0x000000000000445c      0x124 GUI files/stm32746g_discovery_ts.o
 .debug_frame   0x0000000000004580       0x2c /opt/st/stm32cubeide_1.4.0/plugins/com.st.stm32cube.ide.mcu.externaltools.gnu-tools-for-stm32.7-2018-q2-update.linux64_1.4.0.202007081208/tools/bin/../lib/gcc/arm-none-eabi/7.3.1/../../../../arm-none-eabi/lib/thumb/v7e-m/fpv4-sp/hard/libc_nano.a(lib_a-init.o)
 .debug_frame   0x00000000000045ac       0x20 /opt/st/stm32cubeide_1.4.0/plugins/com.st.stm32cube.ide.mcu.externaltools.gnu-tools-for-stm32.7-2018-q2-update.linux64_1.4.0.202007081208/tools/bin/../lib/gcc/arm-none-eabi/7.3.1/../../../../arm-none-eabi/lib/thumb/v7e-m/fpv4-sp/hard/libc_nano.a(lib_a-memset.o)
 .debug_frame   0x00000000000045cc       0x2c /opt/st/stm32cubeide_1.4.0/plugins/com.st.stm32cube.ide.mcu.externaltools.gnu-tools-for-stm32.7-2018-q2-update.linux64_1.4.0.202007081208/tools/bin/../lib/gcc/arm-none-eabi/7.3.1/thumb/v7e-m/fpv4-sp/hard/libgcc.a(_aeabi_uldivmod.o)
 .debug_frame   0x00000000000045f8       0x34 /opt/st/stm32cubeide_1.4.0/plugins/com.st.stm32cube.ide.mcu.externaltools.gnu-tools-for-stm32.7-2018-q2-update.linux64_1.4.0.202007081208/tools/bin/../lib/gcc/arm-none-eabi/7.3.1/thumb/v7e-m/fpv4-sp/hard/libgcc.a(_udivmoddi4.o)
