core_cm7.h:2147:34:__NVIC_SystemReset	4	static,ignoring_inline_asm
core_cm7.h:2229:22:SCB_EnableICache	4	static,ignoring_inline_asm
core_cm7.h:2281:22:SCB_EnableDCache	24	static,ignoring_inline_asm
main.c:64:13:boot_to_app	32	static,ignoring_inline_asm
main.c:76:13:system_restart	8	static,ignoring_inline_asm
main.c:87:5:main	16	static
main.c:156:6:SystemClock_Config	88	static
main.c:206:13:MX_CRC_Init	8	static
main.c:237:13:MX_DMA2D_Init	8	static
main.c:274:13:MX_GPIO_Init	40	static
main.c:302:6:Error_Handler	4	static
