Archive member included to satisfy reference by file (symbol)

/opt/st/stm32cubeide_1.4.0/plugins/com.st.stm32cube.ide.mcu.externaltools.gnu-tools-for-stm32.7-2018-q2-update.linux64_1.4.0.202007081208/tools/bin/../lib/gcc/arm-none-eabi/7.3.1/../../../../arm-none-eabi/lib/thumb/v7e-m/fpv4-sp/hard/libc_nano.a(lib_a-errno.o)
                              Core/Src/syscalls.o (__errno)
/opt/st/stm32cubeide_1.4.0/plugins/com.st.stm32cube.ide.mcu.externaltools.gnu-tools-for-stm32.7-2018-q2-update.linux64_1.4.0.202007081208/tools/bin/../lib/gcc/arm-none-eabi/7.3.1/../../../../arm-none-eabi/lib/thumb/v7e-m/fpv4-sp/hard/libc_nano.a(lib_a-exit.o)
                              /opt/st/stm32cubeide_1.4.0/plugins/com.st.stm32cube.ide.mcu.externaltools.gnu-tools-for-stm32.7-2018-q2-update.linux64_1.4.0.202007081208/tools/bin/../lib/gcc/arm-none-eabi/7.3.1/../../../../arm-none-eabi/lib/thumb/v7e-m/fpv4-sp/hard/crt0.o (exit)
/opt/st/stm32cubeide_1.4.0/plugins/com.st.stm32cube.ide.mcu.externaltools.gnu-tools-for-stm32.7-2018-q2-update.linux64_1.4.0.202007081208/tools/bin/../lib/gcc/arm-none-eabi/7.3.1/../../../../arm-none-eabi/lib/thumb/v7e-m/fpv4-sp/hard/libc_nano.a(lib_a-impure.o)
                              /opt/st/stm32cubeide_1.4.0/plugins/com.st.stm32cube.ide.mcu.externaltools.gnu-tools-for-stm32.7-2018-q2-update.linux64_1.4.0.202007081208/tools/bin/../lib/gcc/arm-none-eabi/7.3.1/../../../../arm-none-eabi/lib/thumb/v7e-m/fpv4-sp/hard/libc_nano.a(lib_a-exit.o) (_global_impure_ptr)
/opt/st/stm32cubeide_1.4.0/plugins/com.st.stm32cube.ide.mcu.externaltools.gnu-tools-for-stm32.7-2018-q2-update.linux64_1.4.0.202007081208/tools/bin/../lib/gcc/arm-none-eabi/7.3.1/../../../../arm-none-eabi/lib/thumb/v7e-m/fpv4-sp/hard/libc_nano.a(lib_a-init.o)
                              /opt/st/stm32cubeide_1.4.0/plugins/com.st.stm32cube.ide.mcu.externaltools.gnu-tools-for-stm32.7-2018-q2-update.linux64_1.4.0.202007081208/tools/bin/../lib/gcc/arm-none-eabi/7.3.1/../../../../arm-none-eabi/lib/thumb/v7e-m/fpv4-sp/hard/crt0.o (__libc_init_array)
/opt/st/stm32cubeide_1.4.0/plugins/com.st.stm32cube.ide.mcu.externaltools.gnu-tools-for-stm32.7-2018-q2-update.linux64_1.4.0.202007081208/tools/bin/../lib/gcc/arm-none-eabi/7.3.1/../../../../arm-none-eabi/lib/thumb/v7e-m/fpv4-sp/hard/libc_nano.a(lib_a-memset.o)
                              /opt/st/stm32cubeide_1.4.0/plugins/com.st.stm32cube.ide.mcu.externaltools.gnu-tools-for-stm32.7-2018-q2-update.linux64_1.4.0.202007081208/tools/bin/../lib/gcc/arm-none-eabi/7.3.1/../../../../arm-none-eabi/lib/thumb/v7e-m/fpv4-sp/hard/crt0.o (memset)
/opt/st/stm32cubeide_1.4.0/plugins/com.st.stm32cube.ide.mcu.externaltools.gnu-tools-for-stm32.7-2018-q2-update.linux64_1.4.0.202007081208/tools/bin/../lib/gcc/arm-none-eabi/7.3.1/thumb/v7e-m/fpv4-sp/hard/libgcc.a(_aeabi_uldivmod.o)
                              Drivers/STM32F7xx_HAL_Driver/Src/stm32f7xx_hal_rcc.o (__aeabi_uldivmod)
/opt/st/stm32cubeide_1.4.0/plugins/com.st.stm32cube.ide.mcu.externaltools.gnu-tools-for-stm32.7-2018-q2-update.linux64_1.4.0.202007081208/tools/bin/../lib/gcc/arm-none-eabi/7.3.1/thumb/v7e-m/fpv4-sp/hard/libgcc.a(_udivmoddi4.o)
                              /opt/st/stm32cubeide_1.4.0/plugins/com.st.stm32cube.ide.mcu.externaltools.gnu-tools-for-stm32.7-2018-q2-update.linux64_1.4.0.202007081208/tools/bin/../lib/gcc/arm-none-eabi/7.3.1/thumb/v7e-m/fpv4-sp/hard/libgcc.a(_aeabi_uldivmod.o) (__udivmoddi4)
/opt/st/stm32cubeide_1.4.0/plugins/com.st.stm32cube.ide.mcu.externaltools.gnu-tools-for-stm32.7-2018-q2-update.linux64_1.4.0.202007081208/tools/bin/../lib/gcc/arm-none-eabi/7.3.1/thumb/v7e-m/fpv4-sp/hard/libgcc.a(_dvmd_tls.o)
                              /opt/st/stm32cubeide_1.4.0/plugins/com.st.stm32cube.ide.mcu.externaltools.gnu-tools-for-stm32.7-2018-q2-update.linux64_1.4.0.202007081208/tools/bin/../lib/gcc/arm-none-eabi/7.3.1/thumb/v7e-m/fpv4-sp/hard/libgcc.a(_aeabi_uldivmod.o) (__aeabi_ldiv0)

Allocating common symbols
Common symbol       size              file

sdramHandle         0x34              GUI files/stm32746g_discovery_sdram.o
hcrc                0x24              Core/Src/main.o
hLtdcHandler        0xa8              GUI files/stm32746g_discovery_lcd.o
uwTick              0x4               Drivers/STM32F7xx_HAL_Driver/Src/stm32f7xx_hal.o
pFlash              0x1c              Drivers/STM32F7xx_HAL_Driver/Src/stm32f7xx_hal_flash.o
hdma2d              0x40              Core/Src/main.o

Discarded input sections

 .text          0x0000000000000000        0x0 /opt/st/stm32cubeide_1.4.0/plugins/com.st.stm32cube.ide.mcu.externaltools.gnu-tools-for-stm32.7-2018-q2-update.linux64_1.4.0.202007081208/tools/bin/../lib/gcc/arm-none-eabi/7.3.1/thumb/v7e-m/fpv4-sp/hard/crti.o
 .data          0x0000000000000000        0x0 /opt/st/stm32cubeide_1.4.0/plugins/com.st.stm32cube.ide.mcu.externaltools.gnu-tools-for-stm32.7-2018-q2-update.linux64_1.4.0.202007081208/tools/bin/../lib/gcc/arm-none-eabi/7.3.1/thumb/v7e-m/fpv4-sp/hard/crti.o
[...]
Memory Configuration

Name             Origin             Length             Attributes
RAM              0x0000000020000000 0x0000000000050000 xrw
FLASH            0x0000000008040000 0x00000000000c0000 xr
*default*        0x0000000000000000 0xffffffffffffffff

Linker script and memory map

LOAD /opt/st/stm32cubeide_1.4.0/plugins/com.st.stm32cube.ide.mcu.externaltools.gnu-tools-for-stm32.7-2018-q2-update.linux64_1.4.0.202007081208/tools/bin/../lib/gcc/arm-none-eabi/7.3.1/thumb/v7e-m/fpv4-sp/hard/crti.o
LOAD /opt/st/stm32cubeide_1.4.0/plugins/com.st.stm32cube.ide.mcu.externaltools.gnu-tools-for-stm32.7-2018-q2-update.linux64_1.4.0.202007081208/tools/bin/../lib/gcc/arm-none-eabi/7.3.1/thumb/v7e-m/fpv4-sp/hard/crtbegin.o
LOAD /opt/st/stm32cubeide_1.4.0/plugins/com.st.stm32cube.ide.mcu.externaltools.gnu-tools-for-stm32.7-2018-q2-update.linux64_1.4.0.202007081208/tools/bin/../lib/gcc/arm-none-eabi/7.3.1/../../../../arm-none-eabi/lib/thumb/v7e-m/fpv4-sp/hard/crt0.o
LOAD Core/Src/main.o
LOAD Core/Src/stm32f7xx_hal_msp.o
LOAD Core/Src/stm32f7xx_it.o
LOAD Core/Src/syscalls.o
LOAD Core/Src/sysmem.o
LOAD Core/Src/system_stm32f7xx.o
LOAD Core/Startup/startup_stm32f746nghx.o
LOAD Drivers/STM32F7xx_HAL_Driver/Src/stm32f7xx_hal.o
LOAD Drivers/STM32F7xx_HAL_Driver/Src/stm32f7xx_hal_cortex.o
LOAD Drivers/STM32F7xx_HAL_Driver/Src/stm32f7xx_hal_crc.o
LOAD Drivers/STM32F7xx_HAL_Driver/Src/stm32f7xx_hal_crc_ex.o
LOAD Drivers/STM32F7xx_HAL_Driver/Src/stm32f7xx_hal_dma.o
LOAD Drivers/STM32F7xx_HAL_Driver/Src/stm32f7xx_hal_dma2d.o
LOAD Drivers/STM32F7xx_HAL_Driver/Src/stm32f7xx_hal_dma_ex.o
LOAD Drivers/STM32F7xx_HAL_Driver/Src/stm32f7xx_hal_exti.o
LOAD Drivers/STM32F7xx_HAL_Driver/Src/stm32f7xx_hal_flash.o
LOAD Drivers/STM32F7xx_HAL_Driver/Src/stm32f7xx_hal_flash_ex.o
LOAD Drivers/STM32F7xx_HAL_Driver/Src/stm32f7xx_hal_gpio.o
LOAD Drivers/STM32F7xx_HAL_Driver/Src/stm32f7xx_hal_i2c.o
LOAD Drivers/STM32F7xx_HAL_Driver/Src/stm32f7xx_hal_i2c_ex.o
LOAD Drivers/STM32F7xx_HAL_Driver/Src/stm32f7xx_hal_ltdc.o
LOAD Drivers/STM32F7xx_HAL_Driver/Src/stm32f7xx_hal_ltdc_ex.o
LOAD Drivers/STM32F7xx_HAL_Driver/Src/stm32f7xx_hal_pwr.o
LOAD Drivers/STM32F7xx_HAL_Driver/Src/stm32f7xx_hal_pwr_ex.o
LOAD Drivers/STM32F7xx_HAL_Driver/Src/stm32f7xx_hal_rcc.o
LOAD Drivers/STM32F7xx_HAL_Driver/Src/stm32f7xx_hal_rcc_ex.o
LOAD Drivers/STM32F7xx_HAL_Driver/Src/stm32f7xx_hal_sdram.o
LOAD Drivers/STM32F7xx_HAL_Driver/Src/stm32f7xx_hal_tim.o
LOAD Drivers/STM32F7xx_HAL_Driver/Src/stm32f7xx_hal_tim_ex.o
LOAD Drivers/STM32F7xx_HAL_Driver/Src/stm32f7xx_hal_uart.o
LOAD Drivers/STM32F7xx_HAL_Driver/Src/stm32f7xx_ll_fmc.o
LOAD GUI files/font12.o
LOAD GUI files/font16.o
LOAD GUI files/font20.o
LOAD GUI files/font24.o
LOAD GUI files/font8.o
LOAD GUI files/ft5336.o
LOAD GUI files/stm32746g_discovery.o
LOAD GUI files/stm32746g_discovery_lcd.o
LOAD GUI files/stm32746g_discovery_sdram.o
LOAD GUI files/stm32746g_discovery_ts.o
START GROUP
LOAD /opt/st/stm32cubeide_1.4.0/plugins/com.st.stm32cube.ide.mcu.externaltools.gnu-tools-for-stm32.7-2018-q2-update.linux64_1.4.0.202007081208/tools/bin/../lib/gcc/arm-none-eabi/7.3.1/../../../../arm-none-eabi/lib/thumb/v7e-m/fpv4-sp/hard/libc_nano.a
LOAD /opt/st/stm32cubeide_1.4.0/plugins/com.st.stm32cube.ide.mcu.externaltools.gnu-tools-for-stm32.7-2018-q2-update.linux64_1.4.0.202007081208/tools/bin/../lib/gcc/arm-none-eabi/7.3.1/../../../../arm-none-eabi/lib/thumb/v7e-m/fpv4-sp/hard/libm.a
END GROUP
START GROUP
LOAD /opt/st/stm32cubeide_1.4.0/plugins/com.st.stm32cube.ide.mcu.externaltools.gnu-tools-for-stm32.7-2018-q2-update.linux64_1.4.0.202007081208/tools/bin/../lib/gcc/arm-none-eabi/7.3.1/thumb/v7e-m/fpv4-sp/hard/libgcc.a
LOAD /opt/st/stm32cubeide_1.4.0/plugins/com.st.stm32cube.ide.mcu.externaltools.gnu-tools-for-stm32.7-2018-q2-update.linux64_1.4.0.202007081208/tools/bin/../lib/gcc/arm-none-eabi/7.3.1/../../../../arm-none-eabi/lib/thumb/v7e-m/fpv4-sp/hard/libc_nano.a
END GROUP
START GROUP
LOAD /opt/st/stm32cubeide_1.4.0/plugins/com.st.stm32cube.ide.mcu.externaltools.gnu-tools-for-stm32.7-2018-q2-update.linux64_1.4.0.202007081208/tools/bin/../lib/gcc/arm-none-eabi/7.3.1/thumb/v7e-m/fpv4-sp/hard/libgcc.a
LOAD /opt/st/stm32cubeide_1.4.0/plugins/com.st.stm32cube.ide.mcu.externaltools.gnu-tools-for-stm32.7-2018-q2-update.linux64_1.4.0.202007081208/tools/bin/../lib/gcc/arm-none-eabi/7.3.1/../../../../arm-none-eabi/lib/thumb/v7e-m/fpv4-sp/hard/libc_nano.a
LOAD /opt/st/stm32cubeide_1.4.0/plugins/com.st.stm32cube.ide.mcu.externaltools.gnu-tools-for-stm32.7-2018-q2-update.linux64_1.4.0.202007081208/tools/bin/../lib/gcc/arm-none-eabi/7.3.1/../../../../arm-none-eabi/lib/thumb/v7e-m/fpv4-sp/hard/libnosys.a
END GROUP
START GROUP
LOAD /opt/st/stm32cubeide_1.4.0/plugins/com.st.stm32cube.ide.mcu.externaltools.gnu-tools-for-stm32.7-2018-q2-update.linux64_1.4.0.202007081208/tools/bin/../lib/gcc/arm-none-eabi/7.3.1/thumb/v7e-m/fpv4-sp/hard/libgcc.a
LOAD /opt/st/stm32cubeide_1.4.0/plugins/com.st.stm32cube.ide.mcu.externaltools.gnu-tools-for-stm32.7-2018-q2-update.linux64_1.4.0.202007081208/tools/bin/../lib/gcc/arm-none-eabi/7.3.1/../../../../arm-none-eabi/lib/thumb/v7e-m/fpv4-sp/hard/libc_nano.a
LOAD /opt/st/stm32cubeide_1.4.0/plugins/com.st.stm32cube.ide.mcu.externaltools.gnu-tools-for-stm32.7-2018-q2-update.linux64_1.4.0.202007081208/tools/bin/../lib/gcc/arm-none-eabi/7.3.1/../../../../arm-none-eabi/lib/thumb/v7e-m/fpv4-sp/hard/libnosys.a
END GROUP
LOAD /opt/st/stm32cubeide_1.4.0/plugins/com.st.stm32cube.ide.mcu.externaltools.gnu-tools-for-stm32.7-2018-q2-update.linux64_1.4.0.202007081208/tools/bin/../lib/gcc/arm-none-eabi/7.3.1/thumb/v7e-m/fpv4-sp/hard/crtend.o
LOAD /opt/st/stm32cubeide_1.4.0/plugins/com.st.stm32cube.ide.mcu.externaltools.gnu-tools-for-stm32.7-2018-q2-update.linux64_1.4.0.202007081208/tools/bin/../lib/gcc/arm-none-eabi/7.3.1/thumb/v7e-m/fpv4-sp/hard/crtn.o
                0x0000000020050000                _estack = (ORIGIN (RAM) + LENGTH (RAM))
                0x0000000000000200                _Min_Heap_Size = 0x200
                0x0000000000000400                _Min_Stack_Size = 0x400

.isr_vector     0x0000000008040000      0x1c8
                0x0000000008040000                . = ALIGN (0x4)
 *(.isr_vector)
 .isr_vector    0x0000000008040000      0x1c8 Core/Startup/startup_stm32f746nghx.o
                0x0000000008040000                g_pfnVectors
                0x00000000080401c8                . = ALIGN (0x4)

.text           0x00000000080401c8     0x5738
                0x00000000080401c8                . = ALIGN (0x4)
 *(.text)
 .text          0x00000000080401c8       0x40 /opt/st/stm32cubeide_1.4.0/plugins/com.st.stm32cube.ide.mcu.externaltools.gnu-tools-for-stm32.7-2018-q2-update.linux64_1.4.0.202007081208/tools/bin/../lib/gcc/arm-none-eabi/7.3.1/thumb/v7e-m/fpv4-sp/hard/crtbegin.o
 .text          0x0000000008040208       0x30 /opt/st/stm32cubeide_1.4.0/plugins/com.st.stm32cube.ide.mcu.externaltools.gnu-tools-for-stm32.7-2018-q2-update.linux64_1.4.0.202007081208/tools/bin/../lib/gcc/arm-none-eabi/7.3.1/thumb/v7e-m/fpv4-sp/hard/libgcc.a(_aeabi_uldivmod.o)
                0x0000000008040208                __aeabi_uldivmod
 .text          0x0000000008040238      0x2cc /opt/st/stm32cubeide_1.4.0/plugins/com.st.stm32cube.ide.mcu.externaltools.gnu-tools-for-stm32.7-2018-q2-update.linux64_1.4.0.202007081208/tools/bin/../lib/gcc/arm-none-eabi/7.3.1/thumb/v7e-m/fpv4-sp/hard/libgcc.a(_udivmoddi4.o)
                0x0000000008040238                __udivmoddi4
 .text          0x0000000008040504        0x4 /opt/st/stm32cubeide_1.4.0/plugins/com.st.stm32cube.ide.mcu.externaltools.gnu-tools-for-stm32.7-2018-q2-update.linux64_1.4.0.202007081208/tools/bin/../lib/gcc/arm-none-eabi/7.3.1/thumb/v7e-m/fpv4-sp/hard/libgcc.a(_dvmd_tls.o)
                0x0000000008040504                __aeabi_ldiv0
                0x0000000008040504                __aeabi_idiv0
 *(.text*)
 .text.SCB_EnableICache
                0x0000000008040508       0x40 Core/Src/main.o
 .text.SCB_EnableDCache
                0x0000000008040548       0x80 Core/Src/main.o
 .text.main     0x00000000080405c8      0x170 Core/Src/main.o
                0x00000000080405c8                main
 .text.SystemClock_Config
                0x0000000008040738       0xd8 Core/Src/main.o
                0x0000000008040738                SystemClock_Config
 .text.MX_CRC_Init
                0x0000000008040810       0x44 Core/Src/main.o
 .text.MX_DMA2D_Init
                0x0000000008040854       0x64 Core/Src/main.o
 .text.MX_GPIO_Init
                0x00000000080408b8       0x7c Core/Src/main.o
 .text.Error_Handler
                0x0000000008040934        0xe Core/Src/main.o
                0x0000000008040934                Error_Handler
 *fill*         0x0000000008040942        0x2 
 .text.HAL_MspInit
                0x0000000008040944       0x48 Core/Src/stm32f7xx_hal_msp.o
                0x0000000008040944                HAL_MspInit
 .text.HAL_CRC_MspInit
                0x000000000804098c       0x40 Core/Src/stm32f7xx_hal_msp.o
                0x000000000804098c                HAL_CRC_MspInit
 .text.HAL_DMA2D_MspInit
                0x00000000080409cc       0x40 Core/Src/stm32f7xx_hal_msp.o
                0x00000000080409cc                HAL_DMA2D_MspInit
 .text.LTDC_IRQHandler
                0x0000000008040a0c       0x14 Core/Src/stm32f7xx_it.o
                0x0000000008040a0c                LTDC_IRQHandler
 .text.NMI_Handler
                0x0000000008040a20        0xe Core/Src/stm32f7xx_it.o
                0x0000000008040a20                NMI_Handler
 .text.HardFault_Handler
                0x0000000008040a2e        0x6 Core/Src/stm32f7xx_it.o
                0x0000000008040a2e                HardFault_Handler
 .text.MemManage_Handler
                0x0000000008040a34        0x6 Core/Src/stm32f7xx_it.o
                0x0000000008040a34                MemManage_Handler
 .text.BusFault_Handler
                0x0000000008040a3a        0x6 Core/Src/stm32f7xx_it.o
                0x0000000008040a3a                BusFault_Handler
 .text.UsageFault_Handler
                0x0000000008040a40        0x6 Core/Src/stm32f7xx_it.o
                0x0000000008040a40                UsageFault_Handler
 .text.SVC_Handler
                0x0000000008040a46        0xe Core/Src/stm32f7xx_it.o
                0x0000000008040a46                SVC_Handler
 .text.DebugMon_Handler
                0x0000000008040a54        0xe Core/Src/stm32f7xx_it.o
                0x0000000008040a54                DebugMon_Handler
 .text.PendSV_Handler
                0x0000000008040a62        0xe Core/Src/stm32f7xx_it.o
                0x0000000008040a62                PendSV_Handler
 .text.SysTick_Handler
                0x0000000008040a70        0xc Core/Src/stm32f7xx_it.o
                0x0000000008040a70                SysTick_Handler
 .text.SystemInit
                0x0000000008040a7c       0x2c Core/Src/system_stm32f7xx.o
                0x0000000008040a7c                SystemInit
 .text.Reset_Handler
                0x0000000008040aa8       0x50 Core/Startup/startup_stm32f746nghx.o
                0x0000000008040aa8                Reset_Handler
 .text.Default_Handler
                0x0000000008040af8        0x2 Core/Startup/startup_stm32f746nghx.o
                0x0000000008040af8                RTC_Alarm_IRQHandler
                0x0000000008040af8                EXTI2_IRQHandler
                0x0000000008040af8                TIM8_CC_IRQHandler
                0x0000000008040af8                UART8_IRQHandler
                0x0000000008040af8                SPI4_IRQHandler
                0x0000000008040af8                TIM1_CC_IRQHandler
                0x0000000008040af8                DMA2_Stream5_IRQHandler
                0x0000000008040af8                DMA1_Stream5_IRQHandler
                0x0000000008040af8                PVD_IRQHandler
                0x0000000008040af8                TAMP_STAMP_IRQHandler
                0x0000000008040af8                CAN2_RX1_IRQHandler
                0x0000000008040af8                EXTI3_IRQHandler
                0x0000000008040af8                TIM8_TRG_COM_TIM14_IRQHandler
                0x0000000008040af8                TIM1_UP_TIM10_IRQHandler
                0x0000000008040af8                TIM8_UP_TIM13_IRQHandler
                0x0000000008040af8                I2C3_ER_IRQHandler
                0x0000000008040af8                EXTI0_IRQHandler
                0x0000000008040af8                I2C2_EV_IRQHandler
                0x0000000008040af8                DMA1_Stream2_IRQHandler
                0x0000000008040af8                CAN1_RX0_IRQHandler
                0x0000000008040af8                FPU_IRQHandler
                0x0000000008040af8                OTG_HS_WKUP_IRQHandler
                0x0000000008040af8                LTDC_ER_IRQHandler
                0x0000000008040af8                CAN2_SCE_IRQHandler
                0x0000000008040af8                DMA2_Stream2_IRQHandler
                0x0000000008040af8                SPI1_IRQHandler
                0x0000000008040af8                TIM6_DAC_IRQHandler
                0x0000000008040af8                TIM1_BRK_TIM9_IRQHandler
                0x0000000008040af8                DCMI_IRQHandler
                0x0000000008040af8                CAN2_RX0_IRQHandler
                0x0000000008040af8                DMA2_Stream3_IRQHandler
                0x0000000008040af8                SAI2_IRQHandler
                0x0000000008040af8                USART6_IRQHandler
                0x0000000008040af8                USART3_IRQHandler
                0x0000000008040af8                CAN1_RX1_IRQHandler
                0x0000000008040af8                UART5_IRQHandler
                0x0000000008040af8                DMA2_Stream0_IRQHandler
                0x0000000008040af8                TIM4_IRQHandler
                0x0000000008040af8                QUADSPI_IRQHandler
                0x0000000008040af8                I2C1_EV_IRQHandler
                0x0000000008040af8                DMA1_Stream6_IRQHandler
                0x0000000008040af8                DMA1_Stream1_IRQHandler
                0x0000000008040af8                UART4_IRQHandler
                0x0000000008040af8                TIM3_IRQHandler
                0x0000000008040af8                RCC_IRQHandler
                0x0000000008040af8                TIM8_BRK_TIM12_IRQHandler
                0x0000000008040af8                Default_Handler
                0x0000000008040af8                CEC_IRQHandler
                0x0000000008040af8                EXTI15_10_IRQHandler
                0x0000000008040af8                ADC_IRQHandler
                0x0000000008040af8                DMA1_Stream7_IRQHandler
                0x0000000008040af8                SPI5_IRQHandler
                0x0000000008040af8                TIM7_IRQHandler
                0x0000000008040af8                SDMMC1_IRQHandler
                0x0000000008040af8                CAN2_TX_IRQHandler
                0x0000000008040af8                TIM5_IRQHandler
                0x0000000008040af8                DMA2_Stream7_IRQHandler
                0x0000000008040af8                I2C3_EV_IRQHandler
                0x0000000008040af8                EXTI9_5_IRQHandler
                0x0000000008040af8                RTC_WKUP_IRQHandler
                0x0000000008040af8                ETH_WKUP_IRQHandler
                0x0000000008040af8                SPDIF_RX_IRQHandler
                0x0000000008040af8                SPI2_IRQHandler
                0x0000000008040af8                OTG_HS_EP1_IN_IRQHandler
                0x0000000008040af8                DMA1_Stream0_IRQHandler
                0x0000000008040af8                CAN1_TX_IRQHandler
                0x0000000008040af8                EXTI4_IRQHandler
                0x0000000008040af8                RNG_IRQHandler
                0x0000000008040af8                ETH_IRQHandler
                0x0000000008040af8                OTG_HS_EP1_OUT_IRQHandler
                0x0000000008040af8                WWDG_IRQHandler
                0x0000000008040af8                SPI6_IRQHandler
                0x0000000008040af8                I2C4_EV_IRQHandler
                0x0000000008040af8                TIM2_IRQHandler
                0x0000000008040af8                OTG_FS_WKUP_IRQHandler
                0x0000000008040af8                TIM1_TRG_COM_TIM11_IRQHandler
                0x0000000008040af8                OTG_HS_IRQHandler
                0x0000000008040af8                DMA2D_IRQHandler
                0x0000000008040af8                EXTI1_IRQHandler
                0x0000000008040af8                UART7_IRQHandler
                0x0000000008040af8                USART2_IRQHandler
                0x0000000008040af8                I2C2_ER_IRQHandler
                0x0000000008040af8                DMA2_Stream1_IRQHandler
                0x0000000008040af8                CAN1_SCE_IRQHandler
                0x0000000008040af8                FLASH_IRQHandler
                0x0000000008040af8                DMA2_Stream4_IRQHandler
                0x0000000008040af8                USART1_IRQHandler
                0x0000000008040af8                OTG_FS_IRQHandler
                0x0000000008040af8                SPI3_IRQHandler
                0x0000000008040af8                DMA1_Stream4_IRQHandler
                0x0000000008040af8                I2C1_ER_IRQHandler
                0x0000000008040af8                FMC_IRQHandler
                0x0000000008040af8                LPTIM1_IRQHandler
                0x0000000008040af8                I2C4_ER_IRQHandler
                0x0000000008040af8                DMA2_Stream6_IRQHandler
                0x0000000008040af8                SAI1_IRQHandler
                0x0000000008040af8                DMA1_Stream3_IRQHandler
 .text.HAL_Init
                0x0000000008040afa       0x1a Drivers/STM32F7xx_HAL_Driver/Src/stm32f7xx_hal.o
                0x0000000008040afa                HAL_Init
 .text.HAL_InitTick
                0x0000000008040b14       0x60 Drivers/STM32F7xx_HAL_Driver/Src/stm32f7xx_hal.o
                0x0000000008040b14                HAL_InitTick
 .text.HAL_IncTick
                0x0000000008040b74       0x28 Drivers/STM32F7xx_HAL_Driver/Src/stm32f7xx_hal.o
                0x0000000008040b74                HAL_IncTick
 .text.HAL_GetTick
                0x0000000008040b9c       0x18 Drivers/STM32F7xx_HAL_Driver/Src/stm32f7xx_hal.o
                0x0000000008040b9c                HAL_GetTick
 .text.HAL_Delay
                0x0000000008040bb4       0x44 Drivers/STM32F7xx_HAL_Driver/Src/stm32f7xx_hal.o
                0x0000000008040bb4                HAL_Delay
 .text.__NVIC_SetPriorityGrouping
                0x0000000008040bf8       0x48 Drivers/STM32F7xx_HAL_Driver/Src/stm32f7xx_hal_cortex.o
 .text.__NVIC_GetPriorityGrouping
                0x0000000008040c40       0x1c Drivers/STM32F7xx_HAL_Driver/Src/stm32f7xx_hal_cortex.o
 .text.__NVIC_EnableIRQ
                0x0000000008040c5c       0x3c Drivers/STM32F7xx_HAL_Driver/Src/stm32f7xx_hal_cortex.o
 .text.__NVIC_SetPriority
                0x0000000008040c98       0x54 Drivers/STM32F7xx_HAL_Driver/Src/stm32f7xx_hal_cortex.o
 .text.NVIC_EncodePriority
                0x0000000008040cec       0x66 Drivers/STM32F7xx_HAL_Driver/Src/stm32f7xx_hal_cortex.o
 *fill*         0x0000000008040d52        0x2 
 .text.SysTick_Config
                0x0000000008040d54       0x44 Drivers/STM32F7xx_HAL_Driver/Src/stm32f7xx_hal_cortex.o
 .text.HAL_NVIC_SetPriorityGrouping
                0x0000000008040d98       0x16 Drivers/STM32F7xx_HAL_Driver/Src/stm32f7xx_hal_cortex.o
                0x0000000008040d98                HAL_NVIC_SetPriorityGrouping
 .text.HAL_NVIC_SetPriority
                0x0000000008040dae       0x38 Drivers/STM32F7xx_HAL_Driver/Src/stm32f7xx_hal_cortex.o
                0x0000000008040dae                HAL_NVIC_SetPriority
 .text.HAL_NVIC_EnableIRQ
                0x0000000008040de6       0x1c Drivers/STM32F7xx_HAL_Driver/Src/stm32f7xx_hal_cortex.o
                0x0000000008040de6                HAL_NVIC_EnableIRQ
 .text.HAL_SYSTICK_Config
                0x0000000008040e02       0x18 Drivers/STM32F7xx_HAL_Driver/Src/stm32f7xx_hal_cortex.o
                0x0000000008040e02                HAL_SYSTICK_Config
 *fill*         0x0000000008040e1a        0x2 
 .text.HAL_CRC_Init
                0x0000000008040e1c       0xc8 Drivers/STM32F7xx_HAL_Driver/Src/stm32f7xx_hal_crc.o
                0x0000000008040e1c                HAL_CRC_Init
 .text.HAL_CRCEx_Polynomial_Set
                0x0000000008040ee4      0x10c Drivers/STM32F7xx_HAL_Driver/Src/stm32f7xx_hal_crc_ex.o
                0x0000000008040ee4                HAL_CRCEx_Polynomial_Set
 .text.HAL_DMA_Init
                0x0000000008040ff0      0x15c Drivers/STM32F7xx_HAL_Driver/Src/stm32f7xx_hal_dma.o
                0x0000000008040ff0                HAL_DMA_Init
 .text.HAL_DMA_DeInit
                0x000000000804114c       0xbc Drivers/STM32F7xx_HAL_Driver/Src/stm32f7xx_hal_dma.o
                0x000000000804114c                HAL_DMA_DeInit
 .text.DMA_CalcBaseAndBitshift
                0x0000000008041208       0x6c Drivers/STM32F7xx_HAL_Driver/Src/stm32f7xx_hal_dma.o
 .text.DMA_CheckFifoParam
                0x0000000008041274       0xf4 Drivers/STM32F7xx_HAL_Driver/Src/stm32f7xx_hal_dma.o
 .text.HAL_DMA2D_Init
                0x0000000008041368       0x94 Drivers/STM32F7xx_HAL_Driver/Src/stm32f7xx_hal_dma2d.o
                0x0000000008041368                HAL_DMA2D_Init
 .text.HAL_DMA2D_Start
                0x00000000080413fc       0x56 Drivers/STM32F7xx_HAL_Driver/Src/stm32f7xx_hal_dma2d.o
                0x00000000080413fc                HAL_DMA2D_Start
 .text.HAL_DMA2D_PollForTransfer
                0x0000000008041452      0x1d2 Drivers/STM32F7xx_HAL_Driver/Src/stm32f7xx_hal_dma2d.o
                0x0000000008041452                HAL_DMA2D_PollForTransfer
 .text.HAL_DMA2D_ConfigLayer
                0x0000000008041624      0x124 Drivers/STM32F7xx_HAL_Driver/Src/stm32f7xx_hal_dma2d.o
                0x0000000008041624                HAL_DMA2D_ConfigLayer
 .text.DMA2D_SetConfig
                0x0000000008041748      0x138 Drivers/STM32F7xx_HAL_Driver/Src/stm32f7xx_hal_dma2d.o
 .text.HAL_GPIO_Init
                0x0000000008041880      0x354 Drivers/STM32F7xx_HAL_Driver/Src/stm32f7xx_hal_gpio.o
                0x0000000008041880                HAL_GPIO_Init
 .text.HAL_GPIO_WritePin
                0x0000000008041bd4       0x32 Drivers/STM32F7xx_HAL_Driver/Src/stm32f7xx_hal_gpio.o
                0x0000000008041bd4                HAL_GPIO_WritePin
 *fill*         0x0000000008041c06        0x2 
 .text.HAL_I2C_Init
                0x0000000008041c08      0x120 Drivers/STM32F7xx_HAL_Driver/Src/stm32f7xx_hal_i2c.o
                0x0000000008041c08                HAL_I2C_Init
 .text.HAL_I2C_DeInit
                0x0000000008041d28       0x5e Drivers/STM32F7xx_HAL_Driver/Src/stm32f7xx_hal_i2c.o
                0x0000000008041d28                HAL_I2C_DeInit
 .text.HAL_I2C_MspInit
                0x0000000008041d86       0x14 Drivers/STM32F7xx_HAL_Driver/Src/stm32f7xx_hal_i2c.o
                0x0000000008041d86                HAL_I2C_MspInit
 .text.HAL_I2C_MspDeInit
                0x0000000008041d9a       0x14 Drivers/STM32F7xx_HAL_Driver/Src/stm32f7xx_hal_i2c.o
                0x0000000008041d9a                HAL_I2C_MspDeInit
 *fill*         0x0000000008041dae        0x2 
 .text.HAL_I2C_Mem_Write
                0x0000000008041db0      0x228 Drivers/STM32F7xx_HAL_Driver/Src/stm32f7xx_hal_i2c.o
                0x0000000008041db0                HAL_I2C_Mem_Write
 .text.HAL_I2C_Mem_Read
                0x0000000008041fd8      0x234 Drivers/STM32F7xx_HAL_Driver/Src/stm32f7xx_hal_i2c.o
                0x0000000008041fd8                HAL_I2C_Mem_Read
 .text.HAL_I2C_GetState
                0x000000000804220c       0x1c Drivers/STM32F7xx_HAL_Driver/Src/stm32f7xx_hal_i2c.o
                0x000000000804220c                HAL_I2C_GetState
 .text.I2C_RequestMemoryWrite
                0x0000000008042228       0xa8 Drivers/STM32F7xx_HAL_Driver/Src/stm32f7xx_hal_i2c.o
 .text.I2C_RequestMemoryRead
                0x00000000080422d0       0xa8 Drivers/STM32F7xx_HAL_Driver/Src/stm32f7xx_hal_i2c.o
 .text.I2C_Flush_TXDR
                0x0000000008042378       0x48 Drivers/STM32F7xx_HAL_Driver/Src/stm32f7xx_hal_i2c.o
 .text.I2C_WaitOnFlagUntilTimeout
                0x00000000080423c0       0x80 Drivers/STM32F7xx_HAL_Driver/Src/stm32f7xx_hal_i2c.o
 .text.I2C_WaitOnTXISFlagUntilTimeout
                0x0000000008042440       0x80 Drivers/STM32F7xx_HAL_Driver/Src/stm32f7xx_hal_i2c.o
 .text.I2C_WaitOnSTOPFlagUntilTimeout
                0x00000000080424c0       0x78 Drivers/STM32F7xx_HAL_Driver/Src/stm32f7xx_hal_i2c.o
 .text.I2C_IsAcknowledgeFailed
                0x0000000008042538       0xcc Drivers/STM32F7xx_HAL_Driver/Src/stm32f7xx_hal_i2c.o
 .text.I2C_TransferConfig
                0x0000000008042604       0x5c Drivers/STM32F7xx_HAL_Driver/Src/stm32f7xx_hal_i2c.o
 .text.HAL_LTDC_Init
                0x0000000008042660      0x1b8 Drivers/STM32F7xx_HAL_Driver/Src/stm32f7xx_hal_ltdc.o
                0x0000000008042660                HAL_LTDC_Init
 .text.HAL_LTDC_MspInit
                0x0000000008042818       0x14 Drivers/STM32F7xx_HAL_Driver/Src/stm32f7xx_hal_ltdc.o
                0x0000000008042818                HAL_LTDC_MspInit
 .text.HAL_LTDC_IRQHandler
                0x000000000804282c      0x158 Drivers/STM32F7xx_HAL_Driver/Src/stm32f7xx_hal_ltdc.o
                0x000000000804282c                HAL_LTDC_IRQHandler
 .text.HAL_LTDC_ErrorCallback
                0x0000000008042984       0x14 Drivers/STM32F7xx_HAL_Driver/Src/stm32f7xx_hal_ltdc.o
                0x0000000008042984                HAL_LTDC_ErrorCallback
 .text.HAL_LTDC_LineEventCallback
                0x0000000008042998       0x14 Drivers/STM32F7xx_HAL_Driver/Src/stm32f7xx_hal_ltdc.o
                0x0000000008042998                HAL_LTDC_LineEventCallback
 .text.HAL_LTDC_ReloadEventCallback
                0x00000000080429ac       0x14 Drivers/STM32F7xx_HAL_Driver/Src/stm32f7xx_hal_ltdc.o
                0x00000000080429ac                HAL_LTDC_ReloadEventCallback
 .text.HAL_LTDC_ConfigLayer
                0x00000000080429c0       0x7c Drivers/STM32F7xx_HAL_Driver/Src/stm32f7xx_hal_ltdc.o
                0x00000000080429c0                HAL_LTDC_ConfigLayer
 .text.HAL_LTDC_GetState
                0x0000000008042a3c       0x1c Drivers/STM32F7xx_HAL_Driver/Src/stm32f7xx_hal_ltdc.o
                0x0000000008042a3c                HAL_LTDC_GetState
 .text.LTDC_SetConfig
                0x0000000008042a58      0x340 Drivers/STM32F7xx_HAL_Driver/Src/stm32f7xx_hal_ltdc.o
 .text.HAL_PWREx_EnableOverDrive
                0x0000000008042d98       0xa0 Drivers/STM32F7xx_HAL_Driver/Src/stm32f7xx_hal_pwr_ex.o
                0x0000000008042d98                HAL_PWREx_EnableOverDrive
 .text.HAL_RCC_OscConfig
                0x0000000008042e38      0x548 Drivers/STM32F7xx_HAL_Driver/Src/stm32f7xx_hal_rcc.o
                0x0000000008042e38                HAL_RCC_OscConfig
 .text.HAL_RCC_ClockConfig
                0x0000000008043380      0x1d8 Drivers/STM32F7xx_HAL_Driver/Src/stm32f7xx_hal_rcc.o
                0x0000000008043380                HAL_RCC_ClockConfig
 .text.HAL_RCC_GetSysClockFreq
                0x0000000008043558      0x164 Drivers/STM32F7xx_HAL_Driver/Src/stm32f7xx_hal_rcc.o
                0x0000000008043558                HAL_RCC_GetSysClockFreq
 .text.HAL_RCCEx_PeriphCLKConfig
                0x00000000080436bc      0x7dc Drivers/STM32F7xx_HAL_Driver/Src/stm32f7xx_hal_rcc_ex.o
                0x00000000080436bc                HAL_RCCEx_PeriphCLKConfig
 .text.HAL_SDRAM_Init
                0x0000000008043e98       0x68 Drivers/STM32F7xx_HAL_Driver/Src/stm32f7xx_hal_sdram.o
                0x0000000008043e98                HAL_SDRAM_Init
 .text.HAL_SDRAM_MspInit
                0x0000000008043f00       0x14 Drivers/STM32F7xx_HAL_Driver/Src/stm32f7xx_hal_sdram.o
                0x0000000008043f00                HAL_SDRAM_MspInit
 .text.HAL_SDRAM_SendCommand
                0x0000000008043f14       0x56 Drivers/STM32F7xx_HAL_Driver/Src/stm32f7xx_hal_sdram.o
                0x0000000008043f14                HAL_SDRAM_SendCommand
 .text.HAL_SDRAM_ProgramRefreshRate
                0x0000000008043f6a       0x40 Drivers/STM32F7xx_HAL_Driver/Src/stm32f7xx_hal_sdram.o
                0x0000000008043f6a                HAL_SDRAM_ProgramRefreshRate
 *fill*         0x0000000008043faa        0x2 
 .text.FMC_SDRAM_Init
                0x0000000008043fac       0xe4 Drivers/STM32F7xx_HAL_Driver/Src/stm32f7xx_ll_fmc.o
                0x0000000008043fac                FMC_SDRAM_Init
 .text.FMC_SDRAM_Timing_Init
                0x0000000008044090      0x100 Drivers/STM32F7xx_HAL_Driver/Src/stm32f7xx_ll_fmc.o
                0x0000000008044090                FMC_SDRAM_Timing_Init
 .text.FMC_SDRAM_SendCommand
                0x0000000008044190       0x42 Drivers/STM32F7xx_HAL_Driver/Src/stm32f7xx_ll_fmc.o
                0x0000000008044190                FMC_SDRAM_SendCommand
 .text.FMC_SDRAM_ProgramRefreshRate
                0x00000000080441d2       0x26 Drivers/STM32F7xx_HAL_Driver/Src/stm32f7xx_ll_fmc.o
                0x00000000080441d2                FMC_SDRAM_ProgramRefreshRate
 .text.ft5336_Init
                0x00000000080441f8       0x1c GUI files/ft5336.o
                0x00000000080441f8                ft5336_Init
 .text.ft5336_Reset
                0x0000000008044214       0x16 GUI files/ft5336.o
                0x0000000008044214                ft5336_Reset
 .text.ft5336_ReadID
                0x000000000804422a       0x5c GUI files/ft5336.o
                0x000000000804422a                ft5336_ReadID
 .text.ft5336_TS_Start
                0x0000000008044286       0x22 GUI files/ft5336.o
                0x0000000008044286                ft5336_TS_Start
 .text.ft5336_TS_DetectTouch
                0x00000000080442a8       0x54 GUI files/ft5336.o
                0x00000000080442a8                ft5336_TS_DetectTouch
 .text.ft5336_TS_GetXY
                0x00000000080442fc      0x1e0 GUI files/ft5336.o
                0x00000000080442fc                ft5336_TS_GetXY
 .text.ft5336_TS_EnableIT
                0x00000000080444dc       0x28 GUI files/ft5336.o
                0x00000000080444dc                ft5336_TS_EnableIT
 .text.ft5336_TS_DisableIT
                0x0000000008044504       0x28 GUI files/ft5336.o
                0x0000000008044504                ft5336_TS_DisableIT
 .text.ft5336_TS_ITStatus
                0x000000000804452c       0x18 GUI files/ft5336.o
                0x000000000804452c                ft5336_TS_ITStatus
 .text.ft5336_TS_ClearIT
                0x0000000008044544       0x16 GUI files/ft5336.o
                0x0000000008044544                ft5336_TS_ClearIT
 *fill*         0x000000000804455a        0x2 
 .text.ft5336_Get_I2C_InitializedStatus
                0x000000000804455c       0x18 GUI files/ft5336.o
 .text.ft5336_I2C_InitializeIfRequired
                0x0000000008044574       0x20 GUI files/ft5336.o
 .text.ft5336_TS_Configure
                0x0000000008044594       0x1c GUI files/ft5336.o
 .text.I2Cx_MspInit
                0x00000000080445b0      0x160 GUI files/stm32746g_discovery.o
 .text.I2Cx_Init
                0x0000000008044710       0x78 GUI files/stm32746g_discovery.o
 .text.I2Cx_ReadMultiple
                0x0000000008044788       0x5a GUI files/stm32746g_discovery.o
 .text.I2Cx_WriteMultiple
                0x00000000080447e2       0x5a GUI files/stm32746g_discovery.o
 .text.I2Cx_Error
                0x000000000804483c       0x20 GUI files/stm32746g_discovery.o
 .text.TS_IO_Init
                0x000000000804485c       0x14 GUI files/stm32746g_discovery.o
                0x000000000804485c                TS_IO_Init
 .text.TS_IO_Write
                0x0000000008044870       0x34 GUI files/stm32746g_discovery.o
                0x0000000008044870                TS_IO_Write
 .text.TS_IO_Read
                0x00000000080448a4       0x3c GUI files/stm32746g_discovery.o
                0x00000000080448a4                TS_IO_Read
 .text.TS_IO_Delay
                0x00000000080448e0       0x16 GUI files/stm32746g_discovery.o
                0x00000000080448e0                TS_IO_Delay
 *fill*         0x00000000080448f6        0x2 
 .text.BSP_LCD_Init
                0x00000000080448f8       0xe0 GUI files/stm32746g_discovery_lcd.o
                0x00000000080448f8                BSP_LCD_Init
 .text.BSP_LCD_GetXSize
                0x00000000080449d8       0x28 GUI files/stm32746g_discovery_lcd.o
                0x00000000080449d8                BSP_LCD_GetXSize
 .text.BSP_LCD_GetYSize
                0x0000000008044a00       0x28 GUI files/stm32746g_discovery_lcd.o
                0x0000000008044a00                BSP_LCD_GetYSize
 .text.BSP_LCD_LayerDefaultInit
                0x0000000008044a28       0xc0 GUI files/stm32746g_discovery_lcd.o
                0x0000000008044a28                BSP_LCD_LayerDefaultInit
 .text.BSP_LCD_SelectLayer
                0x0000000008044ae8       0x20 GUI files/stm32746g_discovery_lcd.o
                0x0000000008044ae8                BSP_LCD_SelectLayer
 .text.BSP_LCD_SetTextColor
                0x0000000008044b08       0x30 GUI files/stm32746g_discovery_lcd.o
                0x0000000008044b08                BSP_LCD_SetTextColor
 .text.BSP_LCD_SetBackColor
                0x0000000008044b38       0x34 GUI files/stm32746g_discovery_lcd.o
                0x0000000008044b38                BSP_LCD_SetBackColor
 .text.BSP_LCD_SetFont
                0x0000000008044b6c       0x34 GUI files/stm32746g_discovery_lcd.o
                0x0000000008044b6c                BSP_LCD_SetFont
 .text.BSP_LCD_Clear
                0x0000000008044ba0       0x50 GUI files/stm32746g_discovery_lcd.o
                0x0000000008044ba0                BSP_LCD_Clear
 .text.BSP_LCD_DisplayChar
                0x0000000008044bf0       0x88 GUI files/stm32746g_discovery_lcd.o
                0x0000000008044bf0                BSP_LCD_DisplayChar
 .text.BSP_LCD_DisplayStringAt
                0x0000000008044c78      0x188 GUI files/stm32746g_discovery_lcd.o
                0x0000000008044c78                BSP_LCD_DisplayStringAt
 .text.BSP_LCD_DrawHLine
                0x0000000008044e00       0xbc GUI files/stm32746g_discovery_lcd.o
                0x0000000008044e00                BSP_LCD_DrawHLine
 .text.BSP_LCD_DrawVLine
                0x0000000008044ebc       0xc4 GUI files/stm32746g_discovery_lcd.o
                0x0000000008044ebc                BSP_LCD_DrawVLine
 .text.BSP_LCD_DrawRect
                0x0000000008044f80       0x62 GUI files/stm32746g_discovery_lcd.o
                0x0000000008044f80                BSP_LCD_DrawRect
 *fill*         0x0000000008044fe2        0x2 
 .text.BSP_LCD_DrawPixel
                0x0000000008044fe4       0x90 GUI files/stm32746g_discovery_lcd.o
                0x0000000008044fe4                BSP_LCD_DrawPixel
 .text.BSP_LCD_DisplayOn
                0x0000000008045074       0x3c GUI files/stm32746g_discovery_lcd.o
                0x0000000008045074                BSP_LCD_DisplayOn
 .text.BSP_LCD_MspInit
                0x00000000080450b0      0x1b4 GUI files/stm32746g_discovery_lcd.o
                0x00000000080450b0                BSP_LCD_MspInit
 .text.BSP_LCD_ClockConfig
                0x0000000008045264       0x38 GUI files/stm32746g_discovery_lcd.o
                0x0000000008045264                BSP_LCD_ClockConfig
 .text.DrawChar
                0x000000000804529c      0x170 GUI files/stm32746g_discovery_lcd.o
 .text.LL_FillBuffer
                0x000000000804540c       0x98 GUI files/stm32746g_discovery_lcd.o
 .text.BSP_SDRAM_Init
                0x00000000080454a4       0xbc GUI files/stm32746g_discovery_sdram.o
                0x00000000080454a4                BSP_SDRAM_Init
 .text.BSP_SDRAM_Initialization_sequence
                0x0000000008045560       0xc0 GUI files/stm32746g_discovery_sdram.o
                0x0000000008045560                BSP_SDRAM_Initialization_sequence
 .text.BSP_SDRAM_MspInit
                0x0000000008045620      0x1f0 GUI files/stm32746g_discovery_sdram.o
                0x0000000008045620                BSP_SDRAM_MspInit
 .text.BSP_TS_Init
                0x0000000008045810       0x80 GUI files/stm32746g_discovery_ts.o
                0x0000000008045810                BSP_TS_Init
 .text.__libc_init_array
                0x0000000008045890       0x48 /opt/st/stm32cubeide_1.4.0/plugins/com.st.stm32cube.ide.mcu.externaltools.gnu-tools-for-stm32.7-2018-q2-update.linux64_1.4.0.202007081208/tools/bin/../lib/gcc/arm-none-eabi/7.3.1/../../../../arm-none-eabi/lib/thumb/v7e-m/fpv4-sp/hard/libc_nano.a(lib_a-init.o)
                0x0000000008045890                __libc_init_array
 .text.memset   0x00000000080458d8       0x10 /opt/st/stm32cubeide_1.4.0/plugins/com.st.stm32cube.ide.mcu.externaltools.gnu-tools-for-stm32.7-2018-q2-update.linux64_1.4.0.202007081208/tools/bin/../lib/gcc/arm-none-eabi/7.3.1/../../../../arm-none-eabi/lib/thumb/v7e-m/fpv4-sp/hard/libc_nano.a(lib_a-memset.o)
                0x00000000080458d8                memset
 *(.glue_7)
 .glue_7        0x00000000080458e8        0x0 linker stubs
 *(.glue_7t)
 .glue_7t       0x00000000080458e8        0x0 linker stubs
 *(.eh_frame)
 .eh_frame      0x00000000080458e8        0x0 /opt/st/stm32cubeide_1.4.0/plugins/com.st.stm32cube.ide.mcu.externaltools.gnu-tools-for-stm32.7-2018-q2-update.linux64_1.4.0.202007081208/tools/bin/../lib/gcc/arm-none-eabi/7.3.1/thumb/v7e-m/fpv4-sp/hard/crtbegin.o
 *(.init)
 .init          0x00000000080458e8        0x4 /opt/st/stm32cubeide_1.4.0/plugins/com.st.stm32cube.ide.mcu.externaltools.gnu-tools-for-stm32.7-2018-q2-update.linux64_1.4.0.202007081208/tools/bin/../lib/gcc/arm-none-eabi/7.3.1/thumb/v7e-m/fpv4-sp/hard/crti.o
                0x00000000080458e8                _init
 .init          0x00000000080458ec        0x8 /opt/st/stm32cubeide_1.4.0/plugins/com.st.stm32cube.ide.mcu.externaltools.gnu-tools-for-stm32.7-2018-q2-update.linux64_1.4.0.202007081208/tools/bin/../lib/gcc/arm-none-eabi/7.3.1/thumb/v7e-m/fpv4-sp/hard/crtn.o
 *(.fini)
 .fini          0x00000000080458f4        0x4 /opt/st/stm32cubeide_1.4.0/plugins/com.st.stm32cube.ide.mcu.externaltools.gnu-tools-for-stm32.7-2018-q2-update.linux64_1.4.0.202007081208/tools/bin/../lib/gcc/arm-none-eabi/7.3.1/thumb/v7e-m/fpv4-sp/hard/crti.o
                0x00000000080458f4                _fini
 .fini          0x00000000080458f8        0x8 /opt/st/stm32cubeide_1.4.0/plugins/com.st.stm32cube.ide.mcu.externaltools.gnu-tools-for-stm32.7-2018-q2-update.linux64_1.4.0.202007081208/tools/bin/../lib/gcc/arm-none-eabi/7.3.1/thumb/v7e-m/fpv4-sp/hard/crtn.o
                0x0000000008045900                . = ALIGN (0x4)
                0x0000000008045900                _etext = .

.vfp11_veneer   0x0000000008045900        0x0
 .vfp11_veneer  0x0000000008045900        0x0 linker stubs

.v4_bx          0x0000000008045900        0x0
 .v4_bx         0x0000000008045900        0x0 linker stubs

.iplt           0x0000000008045900        0x0
 .iplt          0x0000000008045900        0x0 /opt/st/stm32cubeide_1.4.0/plugins/com.st.stm32cube.ide.mcu.externaltools.gnu-tools-for-stm32.7-2018-q2-update.linux64_1.4.0.202007081208/tools/bin/../lib/gcc/arm-none-eabi/7.3.1/thumb/v7e-m/fpv4-sp/hard/crtbegin.o

.rodata         0x0000000008045900     0x1b44
                0x0000000008045900                . = ALIGN (0x4)
 *(.rodata)
 .rodata        0x0000000008045900       0x72 Core/Src/main.o
 *(.rodata*)
 *fill*         0x0000000008045972        0x2 
 .rodata.AHBPrescTable
                0x0000000008045974       0x10 Core/Src/system_stm32f7xx.o
                0x0000000008045974                AHBPrescTable
 .rodata.flagBitshiftOffset.8834
                0x0000000008045984        0x8 Drivers/STM32F7xx_HAL_Driver/Src/stm32f7xx_hal_dma.o
 .rodata.Font24_Table
                0x000000000804598c     0x1ab8 GUI files/font24.o
                0x000000000804598c                Font24_Table
                0x0000000008047444                . = ALIGN (0x4)

.ARM.extab      0x0000000008047444        0x0
                0x0000000008047444                . = ALIGN (0x4)
 *(.ARM.extab* .gnu.linkonce.armextab.*)
                0x0000000008047444                . = ALIGN (0x4)

.ARM            0x0000000008047444        0x8
                0x0000000008047444                . = ALIGN (0x4)
                0x0000000008047444                __exidx_start = .
 *(.ARM.exidx*)
 .ARM.exidx     0x0000000008047444        0x8 /opt/st/stm32cubeide_1.4.0/plugins/com.st.stm32cube.ide.mcu.externaltools.gnu-tools-for-stm32.7-2018-q2-update.linux64_1.4.0.202007081208/tools/bin/../lib/gcc/arm-none-eabi/7.3.1/thumb/v7e-m/fpv4-sp/hard/libgcc.a(_udivmoddi4.o)
                0x000000000804744c                __exidx_end = .
                0x000000000804744c                . = ALIGN (0x4)

.rel.dyn        0x000000000804744c        0x0
 .rel.iplt      0x000000000804744c        0x0 /opt/st/stm32cubeide_1.4.0/plugins/com.st.stm32cube.ide.mcu.externaltools.gnu-tools-for-stm32.7-2018-q2-update.linux64_1.4.0.202007081208/tools/bin/../lib/gcc/arm-none-eabi/7.3.1/thumb/v7e-m/fpv4-sp/hard/crtbegin.o

.preinit_array  0x000000000804744c        0x0
                0x000000000804744c                . = ALIGN (0x4)
                0x000000000804744c                PROVIDE (__preinit_array_start = .)
 *(.preinit_array*)
                0x000000000804744c                PROVIDE (__preinit_array_end = .)
                0x000000000804744c                . = ALIGN (0x4)

.init_array     0x000000000804744c        0x4
                0x000000000804744c                . = ALIGN (0x4)
                0x000000000804744c                PROVIDE (__init_array_start = .)
 *(SORT_BY_NAME(.init_array.*))
 *(.init_array*)
 .init_array    0x000000000804744c        0x4 /opt/st/stm32cubeide_1.4.0/plugins/com.st.stm32cube.ide.mcu.externaltools.gnu-tools-for-stm32.7-2018-q2-update.linux64_1.4.0.202007081208/tools/bin/../lib/gcc/arm-none-eabi/7.3.1/thumb/v7e-m/fpv4-sp/hard/crtbegin.o
                0x0000000008047450                PROVIDE (__init_array_end = .)
                0x0000000008047450                . = ALIGN (0x4)

.fini_array     0x0000000008047450        0x4
                0x0000000008047450                . = ALIGN (0x4)
                [!provide]                        PROVIDE (__fini_array_start = .)
 *(SORT_BY_NAME(.fini_array.*))
 *(.fini_array*)
 .fini_array    0x0000000008047450        0x4 /opt/st/stm32cubeide_1.4.0/plugins/com.st.stm32cube.ide.mcu.externaltools.gnu-tools-for-stm32.7-2018-q2-update.linux64_1.4.0.202007081208/tools/bin/../lib/gcc/arm-none-eabi/7.3.1/thumb/v7e-m/fpv4-sp/hard/crtbegin.o
                [!provide]                        PROVIDE (__fini_array_end = .)
                0x0000000008047454                . = ALIGN (0x4)
                0x0000000008047454                _sidata = LOADADDR (.data)

.data           0x0000000020000000       0x40 load address 0x0000000008047454
                0x0000000020000000                . = ALIGN (0x4)
                0x0000000020000000                _sdata = .
 *(.data)
 *(.data*)
 .data.SystemCoreClock
                0x0000000020000000        0x4 Core/Src/system_stm32f7xx.o
                0x0000000020000000                SystemCoreClock
 .data.uwTickPrio
                0x0000000020000004        0x4 Drivers/STM32F7xx_HAL_Driver/Src/stm32f7xx_hal.o
                0x0000000020000004                uwTickPrio
 .data.uwTickFreq
                0x0000000020000008        0x1 Drivers/STM32F7xx_HAL_Driver/Src/stm32f7xx_hal.o
                0x0000000020000008                uwTickFreq
 *fill*         0x0000000020000009        0x3 
 .data.Font24   0x000000002000000c        0x8 GUI files/font24.o
                0x000000002000000c                Font24
 .data.ft5336_ts_drv
                0x0000000020000014       0x28 GUI files/ft5336.o
                0x0000000020000014                ft5336_ts_drv
 .data.sdramstatus.8750
                0x000000002000003c        0x1 GUI files/stm32746g_discovery_sdram.o
                0x0000000020000040                . = ALIGN (0x4)
 *fill*         0x000000002000003d        0x3 
                0x0000000020000040                _edata = .

.igot.plt       0x0000000020000040        0x0 load address 0x0000000008047494
 .igot.plt      0x0000000020000040        0x0 /opt/st/stm32cubeide_1.4.0/plugins/com.st.stm32cube.ide.mcu.externaltools.gnu-tools-for-stm32.7-2018-q2-update.linux64_1.4.0.202007081208/tools/bin/../lib/gcc/arm-none-eabi/7.3.1/thumb/v7e-m/fpv4-sp/hard/crtbegin.o
                0x0000000020000040                . = ALIGN (0x4)

.bss            0x0000000020000040      0x32c load address 0x0000000008047494
                0x0000000020000040                _sbss = .
                0x0000000020000040                __bss_start__ = _sbss
 *(.bss)
 .bss           0x0000000020000040       0x1c /opt/st/stm32cubeide_1.4.0/plugins/com.st.stm32cube.ide.mcu.externaltools.gnu-tools-for-stm32.7-2018-q2-update.linux64_1.4.0.202007081208/tools/bin/../lib/gcc/arm-none-eabi/7.3.1/thumb/v7e-m/fpv4-sp/hard/crtbegin.o
 *(.bss*)
 .bss.ft5336_handle
                0x000000002000005c        0x3 GUI files/ft5336.o
 *fill*         0x000000002000005f        0x1 
 .bss.coord.5529
                0x0000000020000060        0x2 GUI files/ft5336.o
 *fill*         0x0000000020000062        0x2 
 .bss.hI2cAudioHandler
                0x0000000020000064       0x4c GUI files/stm32746g_discovery.o
 .bss.hDma2dHandler
                0x00000000200000b0       0x40 GUI files/stm32746g_discovery_lcd.o
 .bss.ActiveLayer
                0x00000000200000f0        0x4 GUI files/stm32746g_discovery_lcd.o
 .bss.DrawProp  0x00000000200000f4       0x18 GUI files/stm32746g_discovery_lcd.o
 .bss.periph_clk_init_struct.9317
                0x000000002000010c       0x84 GUI files/stm32746g_discovery_lcd.o
 .bss.Timing    0x0000000020000190       0x1c GUI files/stm32746g_discovery_sdram.o
 .bss.Command   0x00000000200001ac       0x10 GUI files/stm32746g_discovery_sdram.o
 .bss.dma_handle.8786
                0x00000000200001bc       0x60 GUI files/stm32746g_discovery_sdram.o
 .bss.tsDriver  0x000000002000021c        0x4 GUI files/stm32746g_discovery_ts.o
 .bss.tsXBoundary
                0x0000000020000220        0x2 GUI files/stm32746g_discovery_ts.o
 .bss.tsYBoundary
                0x0000000020000222        0x2 GUI files/stm32746g_discovery_ts.o
 .bss.tsOrientation
                0x0000000020000224        0x1 GUI files/stm32746g_discovery_ts.o
 .bss.I2cAddress
                0x0000000020000225        0x1 GUI files/stm32746g_discovery_ts.o
 *(COMMON)
 *fill*         0x0000000020000226        0x2 
 COMMON         0x0000000020000228       0x64 Core/Src/main.o
                0x0000000020000228                hcrc
                0x000000002000024c                hdma2d
 COMMON         0x000000002000028c        0x4 Drivers/STM32F7xx_HAL_Driver/Src/stm32f7xx_hal.o
                0x000000002000028c                uwTick
 COMMON         0x0000000020000290       0xa8 GUI files/stm32746g_discovery_lcd.o
                0x0000000020000290                hLtdcHandler
 COMMON         0x0000000020000338       0x34 GUI files/stm32746g_discovery_sdram.o
                0x0000000020000338                sdramHandle
                0x000000002000036c                . = ALIGN (0x4)
                0x000000002000036c                _ebss = .
                0x000000002000036c                __bss_end__ = _ebss

._user_heap_stack
                0x000000002000036c      0x604 load address 0x0000000008047494
                0x0000000020000370                . = ALIGN (0x8)
 *fill*         0x000000002000036c        0x4 
                [!provide]                        PROVIDE (end = .)
                0x0000000020000370                PROVIDE (_end = .)
                0x0000000020000570                . = (. + _Min_Heap_Size)
 *fill*         0x0000000020000370      0x200 
                0x0000000020000970                . = (. + _Min_Stack_Size)
 *fill*         0x0000000020000570      0x400 
                0x0000000020000970                . = ALIGN (0x8)

/DISCARD/
 libc.a(*)
 libm.a(*)
 libgcc.a(*)

.ARM.attributes
                0x0000000000000000       0x30
 *(.ARM.attributes)
 .ARM.attributes
                0x0000000000000000       0x22 /opt/st/stm32cubeide_1.4.0/plugins/com.st.stm32cube.ide.mcu.externaltools.gnu-tools-for-stm32.7-2018-q2-update.linux64_1.4.0.202007081208/tools/bin/../lib/gcc/arm-none-eabi/7.3.1/thumb/v7e-m/fpv4-sp/hard/crti.o
 .ARM.attributes
                0x0000000000000022       0x34 /opt/st/stm32cubeide_1.4.0/plugins/com.st.stm32cube.ide.mcu.externaltools.gnu-tools-for-stm32.7-2018-q2-update.linux64_1.4.0.202007081208/tools/bin/../lib/gcc/arm-none-eabi/7.3.1/thumb/v7e-m/fpv4-sp/hard/crtbegin.o
 .ARM.attributes
                0x0000000000000056       0x39 Core/Src/main.o
 .ARM.attributes
                0x000000000000008f       0x39 Core/Src/stm32f7xx_hal_msp.o
 .ARM.attributes
                0x00000000000000c8       0x39 Core/Src/stm32f7xx_it.o
 .ARM.attributes
                0x0000000000000101       0x39 Core/Src/system_stm32f7xx.o
 .ARM.attributes
                0x000000000000013a       0x21 Core/Startup/startup_stm32f746nghx.o
 .ARM.attributes
                0x000000000000015b       0x39 Drivers/STM32F7xx_HAL_Driver/Src/stm32f7xx_hal.o
 .ARM.attributes
                0x0000000000000194       0x39 Drivers/STM32F7xx_HAL_Driver/Src/stm32f7xx_hal_cortex.o
 .ARM.attributes
                0x00000000000001cd       0x39 Drivers/STM32F7xx_HAL_Driver/Src/stm32f7xx_hal_crc.o
 .ARM.attributes
                0x0000000000000206       0x39 Drivers/STM32F7xx_HAL_Driver/Src/stm32f7xx_hal_crc_ex.o
 .ARM.attributes
                0x000000000000023f       0x39 Drivers/STM32F7xx_HAL_Driver/Src/stm32f7xx_hal_dma.o
 .ARM.attributes
                0x0000000000000278       0x39 Drivers/STM32F7xx_HAL_Driver/Src/stm32f7xx_hal_dma2d.o
 .ARM.attributes
                0x00000000000002b1       0x39 Drivers/STM32F7xx_HAL_Driver/Src/stm32f7xx_hal_gpio.o
 .ARM.attributes
                0x00000000000002ea       0x39 Drivers/STM32F7xx_HAL_Driver/Src/stm32f7xx_hal_i2c.o
 .ARM.attributes
                0x0000000000000323       0x39 Drivers/STM32F7xx_HAL_Driver/Src/stm32f7xx_hal_ltdc.o
 .ARM.attributes
                0x000000000000035c       0x39 Drivers/STM32F7xx_HAL_Driver/Src/stm32f7xx_hal_pwr_ex.o
 .ARM.attributes
                0x0000000000000395       0x39 Drivers/STM32F7xx_HAL_Driver/Src/stm32f7xx_hal_rcc.o
 .ARM.attributes
                0x00000000000003ce       0x39 Drivers/STM32F7xx_HAL_Driver/Src/stm32f7xx_hal_rcc_ex.o
 .ARM.attributes
                0x0000000000000407       0x39 Drivers/STM32F7xx_HAL_Driver/Src/stm32f7xx_hal_sdram.o
 .ARM.attributes
                0x0000000000000440       0x39 Drivers/STM32F7xx_HAL_Driver/Src/stm32f7xx_ll_fmc.o
 .ARM.attributes
                0x0000000000000479       0x39 GUI files/font24.o
 .ARM.attributes
                0x00000000000004b2       0x39 GUI files/ft5336.o
 .ARM.attributes
                0x00000000000004eb       0x39 GUI files/stm32746g_discovery.o
 .ARM.attributes
                0x0000000000000524       0x39 GUI files/stm32746g_discovery_lcd.o
 .ARM.attributes
                0x000000000000055d       0x39 GUI files/stm32746g_discovery_sdram.o
 .ARM.attributes
                0x0000000000000596       0x39 GUI files/stm32746g_discovery_ts.o
 .ARM.attributes
                0x00000000000005cf       0x34 /opt/st/stm32cubeide_1.4.0/plugins/com.st.stm32cube.ide.mcu.externaltools.gnu-tools-for-stm32.7-2018-q2-update.linux64_1.4.0.202007081208/tools/bin/../lib/gcc/arm-none-eabi/7.3.1/../../../../arm-none-eabi/lib/thumb/v7e-m/fpv4-sp/hard/libc_nano.a(lib_a-init.o)
 .ARM.attributes
                0x0000000000000603       0x34 /opt/st/stm32cubeide_1.4.0/plugins/com.st.stm32cube.ide.mcu.externaltools.gnu-tools-for-stm32.7-2018-q2-update.linux64_1.4.0.202007081208/tools/bin/../lib/gcc/arm-none-eabi/7.3.1/../../../../arm-none-eabi/lib/thumb/v7e-m/fpv4-sp/hard/libc_nano.a(lib_a-memset.o)
 .ARM.attributes
                0x0000000000000637       0x22 /opt/st/stm32cubeide_1.4.0/plugins/com.st.stm32cube.ide.mcu.externaltools.gnu-tools-for-stm32.7-2018-q2-update.linux64_1.4.0.202007081208/tools/bin/../lib/gcc/arm-none-eabi/7.3.1/thumb/v7e-m/fpv4-sp/hard/libgcc.a(_aeabi_uldivmod.o)
 .ARM.attributes
                0x0000000000000659       0x34 /opt/st/stm32cubeide_1.4.0/plugins/com.st.stm32cube.ide.mcu.externaltools.gnu-tools-for-stm32.7-2018-q2-update.linux64_1.4.0.202007081208/tools/bin/../lib/gcc/arm-none-eabi/7.3.1/thumb/v7e-m/fpv4-sp/hard/libgcc.a(_udivmoddi4.o)
 .ARM.attributes
                0x000000000000068d       0x22 /opt/st/stm32cubeide_1.4.0/plugins/com.st.stm32cube.ide.mcu.externaltools.gnu-tools-for-stm32.7-2018-q2-update.linux64_1.4.0.202007081208/tools/bin/../lib/gcc/arm-none-eabi/7.3.1/thumb/v7e-m/fpv4-sp/hard/libgcc.a(_dvmd_tls.o)
 .ARM.attributes
                0x00000000000006af       0x22 /opt/st/stm32cubeide_1.4.0/plugins/com.st.stm32cube.ide.mcu.externaltools.gnu-tools-for-stm32.7-2018-q2-update.linux64_1.4.0.202007081208/tools/bin/../lib/gcc/arm-none-eabi/7.3.1/thumb/v7e-m/fpv4-sp/hard/crtn.o
OUTPUT(Application.elf elf32-littlearm)

.debug_info     0x0000000000000000    0x12f50
 .debug_info    0x0000000000000000     0x1247 Core/Src/main.o
 .debug_info    0x0000000000001247      0xa86 Core/Src/stm32f7xx_hal_msp.o
 .debug_info    0x0000000000001ccd      0x776 Core/Src/stm32f7xx_it.o
 .debug_info    0x0000000000002443      0x73d Core/Src/system_stm32f7xx.o
 .debug_info    0x0000000000002b80       0x22 Core/Startup/startup_stm32f746nghx.o
 .debug_info    0x0000000000002ba2      0x9d3 Drivers/STM32F7xx_HAL_Driver/Src/stm32f7xx_hal.o
 .debug_info    0x0000000000003575     0x104a Drivers/STM32F7xx_HAL_Driver/Src/stm32f7xx_hal_cortex.o
 .debug_info    0x00000000000045bf      0x5dc Drivers/STM32F7xx_HAL_Driver/Src/stm32f7xx_hal_crc.o
 .debug_info    0x0000000000004b9b      0x426 Drivers/STM32F7xx_HAL_Driver/Src/stm32f7xx_hal_crc_ex.o
 .debug_info    0x0000000000004fc1      0x968 Drivers/STM32F7xx_HAL_Driver/Src/stm32f7xx_hal_dma.o
 .debug_info    0x0000000000005929      0xee9 Drivers/STM32F7xx_HAL_Driver/Src/stm32f7xx_hal_dma2d.o
 .debug_info    0x0000000000006812      0x7dc Drivers/STM32F7xx_HAL_Driver/Src/stm32f7xx_hal_gpio.o
 .debug_info    0x0000000000006fee     0x1fb9 Drivers/STM32F7xx_HAL_Driver/Src/stm32f7xx_hal_i2c.o
 .debug_info    0x0000000000008fa7     0x10fe Drivers/STM32F7xx_HAL_Driver/Src/stm32f7xx_hal_ltdc.o
 .debug_info    0x000000000000a0a5      0x96b Drivers/STM32F7xx_HAL_Driver/Src/stm32f7xx_hal_pwr_ex.o
 .debug_info    0x000000000000aa10      0x935 Drivers/STM32F7xx_HAL_Driver/Src/stm32f7xx_hal_rcc.o
 .debug_info    0x000000000000b345      0x7ad Drivers/STM32F7xx_HAL_Driver/Src/stm32f7xx_hal_rcc_ex.o
 .debug_info    0x000000000000baf2      0xc9b Drivers/STM32F7xx_HAL_Driver/Src/stm32f7xx_hal_sdram.o
 .debug_info    0x000000000000c78d      0xcd2 Drivers/STM32F7xx_HAL_Driver/Src/stm32f7xx_ll_fmc.o
 .debug_info    0x000000000000d45f      0x147 GUI files/font24.o
 .debug_info    0x000000000000d5a6      0x58d GUI files/ft5336.o
 .debug_info    0x000000000000db33     0x19c7 GUI files/stm32746g_discovery.o
 .debug_info    0x000000000000f4fa     0x215b GUI files/stm32746g_discovery_lcd.o
 .debug_info    0x0000000000011655      0xf1e GUI files/stm32746g_discovery_sdram.o
 .debug_info    0x0000000000012573      0x9dd GUI files/stm32746g_discovery_ts.o

.debug_abbrev   0x0000000000000000     0x2da2
 .debug_abbrev  0x0000000000000000      0x23d Core/Src/main.o
 .debug_abbrev  0x000000000000023d      0x19d Core/Src/stm32f7xx_hal_msp.o
 .debug_abbrev  0x00000000000003da      0x15c Core/Src/stm32f7xx_it.o
 .debug_abbrev  0x0000000000000536      0x147 Core/Src/system_stm32f7xx.o
 .debug_abbrev  0x000000000000067d       0x12 Core/Startup/startup_stm32f746nghx.o
 .debug_abbrev  0x000000000000068f      0x1c7 Drivers/STM32F7xx_HAL_Driver/Src/stm32f7xx_hal.o
 .debug_abbrev  0x0000000000000856      0x2fa Drivers/STM32F7xx_HAL_Driver/Src/stm32f7xx_hal_cortex.o
 .debug_abbrev  0x0000000000000b50      0x1d1 Drivers/STM32F7xx_HAL_Driver/Src/stm32f7xx_hal_crc.o
 .debug_abbrev  0x0000000000000d21      0x165 Drivers/STM32F7xx_HAL_Driver/Src/stm32f7xx_hal_crc_ex.o
 .debug_abbrev  0x0000000000000e86      0x229 Drivers/STM32F7xx_HAL_Driver/Src/stm32f7xx_hal_dma.o
 .debug_abbrev  0x00000000000010af      0x211 Drivers/STM32F7xx_HAL_Driver/Src/stm32f7xx_hal_dma2d.o
 .debug_abbrev  0x00000000000012c0      0x1c9 Drivers/STM32F7xx_HAL_Driver/Src/stm32f7xx_hal_gpio.o
 .debug_abbrev  0x0000000000001489      0x22a Drivers/STM32F7xx_HAL_Driver/Src/stm32f7xx_hal_i2c.o
 .debug_abbrev  0x00000000000016b3      0x22e Drivers/STM32F7xx_HAL_Driver/Src/stm32f7xx_hal_ltdc.o
 .debug_abbrev  0x00000000000018e1      0x1b8 Drivers/STM32F7xx_HAL_Driver/Src/stm32f7xx_hal_pwr_ex.o
 .debug_abbrev  0x0000000000001a99      0x21a Drivers/STM32F7xx_HAL_Driver/Src/stm32f7xx_hal_rcc.o
 .debug_abbrev  0x0000000000001cb3      0x1ad Drivers/STM32F7xx_HAL_Driver/Src/stm32f7xx_hal_rcc_ex.o
 .debug_abbrev  0x0000000000001e60      0x1f7 Drivers/STM32F7xx_HAL_Driver/Src/stm32f7xx_hal_sdram.o
 .debug_abbrev  0x0000000000002057      0x170 Drivers/STM32F7xx_HAL_Driver/Src/stm32f7xx_ll_fmc.o
 .debug_abbrev  0x00000000000021c7       0xa5 GUI files/font24.o
 .debug_abbrev  0x000000000000226c      0x1ea GUI files/ft5336.o
 .debug_abbrev  0x0000000000002456      0x287 GUI files/stm32746g_discovery.o
 .debug_abbrev  0x00000000000026dd      0x282 GUI files/stm32746g_discovery_lcd.o
 .debug_abbrev  0x000000000000295f      0x218 GUI files/stm32746g_discovery_sdram.o
 .debug_abbrev  0x0000000000002b77      0x22b GUI files/stm32746g_discovery_ts.o

.debug_aranges  0x0000000000000000     0x1120
 .debug_aranges
                0x0000000000000000       0x58 Core/Src/main.o
 .debug_aranges
                0x0000000000000058       0x40 Core/Src/stm32f7xx_hal_msp.o
 .debug_aranges
                0x0000000000000098       0x68 Core/Src/stm32f7xx_it.o
 .debug_aranges
                0x0000000000000100       0x28 Core/Src/system_stm32f7xx.o
 .debug_aranges
                0x0000000000000128       0x28 Core/Startup/startup_stm32f746nghx.o
 .debug_aranges
                0x0000000000000150      0x100 Drivers/STM32F7xx_HAL_Driver/Src/stm32f7xx_hal.o
 .debug_aranges
                0x0000000000000250      0x118 Drivers/STM32F7xx_HAL_Driver/Src/stm32f7xx_hal_cortex.o
 .debug_aranges
                0x0000000000000368       0x60 Drivers/STM32F7xx_HAL_Driver/Src/stm32f7xx_hal_crc.o
 .debug_aranges
                0x00000000000003c8       0x30 Drivers/STM32F7xx_HAL_Driver/Src/stm32f7xx_hal_crc_ex.o
 .debug_aranges
                0x00000000000003f8       0x90 Drivers/STM32F7xx_HAL_Driver/Src/stm32f7xx_hal_dma.o
 .debug_aranges
                0x0000000000000488      0x108 Drivers/STM32F7xx_HAL_Driver/Src/stm32f7xx_hal_dma2d.o
 .debug_aranges
                0x0000000000000590       0x58 Drivers/STM32F7xx_HAL_Driver/Src/stm32f7xx_hal_gpio.o
 .debug_aranges
                0x00000000000005e8      0x288 Drivers/STM32F7xx_HAL_Driver/Src/stm32f7xx_hal_i2c.o
 .debug_aranges
                0x0000000000000870      0x158 Drivers/STM32F7xx_HAL_Driver/Src/stm32f7xx_hal_ltdc.o
 .debug_aranges
                0x00000000000009c8       0x80 Drivers/STM32F7xx_HAL_Driver/Src/stm32f7xx_hal_pwr_ex.o
 .debug_aranges
                0x0000000000000a48       0x88 Drivers/STM32F7xx_HAL_Driver/Src/stm32f7xx_hal_rcc.o
 .debug_aranges
                0x0000000000000ad0       0x50 Drivers/STM32F7xx_HAL_Driver/Src/stm32f7xx_hal_rcc_ex.o
 .debug_aranges
                0x0000000000000b20       0xd0 Drivers/STM32F7xx_HAL_Driver/Src/stm32f7xx_hal_sdram.o
 .debug_aranges
                0x0000000000000bf0       0xc8 Drivers/STM32F7xx_HAL_Driver/Src/stm32f7xx_ll_fmc.o
 .debug_aranges
                0x0000000000000cb8       0x18 GUI files/font24.o
 .debug_aranges
                0x0000000000000cd0       0x90 GUI files/ft5336.o
 .debug_aranges
                0x0000000000000d60      0x128 GUI files/stm32746g_discovery.o
 .debug_aranges
                0x0000000000000e88      0x1d8 GUI files/stm32746g_discovery_lcd.o
 .debug_aranges
                0x0000000000001060       0x68 GUI files/stm32746g_discovery_sdram.o
 .debug_aranges
                0x00000000000010c8       0x58 GUI files/stm32746g_discovery_ts.o

.debug_ranges   0x0000000000000000      0xf90
 .debug_ranges  0x0000000000000000       0x48 Core/Src/main.o
 .debug_ranges  0x0000000000000048       0x30 Core/Src/stm32f7xx_hal_msp.o
 .debug_ranges  0x0000000000000078       0x58 Core/Src/stm32f7xx_it.o
 .debug_ranges  0x00000000000000d0       0x18 Core/Src/system_stm32f7xx.o
 .debug_ranges  0x00000000000000e8       0x20 Core/Startup/startup_stm32f746nghx.o
 .debug_ranges  0x0000000000000108       0xf0 Drivers/STM32F7xx_HAL_Driver/Src/stm32f7xx_hal.o
 .debug_ranges  0x00000000000001f8      0x108 Drivers/STM32F7xx_HAL_Driver/Src/stm32f7xx_hal_cortex.o
 .debug_ranges  0x0000000000000300       0x50 Drivers/STM32F7xx_HAL_Driver/Src/stm32f7xx_hal_crc.o
 .debug_ranges  0x0000000000000350       0x20 Drivers/STM32F7xx_HAL_Driver/Src/stm32f7xx_hal_crc_ex.o
 .debug_ranges  0x0000000000000370       0x80 Drivers/STM32F7xx_HAL_Driver/Src/stm32f7xx_hal_dma.o
 .debug_ranges  0x00000000000003f0       0xf8 Drivers/STM32F7xx_HAL_Driver/Src/stm32f7xx_hal_dma2d.o
 .debug_ranges  0x00000000000004e8       0x48 Drivers/STM32F7xx_HAL_Driver/Src/stm32f7xx_hal_gpio.o
 .debug_ranges  0x0000000000000530      0x278 Drivers/STM32F7xx_HAL_Driver/Src/stm32f7xx_hal_i2c.o
 .debug_ranges  0x00000000000007a8      0x148 Drivers/STM32F7xx_HAL_Driver/Src/stm32f7xx_hal_ltdc.o
 .debug_ranges  0x00000000000008f0       0x70 Drivers/STM32F7xx_HAL_Driver/Src/stm32f7xx_hal_pwr_ex.o
 .debug_ranges  0x0000000000000960       0x78 Drivers/STM32F7xx_HAL_Driver/Src/stm32f7xx_hal_rcc.o
 .debug_ranges  0x00000000000009d8       0x40 Drivers/STM32F7xx_HAL_Driver/Src/stm32f7xx_hal_rcc_ex.o
 .debug_ranges  0x0000000000000a18       0xc0 Drivers/STM32F7xx_HAL_Driver/Src/stm32f7xx_hal_sdram.o
 .debug_ranges  0x0000000000000ad8       0xb8 Drivers/STM32F7xx_HAL_Driver/Src/stm32f7xx_ll_fmc.o
 .debug_ranges  0x0000000000000b90       0x80 GUI files/ft5336.o
 .debug_ranges  0x0000000000000c10      0x118 GUI files/stm32746g_discovery.o
 .debug_ranges  0x0000000000000d28      0x1c8 GUI files/stm32746g_discovery_lcd.o
 .debug_ranges  0x0000000000000ef0       0x58 GUI files/stm32746g_discovery_sdram.o
 .debug_ranges  0x0000000000000f48       0x48 GUI files/stm32746g_discovery_ts.o

.debug_macro    0x0000000000000000    0x271f1
 .debug_macro   0x0000000000000000      0x286 Core/Src/main.o
 .debug_macro   0x0000000000000286      0xa5a Core/Src/main.o
 .debug_macro   0x0000000000000ce0      0x2a5 Core/Src/main.o
 .debug_macro   0x0000000000000f85       0x2e Core/Src/main.o
 .debug_macro   0x0000000000000fb3       0x3b Core/Src/main.o
 .debug_macro   0x0000000000000fee       0x22 Core/Src/main.o
 .debug_macro   0x0000000000001010       0x8e Core/Src/main.o
 .debug_macro   0x000000000000109e       0x51 Core/Src/main.o
 .debug_macro   0x00000000000010ef       0xef Core/Src/main.o
 .debug_macro   0x00000000000011de       0x6a Core/Src/main.o
 .debug_macro   0x0000000000001248      0x1df Core/Src/main.o
 .debug_macro   0x0000000000001427       0x1c Core/Src/main.o
 .debug_macro   0x0000000000001443       0x22 Core/Src/main.o
 .debug_macro   0x0000000000001465       0xdf Core/Src/main.o
 .debug_macro   0x0000000000001544     0x12cd Core/Src/main.o
 .debug_macro   0x0000000000002811      0x11f Core/Src/main.o
 .debug_macro   0x0000000000002930       0x19 Core/Src/main.o
 .debug_macro   0x0000000000002949    0x190f0 Core/Src/main.o
 .debug_macro   0x000000000001ba39       0x43 Core/Src/main.o
 .debug_macro   0x000000000001ba7c     0x36b4 Core/Src/main.o
 .debug_macro   0x000000000001f130      0x174 Core/Src/main.o
 .debug_macro   0x000000000001f2a4       0x61 Core/Src/main.o
 .debug_macro   0x000000000001f305     0x18ad Core/Src/main.o
 .debug_macro   0x0000000000020bb2      0x6c4 Core/Src/main.o
 .debug_macro   0x0000000000021276      0x185 Core/Src/main.o
 .debug_macro   0x00000000000213fb      0x117 Core/Src/main.o
 .debug_macro   0x0000000000021512      0x1fe Core/Src/main.o
 .debug_macro   0x0000000000021710       0x27 Core/Src/main.o
 .debug_macro   0x0000000000021737      0x24f Core/Src/main.o
 .debug_macro   0x0000000000021986       0x41 Core/Src/main.o
 .debug_macro   0x00000000000219c7       0x58 Core/Src/main.o
 .debug_macro   0x0000000000021a1f      0x236 Core/Src/main.o
 .debug_macro   0x0000000000021c55       0xd5 Core/Src/main.o
 .debug_macro   0x0000000000021d2a       0x4c Core/Src/main.o
 .debug_macro   0x0000000000021d76      0x20f Core/Src/main.o
 .debug_macro   0x0000000000021f85      0x14f Core/Src/main.o
 .debug_macro   0x00000000000220d4      0x25b Core/Src/main.o
 .debug_macro   0x000000000002232f       0x12 Core/Src/main.o
 .debug_macro   0x0000000000022341      0x516 Core/Src/main.o
 .debug_macro   0x0000000000022857      0x22c Core/Src/main.o
 .debug_macro   0x0000000000022a83       0x5a Core/Src/main.o
 .debug_macro   0x0000000000022add       0xa5 Core/Src/main.o
 .debug_macro   0x0000000000022b82      0x255 Core/Src/main.o
 .debug_macro   0x0000000000022dd7      0x12f Core/Src/main.o
 .debug_macro   0x0000000000022f06      0x108 Core/Src/main.o
 .debug_macro   0x000000000002300e       0x35 Core/Src/main.o
 .debug_macro   0x0000000000023043      0x4e8 Core/Src/main.o
 .debug_macro   0x000000000002352b       0x47 Core/Src/main.o
 .debug_macro   0x0000000000023572      0x14e Core/Src/main.o
 .debug_macro   0x00000000000236c0      0x268 Core/Src/main.o
 .debug_macro   0x0000000000023928       0xa0 Core/Src/main.o
 .debug_macro   0x00000000000239c8       0x10 Core/Src/main.o
 .debug_macro   0x00000000000239d8      0x39e Core/Src/main.o
 .debug_macro   0x0000000000023d76       0x2e Core/Src/main.o
 .debug_macro   0x0000000000023da4       0x40 Core/Src/main.o
 .debug_macro   0x0000000000023de4       0x10 Core/Src/main.o
 .debug_macro   0x0000000000023df4      0x12b Core/Src/main.o
 .debug_macro   0x0000000000023f1f       0x10 Core/Src/main.o
 .debug_macro   0x0000000000023f2f      0x286 Core/Src/stm32f7xx_hal_msp.o
 .debug_macro   0x00000000000241b5      0x290 Core/Src/stm32f7xx_it.o
 .debug_macro   0x0000000000024445      0x21b Core/Src/system_stm32f7xx.o
 .debug_macro   0x0000000000024660      0x239 Drivers/STM32F7xx_HAL_Driver/Src/stm32f7xx_hal.o
 .debug_macro   0x0000000000024899      0x215 Drivers/STM32F7xx_HAL_Driver/Src/stm32f7xx_hal_cortex.o
 .debug_macro   0x0000000000024aae      0x215 Drivers/STM32F7xx_HAL_Driver/Src/stm32f7xx_hal_crc.o
 .debug_macro   0x0000000000024cc3      0x215 Drivers/STM32F7xx_HAL_Driver/Src/stm32f7xx_hal_crc_ex.o
 .debug_macro   0x0000000000024ed8      0x21b Drivers/STM32F7xx_HAL_Driver/Src/stm32f7xx_hal_dma.o
 .debug_macro   0x00000000000250f3      0x224 Drivers/STM32F7xx_HAL_Driver/Src/stm32f7xx_hal_dma2d.o
 .debug_macro   0x0000000000025317      0x24b Drivers/STM32F7xx_HAL_Driver/Src/stm32f7xx_hal_gpio.o
 .debug_macro   0x0000000000025562      0x2da Drivers/STM32F7xx_HAL_Driver/Src/stm32f7xx_hal_i2c.o
 .debug_macro   0x000000000002583c      0x215 Drivers/STM32F7xx_HAL_Driver/Src/stm32f7xx_hal_ltdc.o
 .debug_macro   0x0000000000025a51      0x22d Drivers/STM32F7xx_HAL_Driver/Src/stm32f7xx_hal_pwr_ex.o
 .debug_macro   0x0000000000025c7e      0x239 Drivers/STM32F7xx_HAL_Driver/Src/stm32f7xx_hal_rcc.o
 .debug_macro   0x0000000000025eb7      0x215 Drivers/STM32F7xx_HAL_Driver/Src/stm32f7xx_hal_rcc_ex.o
 .debug_macro   0x00000000000260cc      0x215 Drivers/STM32F7xx_HAL_Driver/Src/stm32f7xx_hal_sdram.o
 .debug_macro   0x00000000000262e1      0x215 Drivers/STM32F7xx_HAL_Driver/Src/stm32f7xx_ll_fmc.o
 .debug_macro   0x00000000000264f6       0x73 GUI files/font24.o
 .debug_macro   0x0000000000026569       0x7b GUI files/ft5336.o
 .debug_macro   0x00000000000265e4      0x242 GUI files/stm32746g_discovery.o
 .debug_macro   0x0000000000026826      0x262 GUI files/stm32746g_discovery.o
 .debug_macro   0x0000000000026a88      0x260 GUI files/stm32746g_discovery_lcd.o
 .debug_macro   0x0000000000026ce8       0x9a GUI files/stm32746g_discovery_lcd.o
 .debug_macro   0x0000000000026d82      0x224 GUI files/stm32746g_discovery_sdram.o
 .debug_macro   0x0000000000026fa6      0x24b GUI files/stm32746g_discovery_ts.o

.debug_line     0x0000000000000000     0xf147
 .debug_line    0x0000000000000000      0x916 Core/Src/main.o
 .debug_line    0x0000000000000916      0x821 Core/Src/stm32f7xx_hal_msp.o
 .debug_line    0x0000000000001137      0x89c Core/Src/stm32f7xx_it.o
 .debug_line    0x00000000000019d3      0x741 Core/Src/system_stm32f7xx.o
 .debug_line    0x0000000000002114       0x85 Core/Startup/startup_stm32f746nghx.o
 .debug_line    0x0000000000002199      0x950 Drivers/STM32F7xx_HAL_Driver/Src/stm32f7xx_hal.o
 .debug_line    0x0000000000002ae9      0xa51 Drivers/STM32F7xx_HAL_Driver/Src/stm32f7xx_hal_cortex.o
 .debug_line    0x000000000000353a      0x87e Drivers/STM32F7xx_HAL_Driver/Src/stm32f7xx_hal_crc.o
 .debug_line    0x0000000000003db8      0x78c Drivers/STM32F7xx_HAL_Driver/Src/stm32f7xx_hal_crc_ex.o
 .debug_line    0x0000000000004544      0x9fc Drivers/STM32F7xx_HAL_Driver/Src/stm32f7xx_hal_dma.o
 .debug_line    0x0000000000004f40      0xc89 Drivers/STM32F7xx_HAL_Driver/Src/stm32f7xx_hal_dma2d.o
 .debug_line    0x0000000000005bc9      0x935 Drivers/STM32F7xx_HAL_Driver/Src/stm32f7xx_hal_gpio.o
 .debug_line    0x00000000000064fe     0x1aac Drivers/STM32F7xx_HAL_Driver/Src/stm32f7xx_hal_i2c.o
 .debug_line    0x0000000000007faa     0x1000 Drivers/STM32F7xx_HAL_Driver/Src/stm32f7xx_hal_ltdc.o
 .debug_line    0x0000000000008faa      0x871 Drivers/STM32F7xx_HAL_Driver/Src/stm32f7xx_hal_pwr_ex.o
 .debug_line    0x000000000000981b      0x9c6 Drivers/STM32F7xx_HAL_Driver/Src/stm32f7xx_hal_rcc.o
 .debug_line    0x000000000000a1e1      0x938 Drivers/STM32F7xx_HAL_Driver/Src/stm32f7xx_hal_rcc_ex.o
 .debug_line    0x000000000000ab19      0xa80 Drivers/STM32F7xx_HAL_Driver/Src/stm32f7xx_hal_sdram.o
 .debug_line    0x000000000000b599      0x9d8 Drivers/STM32F7xx_HAL_Driver/Src/stm32f7xx_ll_fmc.o
 .debug_line    0x000000000000bf71      0x35c GUI files/font24.o
 .debug_line    0x000000000000c2cd      0x51a GUI files/ft5336.o
 .debug_line    0x000000000000c7e7      0xa38 GUI files/stm32746g_discovery.o
 .debug_line    0x000000000000d21f      0xe2a GUI files/stm32746g_discovery_lcd.o
 .debug_line    0x000000000000e049      0x84f GUI files/stm32746g_discovery_sdram.o
 .debug_line    0x000000000000e898      0x8af GUI files/stm32746g_discovery_ts.o

.debug_str      0x0000000000000000    0xed791
 .debug_str     0x0000000000000000    0xe81e3 Core/Src/main.o
                                      0xe896d (size before relaxing)
 .debug_str     0x00000000000e81e3       0x74 Core/Src/stm32f7xx_hal_msp.o
                                      0xe8547 (size before relaxing)
 .debug_str     0x00000000000e8257      0x2e6 Core/Src/stm32f7xx_it.o
                                      0xe83d0 (size before relaxing)
 .debug_str     0x00000000000e853d       0x70 Core/Src/system_stm32f7xx.o
                                      0xe4e59 (size before relaxing)
 .debug_str     0x00000000000e85ad       0x36 Core/Startup/startup_stm32f746nghx.o
                                         0x8e (size before relaxing)
 .debug_str     0x00000000000e85e3      0x8b9 Drivers/STM32F7xx_HAL_Driver/Src/stm32f7xx_hal.o
                                      0xe570b (size before relaxing)
 .debug_str     0x00000000000e8e9c      0x37c Drivers/STM32F7xx_HAL_Driver/Src/stm32f7xx_hal_cortex.o
                                      0xe57b2 (size before relaxing)
 .debug_str     0x00000000000e9218       0xc5 Drivers/STM32F7xx_HAL_Driver/Src/stm32f7xx_hal_crc.o
                                      0xe4e92 (size before relaxing)
 .debug_str     0x00000000000e92dd       0x82 Drivers/STM32F7xx_HAL_Driver/Src/stm32f7xx_hal_crc_ex.o
                                      0xe4e65 (size before relaxing)
 .debug_str     0x00000000000e935f      0x4e2 Drivers/STM32F7xx_HAL_Driver/Src/stm32f7xx_hal_dma.o
                                      0xe5193 (size before relaxing)
 .debug_str     0x00000000000e9841      0x37d Drivers/STM32F7xx_HAL_Driver/Src/stm32f7xx_hal_dma2d.o
                                      0xe5344 (size before relaxing)
 .debug_str     0x00000000000e9bbe      0x244 Drivers/STM32F7xx_HAL_Driver/Src/stm32f7xx_hal_gpio.o
                                      0xe502f (size before relaxing)
 .debug_str     0x00000000000e9e02      0xf55 Drivers/STM32F7xx_HAL_Driver/Src/stm32f7xx_hal_i2c.o
                                      0xe5f47 (size before relaxing)
 .debug_str     0x00000000000ead57      0x490 Drivers/STM32F7xx_HAL_Driver/Src/stm32f7xx_hal_ltdc.o
                                      0xe53b9 (size before relaxing)
 .debug_str     0x00000000000eb1e7      0x1d1 Drivers/STM32F7xx_HAL_Driver/Src/stm32f7xx_hal_pwr_ex.o
                                      0xe50d3 (size before relaxing)
 .debug_str     0x00000000000eb3b8      0x26d Drivers/STM32F7xx_HAL_Driver/Src/stm32f7xx_hal_rcc.o
                                      0xe5174 (size before relaxing)
 .debug_str     0x00000000000eb625      0x392 Drivers/STM32F7xx_HAL_Driver/Src/stm32f7xx_hal_rcc_ex.o
                                      0xe50fe (size before relaxing)
 .debug_str     0x00000000000eb9b7      0x4ce Drivers/STM32F7xx_HAL_Driver/Src/stm32f7xx_hal_sdram.o
                                      0xe5367 (size before relaxing)
 .debug_str     0x00000000000ebe85      0x477 Drivers/STM32F7xx_HAL_Driver/Src/stm32f7xx_ll_fmc.o
                                      0xe52b7 (size before relaxing)
 .debug_str     0x00000000000ec2fc       0x23 GUI files/font24.o
                                       0x3cc7 (size before relaxing)
 .debug_str     0x00000000000ec31f      0x26c GUI files/ft5336.o
                                       0x531d (size before relaxing)
 .debug_str     0x00000000000ec58b      0x75c GUI files/stm32746g_discovery.o
                                      0xe716d (size before relaxing)
 .debug_str     0x00000000000ecce7      0x794 GUI files/stm32746g_discovery_lcd.o
                                      0xe7bc2 (size before relaxing)
 .debug_str     0x00000000000ed47b      0x153 GUI files/stm32746g_discovery_sdram.o
                                      0xe5dae (size before relaxing)
 .debug_str     0x00000000000ed5ce      0x1c3 GUI files/stm32746g_discovery_ts.o
                                      0xe7bcf (size before relaxing)

.comment        0x0000000000000000       0x7b
 .comment       0x0000000000000000       0x7b Core/Src/main.o
                                         0x7c (size before relaxing)
 .comment       0x000000000000007b       0x7c Core/Src/stm32f7xx_hal_msp.o
 .comment       0x000000000000007b       0x7c Core/Src/stm32f7xx_it.o
 .comment       0x000000000000007b       0x7c Core/Src/system_stm32f7xx.o
 .comment       0x000000000000007b       0x7c Drivers/STM32F7xx_HAL_Driver/Src/stm32f7xx_hal.o
 .comment       0x000000000000007b       0x7c Drivers/STM32F7xx_HAL_Driver/Src/stm32f7xx_hal_cortex.o
 .comment       0x000000000000007b       0x7c Drivers/STM32F7xx_HAL_Driver/Src/stm32f7xx_hal_crc.o
 .comment       0x000000000000007b       0x7c Drivers/STM32F7xx_HAL_Driver/Src/stm32f7xx_hal_crc_ex.o
 .comment       0x000000000000007b       0x7c Drivers/STM32F7xx_HAL_Driver/Src/stm32f7xx_hal_dma.o
 .comment       0x000000000000007b       0x7c Drivers/STM32F7xx_HAL_Driver/Src/stm32f7xx_hal_dma2d.o
 .comment       0x000000000000007b       0x7c Drivers/STM32F7xx_HAL_Driver/Src/stm32f7xx_hal_gpio.o
 .comment       0x000000000000007b       0x7c Drivers/STM32F7xx_HAL_Driver/Src/stm32f7xx_hal_i2c.o
 .comment       0x000000000000007b       0x7c Drivers/STM32F7xx_HAL_Driver/Src/stm32f7xx_hal_ltdc.o
 .comment       0x000000000000007b       0x7c Drivers/STM32F7xx_HAL_Driver/Src/stm32f7xx_hal_pwr_ex.o
 .comment       0x000000000000007b       0x7c Drivers/STM32F7xx_HAL_Driver/Src/stm32f7xx_hal_rcc.o
 .comment       0x000000000000007b       0x7c Drivers/STM32F7xx_HAL_Driver/Src/stm32f7xx_hal_rcc_ex.o
 .comment       0x000000000000007b       0x7c Drivers/STM32F7xx_HAL_Driver/Src/stm32f7xx_hal_sdram.o
 .comment       0x000000000000007b       0x7c Drivers/STM32F7xx_HAL_Driver/Src/stm32f7xx_ll_fmc.o
 .comment       0x000000000000007b       0x7c GUI files/font24.o
 .comment       0x000000000000007b       0x7c GUI files/ft5336.o
 .comment       0x000000000000007b       0x7c GUI files/stm32746g_discovery.o
 .comment       0x000000000000007b       0x7c GUI files/stm32746g_discovery_lcd.o
 .comment       0x000000000000007b       0x7c GUI files/stm32746g_discovery_sdram.o
 .comment       0x000000000000007b       0x7c GUI files/stm32746g_discovery_ts.o

.debug_frame    0x0000000000000000     0x45d4
 .debug_frame   0x0000000000000000      0x118 Core/Src/main.o
 .debug_frame   0x0000000000000118       0xd8 Core/Src/stm32f7xx_hal_msp.o
 .debug_frame   0x00000000000001f0      0x128 Core/Src/stm32f7xx_it.o
 .debug_frame   0x0000000000000318       0x58 Core/Src/system_stm32f7xx.o
 .debug_frame   0x0000000000000370      0x3b4 Drivers/STM32F7xx_HAL_Driver/Src/stm32f7xx_hal.o
 .debug_frame   0x0000000000000724      0x498 Drivers/STM32F7xx_HAL_Driver/Src/stm32f7xx_hal_cortex.o
 .debug_frame   0x0000000000000bbc      0x168 Drivers/STM32F7xx_HAL_Driver/Src/stm32f7xx_hal_crc.o
 .debug_frame   0x0000000000000d24       0x88 Drivers/STM32F7xx_HAL_Driver/Src/stm32f7xx_hal_crc_ex.o
 .debug_frame   0x0000000000000dac      0x250 Drivers/STM32F7xx_HAL_Driver/Src/stm32f7xx_hal_dma.o
 .debug_frame   0x0000000000000ffc      0x490 Drivers/STM32F7xx_HAL_Driver/Src/stm32f7xx_hal_dma2d.o
 .debug_frame   0x000000000000148c      0x14c Drivers/STM32F7xx_HAL_Driver/Src/stm32f7xx_hal_gpio.o
 .debug_frame   0x00000000000015d8      0xbbc Drivers/STM32F7xx_HAL_Driver/Src/stm32f7xx_hal_i2c.o
 .debug_frame   0x0000000000002194      0x61c Drivers/STM32F7xx_HAL_Driver/Src/stm32f7xx_hal_ltdc.o
 .debug_frame   0x00000000000027b0      0x1c8 Drivers/STM32F7xx_HAL_Driver/Src/stm32f7xx_hal_pwr_ex.o
 .debug_frame   0x0000000000002978      0x1f4 Drivers/STM32F7xx_HAL_Driver/Src/stm32f7xx_hal_rcc.o
 .debug_frame   0x0000000000002b6c      0x118 Drivers/STM32F7xx_HAL_Driver/Src/stm32f7xx_hal_rcc_ex.o
 .debug_frame   0x0000000000002c84      0x37c Drivers/STM32F7xx_HAL_Driver/Src/stm32f7xx_hal_sdram.o
 .debug_frame   0x0000000000003000      0x37c Drivers/STM32F7xx_HAL_Driver/Src/stm32f7xx_ll_fmc.o
 .debug_frame   0x000000000000337c      0x230 GUI files/ft5336.o
 .debug_frame   0x00000000000035ac      0x4b0 GUI files/stm32746g_discovery.o
 .debug_frame   0x0000000000003a5c      0x840 GUI files/stm32746g_discovery_lcd.o
 .debug_frame   0x000000000000429c      0x168 GUI files/stm32746g_discovery_sdram.o
 .debug_frame   0x0000000000004404      0x124 GUI files/stm32746g_discovery_ts.o
 .debug_frame   0x0000000000004528       0x2c /opt/st/stm32cubeide_1.4.0/plugins/com.st.stm32cube.ide.mcu.externaltools.gnu-tools-for-stm32.7-2018-q2-update.linux64_1.4.0.202007081208/tools/bin/../lib/gcc/arm-none-eabi/7.3.1/../../../../arm-none-eabi/lib/thumb/v7e-m/fpv4-sp/hard/libc_nano.a(lib_a-init.o)
 .debug_frame   0x0000000000004554       0x20 /opt/st/stm32cubeide_1.4.0/plugins/com.st.stm32cube.ide.mcu.externaltools.gnu-tools-for-stm32.7-2018-q2-update.linux64_1.4.0.202007081208/tools/bin/../lib/gcc/arm-none-eabi/7.3.1/../../../../arm-none-eabi/lib/thumb/v7e-m/fpv4-sp/hard/libc_nano.a(lib_a-memset.o)
 .debug_frame   0x0000000000004574       0x2c /opt/st/stm32cubeide_1.4.0/plugins/com.st.stm32cube.ide.mcu.externaltools.gnu-tools-for-stm32.7-2018-q2-update.linux64_1.4.0.202007081208/tools/bin/../lib/gcc/arm-none-eabi/7.3.1/thumb/v7e-m/fpv4-sp/hard/libgcc.a(_aeabi_uldivmod.o)
 .debug_frame   0x00000000000045a0       0x34 /opt/st/stm32cubeide_1.4.0/plugins/com.st.stm32cube.ide.mcu.externaltools.gnu-tools-for-stm32.7-2018-q2-update.linux64_1.4.0.202007081208/tools/bin/../lib/gcc/arm-none-eabi/7.3.1/thumb/v7e-m/fpv4-sp/hard/libgcc.a(_udivmoddi4.o)
